Archive member included to satisfy reference by file (symbol)

c:/program files (x86)/atmel/studio/7.0/toolchain/arm/arm-gnu-toolchain/bin/../lib/gcc/arm-none-eabi/6.3.1/../../../../arm-none-eabi/lib/thumb/v7e-m\libc.a(lib_a-exit.o)
                              c:/program files (x86)/atmel/studio/7.0/toolchain/arm/arm-gnu-toolchain/bin/../lib/gcc/arm-none-eabi/6.3.1/../../../../arm-none-eabi/lib/thumb/v7e-m/crt0.o (exit)
c:/program files (x86)/atmel/studio/7.0/toolchain/arm/arm-gnu-toolchain/bin/../lib/gcc/arm-none-eabi/6.3.1/../../../../arm-none-eabi/lib/thumb/v7e-m\libc.a(lib_a-impure.o)
                              c:/program files (x86)/atmel/studio/7.0/toolchain/arm/arm-gnu-toolchain/bin/../lib/gcc/arm-none-eabi/6.3.1/../../../../arm-none-eabi/lib/thumb/v7e-m\libc.a(lib_a-exit.o) (_global_impure_ptr)
c:/program files (x86)/atmel/studio/7.0/toolchain/arm/arm-gnu-toolchain/bin/../lib/gcc/arm-none-eabi/6.3.1/../../../../arm-none-eabi/lib/thumb/v7e-m\libc.a(lib_a-init.o)
                              c:/program files (x86)/atmel/studio/7.0/toolchain/arm/arm-gnu-toolchain/bin/../lib/gcc/arm-none-eabi/6.3.1/../../../../arm-none-eabi/lib/thumb/v7e-m/crt0.o (__libc_init_array)
c:/program files (x86)/atmel/studio/7.0/toolchain/arm/arm-gnu-toolchain/bin/../lib/gcc/arm-none-eabi/6.3.1/../../../../arm-none-eabi/lib/thumb/v7e-m\libc.a(lib_a-iprintf.o)
                              DanLib/WM8904_Driver/WM8904_Driver.o (iprintf)
c:/program files (x86)/atmel/studio/7.0/toolchain/arm/arm-gnu-toolchain/bin/../lib/gcc/arm-none-eabi/6.3.1/../../../../arm-none-eabi/lib/thumb/v7e-m\libc.a(lib_a-memset.o)
                              c:/program files (x86)/atmel/studio/7.0/toolchain/arm/arm-gnu-toolchain/bin/../lib/gcc/arm-none-eabi/6.3.1/../../../../arm-none-eabi/lib/thumb/v7e-m/crt0.o (memset)
c:/program files (x86)/atmel/studio/7.0/toolchain/arm/arm-gnu-toolchain/bin/../lib/gcc/arm-none-eabi/6.3.1/../../../../arm-none-eabi/lib/thumb/v7e-m\libc.a(lib_a-vfiprintf.o)
                              c:/program files (x86)/atmel/studio/7.0/toolchain/arm/arm-gnu-toolchain/bin/../lib/gcc/arm-none-eabi/6.3.1/../../../../arm-none-eabi/lib/thumb/v7e-m\libc.a(lib_a-iprintf.o) (_vfiprintf_r)
c:/program files (x86)/atmel/studio/7.0/toolchain/arm/arm-gnu-toolchain/bin/../lib/gcc/arm-none-eabi/6.3.1/../../../../arm-none-eabi/lib/thumb/v7e-m\libc.a(lib_a-wsetup.o)
                              c:/program files (x86)/atmel/studio/7.0/toolchain/arm/arm-gnu-toolchain/bin/../lib/gcc/arm-none-eabi/6.3.1/../../../../arm-none-eabi/lib/thumb/v7e-m\libc.a(lib_a-vfiprintf.o) (__swsetup_r)
c:/program files (x86)/atmel/studio/7.0/toolchain/arm/arm-gnu-toolchain/bin/../lib/gcc/arm-none-eabi/6.3.1/../../../../arm-none-eabi/lib/thumb/v7e-m\libc.a(lib_a-__call_atexit.o)
                              c:/program files (x86)/atmel/studio/7.0/toolchain/arm/arm-gnu-toolchain/bin/../lib/gcc/arm-none-eabi/6.3.1/../../../../arm-none-eabi/lib/thumb/v7e-m\libc.a(lib_a-exit.o) (__call_exitprocs)
c:/program files (x86)/atmel/studio/7.0/toolchain/arm/arm-gnu-toolchain/bin/../lib/gcc/arm-none-eabi/6.3.1/../../../../arm-none-eabi/lib/thumb/v7e-m\libc.a(lib_a-atexit.o)
                              c:/program files (x86)/atmel/studio/7.0/toolchain/arm/arm-gnu-toolchain/bin/../lib/gcc/arm-none-eabi/6.3.1/../../../../arm-none-eabi/lib/thumb/v7e-m\libc.a(lib_a-__call_atexit.o) (atexit)
c:/program files (x86)/atmel/studio/7.0/toolchain/arm/arm-gnu-toolchain/bin/../lib/gcc/arm-none-eabi/6.3.1/../../../../arm-none-eabi/lib/thumb/v7e-m\libc.a(lib_a-fflush.o)
                              c:/program files (x86)/atmel/studio/7.0/toolchain/arm/arm-gnu-toolchain/bin/../lib/gcc/arm-none-eabi/6.3.1/../../../../arm-none-eabi/lib/thumb/v7e-m\libc.a(lib_a-vfiprintf.o) (_fflush_r)
c:/program files (x86)/atmel/studio/7.0/toolchain/arm/arm-gnu-toolchain/bin/../lib/gcc/arm-none-eabi/6.3.1/../../../../arm-none-eabi/lib/thumb/v7e-m\libc.a(lib_a-findfp.o)
                              c:/program files (x86)/atmel/studio/7.0/toolchain/arm/arm-gnu-toolchain/bin/../lib/gcc/arm-none-eabi/6.3.1/../../../../arm-none-eabi/lib/thumb/v7e-m\libc.a(lib_a-vfiprintf.o) (__sinit)
c:/program files (x86)/atmel/studio/7.0/toolchain/arm/arm-gnu-toolchain/bin/../lib/gcc/arm-none-eabi/6.3.1/../../../../arm-none-eabi/lib/thumb/v7e-m\libc.a(lib_a-fini.o)
                              c:/program files (x86)/atmel/studio/7.0/toolchain/arm/arm-gnu-toolchain/bin/../lib/gcc/arm-none-eabi/6.3.1/../../../../arm-none-eabi/lib/thumb/v7e-m\libc.a(lib_a-__call_atexit.o) (__libc_fini_array)
c:/program files (x86)/atmel/studio/7.0/toolchain/arm/arm-gnu-toolchain/bin/../lib/gcc/arm-none-eabi/6.3.1/../../../../arm-none-eabi/lib/thumb/v7e-m\libc.a(lib_a-fputwc.o)
                              c:/program files (x86)/atmel/studio/7.0/toolchain/arm/arm-gnu-toolchain/bin/../lib/gcc/arm-none-eabi/6.3.1/../../../../arm-none-eabi/lib/thumb/v7e-m\libc.a(lib_a-vfiprintf.o) (_fputwc_r)
[...]
Memory Configuration

Name             Origin             Length             Attributes
rom              0x00400000         0x00200000         xr
ram              0x20400000         0x00060000         xrw
*default*        0x00000000         0xffffffff

Linker script and memory map

LOAD c:/program files (x86)/atmel/studio/7.0/toolchain/arm/arm-gnu-toolchain/bin/../lib/gcc/arm-none-eabi/6.3.1/thumb/v7e-m/crti.o
LOAD c:/program files (x86)/atmel/studio/7.0/toolchain/arm/arm-gnu-toolchain/bin/../lib/gcc/arm-none-eabi/6.3.1/thumb/v7e-m/crtbegin.o
LOAD c:/program files (x86)/atmel/studio/7.0/toolchain/arm/arm-gnu-toolchain/bin/../lib/gcc/arm-none-eabi/6.3.1/../../../../arm-none-eabi/lib/thumb/v7e-m/crt0.o
LOAD DanLib/DMA/DMA_Audio.o
LOAD DanLib/WM8904_Driver/WM8904_Driver.o
LOAD src/ASF/common/services/delay/sam/cycle_counter.o
LOAD src/ASF/common/services/serial/usart_serial.o
LOAD src/ASF/common/utils/stdio/read.o
LOAD src/ASF/common/utils/stdio/write.o
LOAD src/ASF/sam/components/audio/codec/wm8904/wm8904.o
LOAD src/ASF/sam/drivers/ssc/ssc.o
LOAD src/ASF/sam/drivers/twihs/twihs.o
LOAD src/ASF/sam/drivers/uart/uart.o
LOAD src/ASF/sam/drivers/usart/usart.o
LOAD src/ASF/sam/drivers/xdmac/xdmac.o
LOAD src/ASF/common/services/clock/samv71/sysclk.o
LOAD src/ASF/common/utils/interrupt/interrupt_sam_nvic.o
LOAD src/ASF/sam/boards/samv71_xplained_ultra/init.o
LOAD src/ASF/sam/drivers/mpu/mpu.o
LOAD src/ASF/sam/drivers/pio/pio.o
LOAD src/ASF/sam/drivers/pio/pio_handler.o
LOAD src/ASF/sam/drivers/pmc/pmc.o
LOAD src/ASF/sam/drivers/pmc/sleep.o
LOAD src/ASF/sam/utils/cmsis/samv71/source/templates/gcc/startup_samv71.o
LOAD src/ASF/sam/utils/cmsis/samv71/source/templates/system_samv71.o
LOAD src/ASF/sam/utils/syscalls/gcc/syscalls.o
LOAD src/main.o
START GROUP
LOAD ../src/ASF/thirdparty/CMSIS/Lib/GCC\libarm_cortexM7lfsp_math_softfp.a
LOAD c:/program files (x86)/atmel/studio/7.0/toolchain/arm/arm-gnu-toolchain/bin/../lib/gcc/arm-none-eabi/6.3.1/../../../../arm-none-eabi/lib/thumb/v7e-m\libm.a
END GROUP
START GROUP
LOAD c:/program files (x86)/atmel/studio/7.0/toolchain/arm/arm-gnu-toolchain/bin/../lib/gcc/arm-none-eabi/6.3.1/thumb/v7e-m\libgcc.a
LOAD c:/program files (x86)/atmel/studio/7.0/toolchain/arm/arm-gnu-toolchain/bin/../lib/gcc/arm-none-eabi/6.3.1/../../../../arm-none-eabi/lib/thumb/v7e-m\libc.a
END GROUP
LOAD c:/program files (x86)/atmel/studio/7.0/toolchain/arm/arm-gnu-toolchain/bin/../lib/gcc/arm-none-eabi/6.3.1/thumb/v7e-m/crtend.o
LOAD c:/program files (x86)/atmel/studio/7.0/toolchain/arm/arm-gnu-toolchain/bin/../lib/gcc/arm-none-eabi/6.3.1/thumb/v7e-m/crtn.o
                0x00002000                STACK_SIZE = DEFINED (STACK_SIZE)?STACK_SIZE:0x2000
                0x2045fffc                __ram_end__ = ((ORIGIN (ram) + LENGTH (ram)) - 0x4)
                0x00000200                HEAP_SIZE = DEFINED (HEAP_SIZE)?HEAP_SIZE:0x200

.text           0x00400000     0x438c
                0x00400000                . = ALIGN (0x4)
                0x00400000                _sfixed = .
 *(.vectors .vectors.*)
 .vectors       0x00400000      0x140 src/ASF/sam/utils/cmsis/samv71/source/templates/gcc/startup_samv71.o
                0x00400000                exception_table
 *(.text .text.* .gnu.linkonce.t.*)
 .text          0x00400140       0x6c c:/program files (x86)/atmel/studio/7.0/toolchain/arm/arm-gnu-toolchain/bin/../lib/gcc/arm-none-eabi/6.3.1/thumb/v7e-m/crtbegin.o
 .text.XDMAC_Handler
                0x004001ac       0x88 DanLib/DMA/DMA_Audio.o
                0x004001ac                XDMAC_Handler
 .text.configure_xdma
                0x00400234       0xec DanLib/DMA/DMA_Audio.o
                0x00400234                configure_xdma
 .text.configure_ssc
                0x00400320       0xb8 DanLib/WM8904_Driver/WM8904_Driver.o
                0x00400320                configure_ssc
 .text.configure_codec
                0x004003d8      0x128 DanLib/WM8904_Driver/WM8904_Driver.o
                0x004003d8                configure_codec
 .text._read    0x00400500       0x3c src/ASF/common/utils/stdio/read.o
                0x00400500                _read
 .text._write   0x0040053c       0x50 src/ASF/common/utils/stdio/write.o
                0x0040053c                _write
 .text.wm8904_write_register
                0x0040058c       0x3c src/ASF/sam/components/audio/codec/wm8904/wm8904.o
                0x0040058c                wm8904_write_register
 .text.wm8904_read_register
                0x004005c8       0x3c src/ASF/sam/components/audio/codec/wm8904/wm8904.o
                0x004005c8                wm8904_read_register
 .text.wm8904_twi_init
                0x00400604       0x78 src/ASF/sam/components/audio/codec/wm8904/wm8904.o
                0x00400604                wm8904_twi_init
 .text.ssc_reset
                0x0040067c       0x14 src/ASF/sam/drivers/ssc/ssc.o
                0x0040067c                ssc_reset
 .text.ssc_enable_rx
                0x00400690        0x6 src/ASF/sam/drivers/ssc/ssc.o
                0x00400690                ssc_enable_rx
 .text.ssc_disable_rx
                0x00400696        0x6 src/ASF/sam/drivers/ssc/ssc.o
                0x00400696                ssc_disable_rx
 .text.ssc_enable_tx
                0x0040069c        0x8 src/ASF/sam/drivers/ssc/ssc.o
                0x0040069c                ssc_enable_tx
 .text.ssc_disable_tx
                0x004006a4        0x8 src/ASF/sam/drivers/ssc/ssc.o
                0x004006a4                ssc_disable_tx
 .text.ssc_set_receiver
                0x004006ac       0x74 src/ASF/sam/drivers/ssc/ssc.o
                0x004006ac                ssc_set_receiver
 .text.ssc_set_transmitter
                0x00400720       0x74 src/ASF/sam/drivers/ssc/ssc.o
                0x00400720                ssc_set_transmitter
 .text.ssc_disable_interrupt
                0x00400794        0x4 src/ASF/sam/drivers/ssc/ssc.o
                0x00400794                ssc_disable_interrupt
 .text.twihs_set_speed
                0x00400798       0xb0 src/ASF/sam/drivers/twihs/twihs.o
                0x00400798                twihs_set_speed
 .text.twihs_master_init
                0x00400848       0x34 src/ASF/sam/drivers/twihs/twihs.o
                0x00400848                twihs_master_init
 .text.twihs_master_read
                0x0040087c       0xac src/ASF/sam/drivers/twihs/twihs.o
                0x0040087c                twihs_master_read
 .text.twihs_master_write
                0x00400928       0xa0 src/ASF/sam/drivers/twihs/twihs.o
                0x00400928                twihs_master_write
 .text.xdmac_configure_transfer
                0x004009c8       0x3c src/ASF/sam/drivers/xdmac/xdmac.o
                0x004009c8                xdmac_configure_transfer
 .text.sysclk_init
                0x00400a04       0x70 src/ASF/common/services/clock/samv71/sysclk.o
                0x00400a04                sysclk_init
 .text.board_init
                0x00400a74      0x158 src/ASF/sam/boards/samv71_xplained_ultra/init.o
                0x00400a74                board_init
 .text.pio_set_peripheral
                0x00400bcc       0x92 src/ASF/sam/drivers/pio/pio.o
                0x00400bcc                pio_set_peripheral
 .text.pio_set_input
                0x00400c5e       0x36 src/ASF/sam/drivers/pio/pio.o
                0x00400c5e                pio_set_input
 .text.pio_set_output
                0x00400c94       0x28 src/ASF/sam/drivers/pio/pio.o
                0x00400c94                pio_set_output
 .text.pio_get_interrupt_status
                0x00400cbc        0x4 src/ASF/sam/drivers/pio/pio.o
                0x00400cbc                pio_get_interrupt_status
 .text.pio_get_interrupt_mask
                0x00400cc0        0x4 src/ASF/sam/drivers/pio/pio.o
                0x00400cc0                pio_get_interrupt_mask
 .text.pio_configure_pin
                0x00400cc4      0x130 src/ASF/sam/drivers/pio/pio.o
                0x00400cc4                pio_configure_pin
 .text.pio_handler_process
                0x00400df4       0x50 src/ASF/sam/drivers/pio/pio_handler.o
                0x00400df4                pio_handler_process
 .text.PIOA_Handler
                0x00400e44       0x14 src/ASF/sam/drivers/pio/pio_handler.o
                0x00400e44                PIOA_Handler
 .text.PIOB_Handler
                0x00400e58       0x14 src/ASF/sam/drivers/pio/pio_handler.o
                0x00400e58                PIOB_Handler
 .text.PIOC_Handler
                0x00400e6c       0x14 src/ASF/sam/drivers/pio/pio_handler.o
                0x00400e6c                PIOC_Handler
 .text.PIOD_Handler
                0x00400e80       0x14 src/ASF/sam/drivers/pio/pio_handler.o
                0x00400e80                PIOD_Handler
 .text.PIOE_Handler
                0x00400e94       0x14 src/ASF/sam/drivers/pio/pio_handler.o
                0x00400e94                PIOE_Handler
 .text.pmc_mck_set_division
                0x00400ea8       0x38 src/ASF/sam/drivers/pmc/pmc.o
                0x00400ea8                pmc_mck_set_division
 .text.pmc_switch_mck_to_pllack
                0x00400ee0       0x64 src/ASF/sam/drivers/pmc/pmc.o
                0x00400ee0                pmc_switch_mck_to_pllack
 .text.pmc_switch_mainck_to_xtal
                0x00400f44       0x54 src/ASF/sam/drivers/pmc/pmc.o
                0x00400f44                pmc_switch_mainck_to_xtal
 .text.pmc_osc_is_ready_mainck
                0x00400f98       0x10 src/ASF/sam/drivers/pmc/pmc.o
                0x00400f98                pmc_osc_is_ready_mainck
 .text.pmc_disable_pllack
                0x00400fa8       0x10 src/ASF/sam/drivers/pmc/pmc.o
                0x00400fa8                pmc_disable_pllack
 .text.pmc_is_locked_pllack
                0x00400fb8       0x10 src/ASF/sam/drivers/pmc/pmc.o
                0x00400fb8                pmc_is_locked_pllack
 .text.pmc_enable_periph_clk
                0x00400fc8       0x54 src/ASF/sam/drivers/pmc/pmc.o
                0x00400fc8                pmc_enable_periph_clk
 .text.pmc_pck_set_prescaler
                0x0040101c       0x2c src/ASF/sam/drivers/pmc/pmc.o
                0x0040101c                pmc_pck_set_prescaler
 .text.pmc_pck_set_source
                0x00401048       0x2c src/ASF/sam/drivers/pmc/pmc.o
                0x00401048                pmc_pck_set_source
 .text.pmc_enable_pck
                0x00401074       0x14 src/ASF/sam/drivers/pmc/pmc.o
                0x00401074                pmc_enable_pck
 .text.Dummy_Handler
                0x00401088        0x2 src/ASF/sam/utils/cmsis/samv71/source/templates/gcc/startup_samv71.o
                0x00401088                DACC_Handler
                0x00401088                DebugMon_Handler
                0x00401088                UART3_Handler
                0x00401088                UART2_Handler
                0x00401088                TRNG_Handler
                0x00401088                TC2_Handler
                0x00401088                SysTick_Handler
                0x00401088                AFEC1_Handler
                0x00401088                PendSV_Handler
                0x00401088                NMI_Handler
                0x00401088                TC7_Handler
                0x00401088                QSPI_Handler
                0x00401088                ISI_Handler
                0x00401088                TC9_Handler
                0x00401088                RSWDT_Handler
                0x00401088                MCAN1_Handler
                0x00401088                USART0_Handler
                0x00401088                RTT_Handler
                0x00401088                USBHS_Handler
                0x00401088                RTC_Handler
                0x00401088                UsageFault_Handler
                0x00401088                TC6_Handler
                0x00401088                WDT_Handler
                0x00401088                TC4_Handler
                0x00401088                TC1_Handler
                0x00401088                HSMCI_Handler
                0x00401088                UART1_Handler
                0x00401088                TC3_Handler
                0x00401088                Dummy_Handler
                0x00401088                TWIHS1_Handler
                0x00401088                UART4_Handler
                0x00401088                PWM1_Handler
                0x00401088                USART1_Handler
                0x00401088                PWM0_Handler
                0x00401088                AFEC0_Handler
                0x00401088                SSC_Handler
                0x00401088                TC11_Handler
                0x00401088                ACC_Handler
                0x00401088                PMC_Handler
                0x00401088                GMAC_Handler
                0x00401088                MemManage_Handler
                0x00401088                SUPC_Handler
                0x00401088                SVC_Handler
                0x00401088                TC8_Handler
                0x00401088                EFC_Handler
                0x00401088                USART2_Handler
                0x00401088                SDRAMC_Handler
                0x00401088                SPI1_Handler
                0x00401088                MCAN0_Handler
                0x00401088                TC10_Handler
                0x00401088                TWIHS2_Handler
                0x00401088                MLB_Handler
                0x00401088                UART0_Handler
                0x00401088                BusFault_Handler
                0x00401088                RSTC_Handler
                0x00401088                TC0_Handler
                0x00401088                TC5_Handler
                0x00401088                ICM_Handler
                0x00401088                AES_Handler
                0x00401088                TWIHS0_Handler
                0x00401088                SPI0_Handler
 .text.Dummy_Handler2
                0x0040108a        0x2 src/ASF/sam/utils/cmsis/samv71/source/templates/gcc/startup_samv71.o
                0x0040108a                Dummy_Handler2
                0x0040108a                HardFault_Handler
 .text.Reset_Handler
                0x0040108c       0xc8 src/ASF/sam/utils/cmsis/samv71/source/templates/gcc/startup_samv71.o
                0x0040108c                Reset_Handler
 .text.SystemCoreClockUpdate
                0x00401154      0x10c src/ASF/sam/utils/cmsis/samv71/source/templates/system_samv71.o
                0x00401154                SystemCoreClockUpdate
 .text.system_init_flash
                0x00401260       0x8c src/ASF/sam/utils/cmsis/samv71/source/templates/system_samv71.o
                0x00401260                system_init_flash
 .text._sbrk    0x004012ec       0x38 src/ASF/sam/utils/syscalls/gcc/syscalls.o
                0x004012ec                _sbrk
 .text._close   0x00401324        0x6 src/ASF/sam/utils/syscalls/gcc/syscalls.o
                0x00401324                _close
 .text._fstat   0x0040132a        0xa src/ASF/sam/utils/syscalls/gcc/syscalls.o
                0x0040132a                _fstat
 .text._isatty  0x00401334        0x4 src/ASF/sam/utils/syscalls/gcc/syscalls.o
                0x00401334                _isatty
 .text._lseek   0x00401338        0x4 src/ASF/sam/utils/syscalls/gcc/syscalls.o
                0x00401338                _lseek
 .text.main     0x0040133c       0xc8 src/main.o
                0x0040133c                main
 .text.__libc_init_array
                0x00401404       0x50 c:/program files (x86)/atmel/studio/7.0/toolchain/arm/arm-gnu-toolchain/bin/../lib/gcc/arm-none-eabi/6.3.1/../../../../arm-none-eabi/lib/thumb/v7e-m\libc.a(lib_a-init.o)
                0x00401404                __libc_init_array
 .text.iprintf  0x00401454       0x28 c:/program files (x86)/atmel/studio/7.0/toolchain/arm/arm-gnu-toolchain/bin/../lib/gcc/arm-none-eabi/6.3.1/../../../../arm-none-eabi/lib/thumb/v7e-m\libc.a(lib_a-iprintf.o)
                0x00401454                iprintf
 .text.memset   0x0040147c       0x9c c:/program files (x86)/atmel/studio/7.0/toolchain/arm/arm-gnu-toolchain/bin/../lib/gcc/arm-none-eabi/6.3.1/../../../../arm-none-eabi/lib/thumb/v7e-m\libc.a(lib_a-memset.o)
                0x0040147c                memset
 .text.__sprint_r.part.0
                0x00401518       0x80 c:/program files (x86)/atmel/studio/7.0/toolchain/arm/arm-gnu-toolchain/bin/../lib/gcc/arm-none-eabi/6.3.1/../../../../arm-none-eabi/lib/thumb/v7e-m\libc.a(lib_a-vfiprintf.o)
 .text._vfiprintf_r
                0x00401598      0xc90 c:/program files (x86)/atmel/studio/7.0/toolchain/arm/arm-gnu-toolchain/bin/../lib/gcc/arm-none-eabi/6.3.1/../../../../arm-none-eabi/lib/thumb/v7e-m\libc.a(lib_a-vfiprintf.o)
                0x00401598                _vfiprintf_r
 .text.__sbprintf
                0x00402228       0x84 c:/program files (x86)/atmel/studio/7.0/toolchain/arm/arm-gnu-toolchain/bin/../lib/gcc/arm-none-eabi/6.3.1/../../../../arm-none-eabi/lib/thumb/v7e-m\libc.a(lib_a-vfiprintf.o)
 .text.__swsetup_r
                0x004022ac       0xc8 c:/program files (x86)/atmel/studio/7.0/toolchain/arm/arm-gnu-toolchain/bin/../lib/gcc/arm-none-eabi/6.3.1/../../../../arm-none-eabi/lib/thumb/v7e-m\libc.a(lib_a-wsetup.o)
                0x004022ac                __swsetup_r
 .text.startup.register_fini
                0x00402374       0x14 c:/program files (x86)/atmel/studio/7.0/toolchain/arm/arm-gnu-toolchain/bin/../lib/gcc/arm-none-eabi/6.3.1/../../../../arm-none-eabi/lib/thumb/v7e-m\libc.a(lib_a-__call_atexit.o)
 .text.atexit   0x00402388        0xc c:/program files (x86)/atmel/studio/7.0/toolchain/arm/arm-gnu-toolchain/bin/../lib/gcc/arm-none-eabi/6.3.1/../../../../arm-none-eabi/lib/thumb/v7e-m\libc.a(lib_a-atexit.o)
                0x00402388                atexit
 .text.__sflush_r
                0x00402394      0x140 c:/program files (x86)/atmel/studio/7.0/toolchain/arm/arm-gnu-toolchain/bin/../lib/gcc/arm-none-eabi/6.3.1/../../../../arm-none-eabi/lib/thumb/v7e-m\libc.a(lib_a-fflush.o)
                0x00402394                __sflush_r
 .text._fflush_r
                0x004024d4       0x54 c:/program files (x86)/atmel/studio/7.0/toolchain/arm/arm-gnu-toolchain/bin/../lib/gcc/arm-none-eabi/6.3.1/../../../../arm-none-eabi/lib/thumb/v7e-m\libc.a(lib_a-fflush.o)
                0x004024d4                _fflush_r
 .text._cleanup_r
                0x00402528        0xc c:/program files (x86)/atmel/studio/7.0/toolchain/arm/arm-gnu-toolchain/bin/../lib/gcc/arm-none-eabi/6.3.1/../../../../arm-none-eabi/lib/thumb/v7e-m\libc.a(lib_a-findfp.o)
                0x00402528                _cleanup_r
 .text.std.isra.0
                0x00402534       0x50 c:/program files (x86)/atmel/studio/7.0/toolchain/arm/arm-gnu-toolchain/bin/../lib/gcc/arm-none-eabi/6.3.1/../../../../arm-none-eabi/lib/thumb/v7e-m\libc.a(lib_a-findfp.o)
 .text.__sinit  0x00402584       0x58 c:/program files (x86)/atmel/studio/7.0/toolchain/arm/arm-gnu-toolchain/bin/../lib/gcc/arm-none-eabi/6.3.1/../../../../arm-none-eabi/lib/thumb/v7e-m\libc.a(lib_a-findfp.o)
                0x00402584                __sinit
 .text.__sfp_lock_acquire
                0x004025dc        0xc c:/program files (x86)/atmel/studio/7.0/toolchain/arm/arm-gnu-toolchain/bin/../lib/gcc/arm-none-eabi/6.3.1/../../../../arm-none-eabi/lib/thumb/v7e-m\libc.a(lib_a-findfp.o)
                0x004025dc                __sfp_lock_acquire
 .text.__sfp_lock_release
                0x004025e8        0xc c:/program files (x86)/atmel/studio/7.0/toolchain/arm/arm-gnu-toolchain/bin/../lib/gcc/arm-none-eabi/6.3.1/../../../../arm-none-eabi/lib/thumb/v7e-m\libc.a(lib_a-findfp.o)
                0x004025e8                __sfp_lock_release
 .text.__libc_fini_array
                0x004025f4       0x34 c:/program files (x86)/atmel/studio/7.0/toolchain/arm/arm-gnu-toolchain/bin/../lib/gcc/arm-none-eabi/6.3.1/../../../../arm-none-eabi/lib/thumb/v7e-m\libc.a(lib_a-fini.o)
                0x004025f4                __libc_fini_array
 .text.__fputwc
                0x00402628       0xa0 c:/program files (x86)/atmel/studio/7.0/toolchain/arm/arm-gnu-toolchain/bin/../lib/gcc/arm-none-eabi/6.3.1/../../../../arm-none-eabi/lib/thumb/v7e-m\libc.a(lib_a-fputwc.o)
                0x00402628                __fputwc
 .text._fputwc_r
                0x004026c8       0x68 c:/program files (x86)/atmel/studio/7.0/toolchain/arm/arm-gnu-toolchain/bin/../lib/gcc/arm-none-eabi/6.3.1/../../../../arm-none-eabi/lib/thumb/v7e-m\libc.a(lib_a-fputwc.o)
                0x004026c8                _fputwc_r
 .text._malloc_trim_r
                0x00402730       0xa0 c:/program files (x86)/atmel/studio/7.0/toolchain/arm/arm-gnu-toolchain/bin/../lib/gcc/arm-none-eabi/6.3.1/../../../../arm-none-eabi/lib/thumb/v7e-m\libc.a(lib_a-freer.o)
                0x00402730                _malloc_trim_r
 .text._free_r  0x004027d0      0x1cc c:/program files (x86)/atmel/studio/7.0/toolchain/arm/arm-gnu-toolchain/bin/../lib/gcc/arm-none-eabi/6.3.1/../../../../arm-none-eabi/lib/thumb/v7e-m\libc.a(lib_a-freer.o)
                0x004027d0                _free_r
 .text.__sfvwrite_r
                0x0040299c      0x2f0 c:/program files (x86)/atmel/studio/7.0/toolchain/arm/arm-gnu-toolchain/bin/../lib/gcc/arm-none-eabi/6.3.1/../../../../arm-none-eabi/lib/thumb/v7e-m\libc.a(lib_a-fvwrite.o)
                0x0040299c                __sfvwrite_r
 .text._fwalk_reent
                0x00402c8c       0x54 c:/program files (x86)/atmel/studio/7.0/toolchain/arm/arm-gnu-toolchain/bin/../lib/gcc/arm-none-eabi/6.3.1/../../../../arm-none-eabi/lib/thumb/v7e-m\libc.a(lib_a-fwalk.o)
                0x00402c8c                _fwalk_reent
 .text.__locale_mb_cur_max
                0x00402ce0       0x1c c:/program files (x86)/atmel/studio/7.0/toolchain/arm/arm-gnu-toolchain/bin/../lib/gcc/arm-none-eabi/6.3.1/../../../../arm-none-eabi/lib/thumb/v7e-m\libc.a(lib_a-locale.o)
                0x00402ce0                __locale_mb_cur_max
 .text.__retarget_lock_init_recursive
                0x00402cfc        0x4 c:/program files (x86)/atmel/studio/7.0/toolchain/arm/arm-gnu-toolchain/bin/../lib/gcc/arm-none-eabi/6.3.1/../../../../arm-none-eabi/lib/thumb/v7e-m\libc.a(lib_a-lock.o)
                0x00402cfc                __retarget_lock_init_recursive
 .text.__retarget_lock_close_recursive
                0x00402d00        0x4 c:/program files (x86)/atmel/studio/7.0/toolchain/arm/arm-gnu-toolchain/bin/../lib/gcc/arm-none-eabi/6.3.1/../../../../arm-none-eabi/lib/thumb/v7e-m\libc.a(lib_a-lock.o)
                0x00402d00                __retarget_lock_close_recursive
 .text.__retarget_lock_acquire_recursive
                0x00402d04        0x4 c:/program files (x86)/atmel/studio/7.0/toolchain/arm/arm-gnu-toolchain/bin/../lib/gcc/arm-none-eabi/6.3.1/../../../../arm-none-eabi/lib/thumb/v7e-m\libc.a(lib_a-lock.o)
                0x00402d04                __retarget_lock_acquire_recursive
 .text.__retarget_lock_release_recursive
                0x00402d08        0x4 c:/program files (x86)/atmel/studio/7.0/toolchain/arm/arm-gnu-toolchain/bin/../lib/gcc/arm-none-eabi/6.3.1/../../../../arm-none-eabi/lib/thumb/v7e-m\libc.a(lib_a-lock.o)
                0x00402d08                __retarget_lock_release_recursive
 .text.__swhatbuf_r
                0x00402d0c       0x5c c:/program files (x86)/atmel/studio/7.0/toolchain/arm/arm-gnu-toolchain/bin/../lib/gcc/arm-none-eabi/6.3.1/../../../../arm-none-eabi/lib/thumb/v7e-m\libc.a(lib_a-makebuf.o)
                0x00402d0c                __swhatbuf_r
 .text.__smakebuf_r
                0x00402d68       0x94 c:/program files (x86)/atmel/studio/7.0/toolchain/arm/arm-gnu-toolchain/bin/../lib/gcc/arm-none-eabi/6.3.1/../../../../arm-none-eabi/lib/thumb/v7e-m\libc.a(lib_a-makebuf.o)
                0x00402d68                __smakebuf_r
 .text._malloc_r
                0x00402dfc      0x560 c:/program files (x86)/atmel/studio/7.0/toolchain/arm/arm-gnu-toolchain/bin/../lib/gcc/arm-none-eabi/6.3.1/../../../../arm-none-eabi/lib/thumb/v7e-m\libc.a(lib_a-mallocr.o)
                0x00402dfc                _malloc_r
 .text.__ascii_mbtowc
                0x0040335c       0x2c c:/program files (x86)/atmel/studio/7.0/toolchain/arm/arm-gnu-toolchain/bin/../lib/gcc/arm-none-eabi/6.3.1/../../../../arm-none-eabi/lib/thumb/v7e-m\libc.a(lib_a-mbtowc_r.o)
                0x0040335c                __ascii_mbtowc
 *fill*         0x00403388        0x8 
 .text          0x00403390       0xa0 c:/program files (x86)/atmel/studio/7.0/toolchain/arm/arm-gnu-toolchain/bin/../lib/gcc/arm-none-eabi/6.3.1/../../../../arm-none-eabi/lib/thumb/v7e-m\libc.a(lib_a-memchr.o)
                0x00403390                memchr
 .text          0x00403430      0x134 c:/program files (x86)/atmel/studio/7.0/toolchain/arm/arm-gnu-toolchain/bin/../lib/gcc/arm-none-eabi/6.3.1/../../../../arm-none-eabi/lib/thumb/v7e-m\libc.a(lib_a-memcpy.o)
                0x00403430                memcpy
 .text.memmove  0x00403564       0xc8 c:/program files (x86)/atmel/studio/7.0/toolchain/arm/arm-gnu-toolchain/bin/../lib/gcc/arm-none-eabi/6.3.1/../../../../arm-none-eabi/lib/thumb/v7e-m\libc.a(lib_a-memmove.o)
                0x00403564                memmove
 .text.__malloc_lock
                0x0040362c        0xc c:/program files (x86)/atmel/studio/7.0/toolchain/arm/arm-gnu-toolchain/bin/../lib/gcc/arm-none-eabi/6.3.1/../../../../arm-none-eabi/lib/thumb/v7e-m\libc.a(lib_a-mlock.o)
                0x0040362c                __malloc_lock
 .text.__malloc_unlock
                0x00403638        0xc c:/program files (x86)/atmel/studio/7.0/toolchain/arm/arm-gnu-toolchain/bin/../lib/gcc/arm-none-eabi/6.3.1/../../../../arm-none-eabi/lib/thumb/v7e-m\libc.a(lib_a-mlock.o)
                0x00403638                __malloc_unlock
 .text._realloc_r
                0x00403644      0x34c c:/program files (x86)/atmel/studio/7.0/toolchain/arm/arm-gnu-toolchain/bin/../lib/gcc/arm-none-eabi/6.3.1/../../../../arm-none-eabi/lib/thumb/v7e-m\libc.a(lib_a-reallocr.o)
                0x00403644                _realloc_r
 .text._sbrk_r  0x00403990       0x24 c:/program files (x86)/atmel/studio/7.0/toolchain/arm/arm-gnu-toolchain/bin/../lib/gcc/arm-none-eabi/6.3.1/../../../../arm-none-eabi/lib/thumb/v7e-m\libc.a(lib_a-sbrkr.o)
                0x00403990                _sbrk_r
 .text.__sread  0x004039b4       0x24 c:/program files (x86)/atmel/studio/7.0/toolchain/arm/arm-gnu-toolchain/bin/../lib/gcc/arm-none-eabi/6.3.1/../../../../arm-none-eabi/lib/thumb/v7e-m\libc.a(lib_a-stdio.o)
                0x004039b4                __sread
 .text.__swrite
                0x004039d8       0x3c c:/program files (x86)/atmel/studio/7.0/toolchain/arm/arm-gnu-toolchain/bin/../lib/gcc/arm-none-eabi/6.3.1/../../../../arm-none-eabi/lib/thumb/v7e-m\libc.a(lib_a-stdio.o)
                0x004039d8                __swrite
 .text.__sseek  0x00403a14       0x20 c:/program files (x86)/atmel/studio/7.0/toolchain/arm/arm-gnu-toolchain/bin/../lib/gcc/arm-none-eabi/6.3.1/../../../../arm-none-eabi/lib/thumb/v7e-m\libc.a(lib_a-stdio.o)
                0x00403a14                __sseek
 .text.__sclose
                0x00403a34        0x8 c:/program files (x86)/atmel/studio/7.0/toolchain/arm/arm-gnu-toolchain/bin/../lib/gcc/arm-none-eabi/6.3.1/../../../../arm-none-eabi/lib/thumb/v7e-m\libc.a(lib_a-stdio.o)
                0x00403a34                __sclose
 *fill*         0x00403a3c        0x4 
 .text          0x00403a40       0xdc c:/program files (x86)/atmel/studio/7.0/toolchain/arm/arm-gnu-toolchain/bin/../lib/gcc/arm-none-eabi/6.3.1/../../../../arm-none-eabi/lib/thumb/v7e-m\libc.a(lib_a-strlen.o)
                0x00403a40                strlen
 .text.__swbuf_r
                0x00403b1c       0xb0 c:/program files (x86)/atmel/studio/7.0/toolchain/arm/arm-gnu-toolchain/bin/../lib/gcc/arm-none-eabi/6.3.1/../../../../arm-none-eabi/lib/thumb/v7e-m\libc.a(lib_a-wbuf.o)
                0x00403b1c                __swbuf_r
 .text._wcrtomb_r
                0x00403bcc       0x54 c:/program files (x86)/atmel/studio/7.0/toolchain/arm/arm-gnu-toolchain/bin/../lib/gcc/arm-none-eabi/6.3.1/../../../../arm-none-eabi/lib/thumb/v7e-m\libc.a(lib_a-wcrtomb.o)
                0x00403bcc                _wcrtomb_r
 .text.__ascii_wctomb
                0x00403c20       0x1c c:/program files (x86)/atmel/studio/7.0/toolchain/arm/arm-gnu-toolchain/bin/../lib/gcc/arm-none-eabi/6.3.1/../../../../arm-none-eabi/lib/thumb/v7e-m\libc.a(lib_a-wctomb_r.o)
                0x00403c20                __ascii_wctomb
 .text._write_r
                0x00403c3c       0x2c c:/program files (x86)/atmel/studio/7.0/toolchain/arm/arm-gnu-toolchain/bin/../lib/gcc/arm-none-eabi/6.3.1/../../../../arm-none-eabi/lib/thumb/v7e-m\libc.a(lib_a-writer.o)
                0x00403c3c                _write_r
 .text.__register_exitproc
                0x00403c68       0xc4 c:/program files (x86)/atmel/studio/7.0/toolchain/arm/arm-gnu-toolchain/bin/../lib/gcc/arm-none-eabi/6.3.1/../../../../arm-none-eabi/lib/thumb/v7e-m\libc.a(lib_a-__atexit.o)
                0x00403c68                __register_exitproc
 .text._close_r
                0x00403d2c       0x24 c:/program files (x86)/atmel/studio/7.0/toolchain/arm/arm-gnu-toolchain/bin/../lib/gcc/arm-none-eabi/6.3.1/../../../../arm-none-eabi/lib/thumb/v7e-m\libc.a(lib_a-closer.o)
                0x00403d2c                _close_r
 .text._fclose_r
                0x00403d50       0xc4 c:/program files (x86)/atmel/studio/7.0/toolchain/arm/arm-gnu-toolchain/bin/../lib/gcc/arm-none-eabi/6.3.1/../../../../arm-none-eabi/lib/thumb/v7e-m\libc.a(lib_a-fclose.o)
                0x00403d50                _fclose_r
 .text._fstat_r
                0x00403e14       0x28 c:/program files (x86)/atmel/studio/7.0/toolchain/arm/arm-gnu-toolchain/bin/../lib/gcc/arm-none-eabi/6.3.1/../../../../arm-none-eabi/lib/thumb/v7e-m\libc.a(lib_a-fstatr.o)
                0x00403e14                _fstat_r
 .text._isatty_r
                0x00403e3c       0x24 c:/program files (x86)/atmel/studio/7.0/toolchain/arm/arm-gnu-toolchain/bin/../lib/gcc/arm-none-eabi/6.3.1/../../../../arm-none-eabi/lib/thumb/v7e-m\libc.a(lib_a-isattyr.o)
                0x00403e3c                _isatty_r
 .text._lseek_r
                0x00403e60       0x2c c:/program files (x86)/atmel/studio/7.0/toolchain/arm/arm-gnu-toolchain/bin/../lib/gcc/arm-none-eabi/6.3.1/../../../../arm-none-eabi/lib/thumb/v7e-m\libc.a(lib_a-lseekr.o)
                0x00403e60                _lseek_r
 .text._read_r  0x00403e8c       0x2c c:/program files (x86)/atmel/studio/7.0/toolchain/arm/arm-gnu-toolchain/bin/../lib/gcc/arm-none-eabi/6.3.1/../../../../arm-none-eabi/lib/thumb/v7e-m\libc.a(lib_a-readr.o)
                0x00403e8c                _read_r
 .text          0x00403eb8       0x30 c:/program files (x86)/atmel/studio/7.0/toolchain/arm/arm-gnu-toolchain/bin/../lib/gcc/arm-none-eabi/6.3.1/thumb/v7e-m\libgcc.a(_aeabi_uldivmod.o)
                0x00403eb8                __aeabi_uldivmod
 .text          0x00403ee8      0x2dc c:/program files (x86)/atmel/studio/7.0/toolchain/arm/arm-gnu-toolchain/bin/../lib/gcc/arm-none-eabi/6.3.1/thumb/v7e-m\libgcc.a(_udivmoddi4.o)
                0x00403ee8                __udivmoddi4
 .text          0x004041c4        0x4 c:/program files (x86)/atmel/studio/7.0/toolchain/arm/arm-gnu-toolchain/bin/../lib/gcc/arm-none-eabi/6.3.1/thumb/v7e-m\libgcc.a(_dvmd_tls.o)
                0x004041c4                __aeabi_idiv0
                0x004041c4                __aeabi_ldiv0
 *(.glue_7t)
 .glue_7t       0x004041c8        0x0 linker stubs
 *(.glue_7)
 .glue_7        0x004041c8        0x0 linker stubs
 *(.rodata .rodata* .gnu.linkonce.r.*)
 .rodata.configure_codec.str1.4
                0x004041c8       0x14 DanLib/WM8904_Driver/WM8904_Driver.o
 .rodata.main.str1.4
                0x004041dc       0x23 src/main.o
 *fill*         0x004041ff        0x1 
 .rodata._global_impure_ptr
                0x00404200        0x4 c:/program files (x86)/atmel/studio/7.0/toolchain/arm/arm-gnu-toolchain/bin/../lib/gcc/arm-none-eabi/6.3.1/../../../../arm-none-eabi/lib/thumb/v7e-m\libc.a(lib_a-impure.o)
                0x00404200                _global_impure_ptr
 .rodata._vfiprintf_r.str1.4
                0x00404204       0x2f c:/program files (x86)/atmel/studio/7.0/toolchain/arm/arm-gnu-toolchain/bin/../lib/gcc/arm-none-eabi/6.3.1/../../../../arm-none-eabi/lib/thumb/v7e-m\libc.a(lib_a-vfiprintf.o)
 *fill*         0x00404233        0x1 
 .rodata.blanks.7217
                0x00404234       0x10 c:/program files (x86)/atmel/studio/7.0/toolchain/arm/arm-gnu-toolchain/bin/../lib/gcc/arm-none-eabi/6.3.1/../../../../arm-none-eabi/lib/thumb/v7e-m\libc.a(lib_a-vfiprintf.o)
 .rodata.zeroes.7218
                0x00404244       0x10 c:/program files (x86)/atmel/studio/7.0/toolchain/arm/arm-gnu-toolchain/bin/../lib/gcc/arm-none-eabi/6.3.1/../../../../arm-none-eabi/lib/thumb/v7e-m\libc.a(lib_a-vfiprintf.o)
 .rodata._setlocale_r.str1.4
                0x00404254        0xa c:/program files (x86)/atmel/studio/7.0/toolchain/arm/arm-gnu-toolchain/bin/../lib/gcc/arm-none-eabi/6.3.1/../../../../arm-none-eabi/lib/thumb/v7e-m\libc.a(lib_a-locale.o)
                                  0xd (size before relaxing)
 *fill*         0x0040425e        0x2 
 .rodata.str1.4
                0x00404260        0x4 c:/program files (x86)/atmel/studio/7.0/toolchain/arm/arm-gnu-toolchain/bin/../lib/gcc/arm-none-eabi/6.3.1/../../../../arm-none-eabi/lib/thumb/v7e-m\libc.a(lib_a-locale.o)
                                  0x2 (size before relaxing)
 .rodata._ctype_
                0x00404264      0x101 c:/program files (x86)/atmel/studio/7.0/toolchain/arm/arm-gnu-toolchain/bin/../lib/gcc/arm-none-eabi/6.3.1/../../../../arm-none-eabi/lib/thumb/v7e-m\libc.a(lib_a-ctype_.o)
                0x00404264                _ctype_
 *(.ARM.extab* .gnu.linkonce.armextab.*)
                0x00404368                . = ALIGN (0x4)
 *fill*         0x00404365        0x3 
 *(.init)
 .init          0x00404368        0x4 c:/program files (x86)/atmel/studio/7.0/toolchain/arm/arm-gnu-toolchain/bin/../lib/gcc/arm-none-eabi/6.3.1/thumb/v7e-m/crti.o
                0x00404368                _init
 .init          0x0040436c        0x8 c:/program files (x86)/atmel/studio/7.0/toolchain/arm/arm-gnu-toolchain/bin/../lib/gcc/arm-none-eabi/6.3.1/thumb/v7e-m/crtn.o
                0x00404374                . = ALIGN (0x4)
                0x00404374                __preinit_array_start = .
 *(.preinit_array)
                0x00404374                __preinit_array_end = .
                0x00404374                . = ALIGN (0x4)
                0x00404374                __init_array_start = .
 *(SORT(.init_array.*))
 .init_array.00000
                0x00404374        0x4 c:/program files (x86)/atmel/studio/7.0/toolchain/arm/arm-gnu-toolchain/bin/../lib/gcc/arm-none-eabi/6.3.1/../../../../arm-none-eabi/lib/thumb/v7e-m\libc.a(lib_a-__call_atexit.o)
 *(.init_array)
 .init_array    0x00404378        0x4 c:/program files (x86)/atmel/studio/7.0/toolchain/arm/arm-gnu-toolchain/bin/../lib/gcc/arm-none-eabi/6.3.1/thumb/v7e-m/crtbegin.o
                0x0040437c                __init_array_end = .
                0x0040437c                . = ALIGN (0x4)
 *crtbegin.o(.ctors)
 *(EXCLUDE_FILE(*crtend.o) .ctors)
 *(SORT(.ctors.*))
 *crtend.o(.ctors)
                0x0040437c                . = ALIGN (0x4)
 *(.fini)
 .fini          0x0040437c        0x4 c:/program files (x86)/atmel/studio/7.0/toolchain/arm/arm-gnu-toolchain/bin/../lib/gcc/arm-none-eabi/6.3.1/thumb/v7e-m/crti.o
                0x0040437c                _fini
 .fini          0x00404380        0x8 c:/program files (x86)/atmel/studio/7.0/toolchain/arm/arm-gnu-toolchain/bin/../lib/gcc/arm-none-eabi/6.3.1/thumb/v7e-m/crtn.o
                0x00404388                . = ALIGN (0x4)
                0x00404388                __fini_array_start = .
 *(.fini_array)
 .fini_array    0x00404388        0x4 c:/program files (x86)/atmel/studio/7.0/toolchain/arm/arm-gnu-toolchain/bin/../lib/gcc/arm-none-eabi/6.3.1/thumb/v7e-m/crtbegin.o
 *(SORT(.fini_array.*))
                0x0040438c                __fini_array_end = .
 *crtbegin.o(.dtors)
 *(EXCLUDE_FILE(*crtend.o) .dtors)
 *(SORT(.dtors.*))
 *crtend.o(.dtors)
                0x0040438c                . = ALIGN (0x4)
                0x0040438c                _efixed = .
                [!provide]                PROVIDE (__exidx_start, .)

.vfp11_veneer   0x0040438c        0x0
 .vfp11_veneer  0x0040438c        0x0 linker stubs

.v4_bx          0x0040438c        0x0
 .v4_bx         0x0040438c        0x0 linker stubs

.iplt           0x0040438c        0x0
 .iplt          0x0040438c        0x0 c:/program files (x86)/atmel/studio/7.0/toolchain/arm/arm-gnu-toolchain/bin/../lib/gcc/arm-none-eabi/6.3.1/thumb/v7e-m/crtbegin.o

.ARM.exidx      0x0040438c        0x8
 *(.ARM.exidx* .gnu.linkonce.armexidx.*)
 .ARM.exidx     0x0040438c        0x8 c:/program files (x86)/atmel/studio/7.0/toolchain/arm/arm-gnu-toolchain/bin/../lib/gcc/arm-none-eabi/6.3.1/thumb/v7e-m\libgcc.a(_udivmoddi4.o)
                [!provide]                PROVIDE (__exidx_end, .)

.eh_frame       0x00404394        0x0
 .eh_frame      0x00404394        0x0 c:/program files (x86)/atmel/studio/7.0/toolchain/arm/arm-gnu-toolchain/bin/../lib/gcc/arm-none-eabi/6.3.1/thumb/v7e-m/crtbegin.o

.rel.dyn        0x00404394        0x0
 .rel.iplt      0x00404394        0x0 c:/program files (x86)/atmel/studio/7.0/toolchain/arm/arm-gnu-toolchain/bin/../lib/gcc/arm-none-eabi/6.3.1/thumb/v7e-m/crtbegin.o

.jcr            0x00404394        0x0
 .jcr           0x00404394        0x0 c:/program files (x86)/atmel/studio/7.0/toolchain/arm/arm-gnu-toolchain/bin/../lib/gcc/arm-none-eabi/6.3.1/thumb/v7e-m/crtbegin.o

.igot.plt       0x00404394        0x0
 .igot.plt      0x00404394        0x0 c:/program files (x86)/atmel/studio/7.0/toolchain/arm/arm-gnu-toolchain/bin/../lib/gcc/arm-none-eabi/6.3.1/thumb/v7e-m/crtbegin.o
                0x00404394                . = ALIGN (0x4)
                0x00404394                _etext = .

.relocate       0x20400000      0x9d0 load address 0x00404394
                0x20400000                . = ALIGN (0x4)
                0x20400000                _srelocate = .
 *(.ramfunc .ramfunc.*)
 .ramfunc       0x20400000        0xa src/ASF/common/services/delay/sam/cycle_counter.o
                0x20400000                portable_delay_cycles
 *(.data .data.*)
 *fill*         0x2040000a        0x2 
 .data.inBuffer
                0x2040000c        0x4 DanLib/DMA/DMA_Audio.o
                0x2040000c                inBuffer
 .data.inPingMode
                0x20400010        0x4 DanLib/DMA/DMA_Audio.o
 .data.outBuffer
                0x20400014        0x4 DanLib/DMA/DMA_Audio.o
                0x20400014                outBuffer
 .data.outPingMode
                0x20400018        0x4 DanLib/DMA/DMA_Audio.o
 .data.g_interrupt_enabled
                0x2040001c        0x1 src/ASF/common/utils/interrupt/interrupt_sam_nvic.o
                0x2040001c                g_interrupt_enabled
 *fill*         0x2040001d        0x3 
 .data.SystemCoreClock
                0x20400020        0x4 src/ASF/sam/utils/cmsis/samv71/source/templates/system_samv71.o
                0x20400020                SystemCoreClock
 .data._impure_ptr
                0x20400024        0x4 c:/program files (x86)/atmel/studio/7.0/toolchain/arm/arm-gnu-toolchain/bin/../lib/gcc/arm-none-eabi/6.3.1/../../../../arm-none-eabi/lib/thumb/v7e-m\libc.a(lib_a-impure.o)
                0x20400024                _impure_ptr
 .data.impure_data
                0x20400028      0x428 c:/program files (x86)/atmel/studio/7.0/toolchain/arm/arm-gnu-toolchain/bin/../lib/gcc/arm-none-eabi/6.3.1/../../../../arm-none-eabi/lib/thumb/v7e-m\libc.a(lib_a-impure.o)
 .data.__atexit_recursive_mutex
                0x20400450        0x4 c:/program files (x86)/atmel/studio/7.0/toolchain/arm/arm-gnu-toolchain/bin/../lib/gcc/arm-none-eabi/6.3.1/../../../../arm-none-eabi/lib/thumb/v7e-m\libc.a(lib_a-__call_atexit.o)
                0x20400450                __atexit_recursive_mutex
 .data.__global_locale
                0x20400454      0x16c c:/program files (x86)/atmel/studio/7.0/toolchain/arm/arm-gnu-toolchain/bin/../lib/gcc/arm-none-eabi/6.3.1/../../../../arm-none-eabi/lib/thumb/v7e-m\libc.a(lib_a-locale.o)
                0x20400454                __global_locale
 .data.__malloc_av_
                0x204005c0      0x408 c:/program files (x86)/atmel/studio/7.0/toolchain/arm/arm-gnu-toolchain/bin/../lib/gcc/arm-none-eabi/6.3.1/../../../../arm-none-eabi/lib/thumb/v7e-m\libc.a(lib_a-mallocr.o)
                0x204005c0                __malloc_av_
 .data.__malloc_sbrk_base
                0x204009c8        0x4 c:/program files (x86)/atmel/studio/7.0/toolchain/arm/arm-gnu-toolchain/bin/../lib/gcc/arm-none-eabi/6.3.1/../../../../arm-none-eabi/lib/thumb/v7e-m\libc.a(lib_a-mallocr.o)
                0x204009c8                __malloc_sbrk_base
 .data.__malloc_trim_threshold
                0x204009cc        0x4 c:/program files (x86)/atmel/studio/7.0/toolchain/arm/arm-gnu-toolchain/bin/../lib/gcc/arm-none-eabi/6.3.1/../../../../arm-none-eabi/lib/thumb/v7e-m\libc.a(lib_a-mallocr.o)
                0x204009cc                __malloc_trim_threshold
                0x204009d0                . = ALIGN (0x4)
                0x204009d0                _erelocate = .

.bss            0x204009d0     0x113c load address 0x00404d64
                0x204009d0                . = ALIGN (0x4)
                0x204009d0                _sbss = .
                0x204009d0                _szero = .
 *(.bss .bss.*)
 .bss           0x204009d0       0x1c c:/program files (x86)/atmel/studio/7.0/toolchain/arm/arm-gnu-toolchain/bin/../lib/gcc/arm-none-eabi/6.3.1/thumb/v7e-m/crtbegin.o
 .bss.dataReceived
                0x204009ec        0x4 DanLib/DMA/DMA_Audio.o
                0x204009ec                dataReceived
 .bss.linklist_read
                0x204009f0       0x20 DanLib/DMA/DMA_Audio.o
 .bss.linklist_write
                0x20400a10       0x20 DanLib/DMA/DMA_Audio.o
 .bss.gs_interrupt_sources
                0x20400a30       0x70 src/ASF/sam/drivers/pio/pio_handler.o
 .bss.heap.6420
                0x20400aa0        0x4 src/ASF/sam/utils/syscalls/gcc/syscalls.o
 .bss.__malloc_current_mallinfo
                0x20400aa4       0x28 c:/program files (x86)/atmel/studio/7.0/toolchain/arm/arm-gnu-toolchain/bin/../lib/gcc/arm-none-eabi/6.3.1/../../../../arm-none-eabi/lib/thumb/v7e-m\libc.a(lib_a-mallocr.o)
                0x20400aa4                __malloc_current_mallinfo
 .bss.__malloc_max_sbrked_mem
                0x20400acc        0x4 c:/program files (x86)/atmel/studio/7.0/toolchain/arm/arm-gnu-toolchain/bin/../lib/gcc/arm-none-eabi/6.3.1/../../../../arm-none-eabi/lib/thumb/v7e-m\libc.a(lib_a-mallocr.o)
                0x20400acc                __malloc_max_sbrked_mem
 .bss.__malloc_max_total_mem
                0x20400ad0        0x4 c:/program files (x86)/atmel/studio/7.0/toolchain/arm/arm-gnu-toolchain/bin/../lib/gcc/arm-none-eabi/6.3.1/../../../../arm-none-eabi/lib/thumb/v7e-m\libc.a(lib_a-mallocr.o)
                0x20400ad0                __malloc_max_total_mem
 .bss.__malloc_top_pad
                0x20400ad4        0x4 c:/program files (x86)/atmel/studio/7.0/toolchain/arm/arm-gnu-toolchain/bin/../lib/gcc/arm-none-eabi/6.3.1/../../../../arm-none-eabi/lib/thumb/v7e-m\libc.a(lib_a-mallocr.o)
                0x20400ad4                __malloc_top_pad
 *(COMMON)
 COMMON         0x20400ad8     0x1000 DanLib/DMA/DMA_Audio.o
                0x20400ad8                inPongBuffer
                0x20400ed8                outPingBuffer
                0x204012d8                outPongBuffer
                0x204016d8                inPingBuffer
 COMMON         0x20401ad8        0x4 src/ASF/common/utils/stdio/read.o
                0x20401ad8                ptr_get
 COMMON         0x20401adc        0x8 src/ASF/common/utils/stdio/write.o
                0x20401adc                ptr_put
                0x20401ae0                stdio_base
 COMMON         0x20401ae4       0x21 c:/program files (x86)/atmel/studio/7.0/toolchain/arm/arm-gnu-toolchain/bin/../lib/gcc/arm-none-eabi/6.3.1/../../../../arm-none-eabi/lib/thumb/v7e-m\libc.a(lib_a-lock.o)
                0x20401ae4                __lock___atexit_recursive_mutex
                0x20401ae8                __lock___arc4random_mutex
                0x20401aec                __lock___env_recursive_mutex
                0x20401af0                __lock___sinit_recursive_mutex
                0x20401af4                __lock___malloc_recursive_mutex
                0x20401af8                __lock___at_quick_exit_mutex
                0x20401afc                __lock___dd_hash_mutex
                0x20401b00                __lock___tz_mutex
                0x20401b04                __lock___sfp_recursive_mutex
 *fill*         0x20401b05        0x3 
 COMMON         0x20401b08        0x4 c:/program files (x86)/atmel/studio/7.0/toolchain/arm/arm-gnu-toolchain/bin/../lib/gcc/arm-none-eabi/6.3.1/../../../../arm-none-eabi/lib/thumb/v7e-m\libc.a(lib_a-reent.o)
                0x20401b08                errno
                0x20401b0c                . = ALIGN (0x4)
                0x20401b0c                _ebss = .
                0x20401b0c                _ezero = .

.stack          0x20401b0c     0x2004 load address 0x00405ea0
                0x20401b10                . = ALIGN (0x8)
 *fill*         0x20401b0c        0x4 
                0x20401b10                _sstack = .
                0x20403b10                . = (. + STACK_SIZE)
 *fill*         0x20401b10     0x2000 
                0x20403b10                . = ALIGN (0x8)
                0x20403b10                _estack = .

.heap           0x20403b10      0x200 load address 0x00407ea4
                0x20403b10                . = ALIGN (0x8)
                0x20403b10                _sheap = .
                0x20403d10                . = (. + HEAP_SIZE)
 *fill*         0x20403b10      0x200 
                0x20403d10                . = ALIGN (0x8)
                0x20403d10                _eheap = .
                0x20403d10                . = ALIGN (0x4)
                0x20403d10                _end = .
                0x2045ffff                _ram_end_ = ((ORIGIN (ram) + LENGTH (ram)) - 0x1)
OUTPUT(GatorScribe.elf elf32-littlearm)

.ARM.attributes
                0x00000000       0x2e
 .ARM.attributes
                0x00000000       0x1e c:/program files (x86)/atmel/studio/7.0/toolchain/arm/arm-gnu-toolchain/bin/../lib/gcc/arm-none-eabi/6.3.1/thumb/v7e-m/crti.o
 .ARM.attributes
                0x0000001e       0x2e c:/program files (x86)/atmel/studio/7.0/toolchain/arm/arm-gnu-toolchain/bin/../lib/gcc/arm-none-eabi/6.3.1/thumb/v7e-m/crtbegin.o
 .ARM.attributes
                0x0000004c       0x37 DanLib/DMA/DMA_Audio.o
 .ARM.attributes
                0x00000083       0x37 DanLib/WM8904_Driver/WM8904_Driver.o
 .ARM.attributes
                0x000000ba       0x37 src/ASF/common/services/delay/sam/cycle_counter.o
 .ARM.attributes
                0x000000f1       0x37 src/ASF/common/utils/stdio/read.o
 .ARM.attributes
                0x00000128       0x37 src/ASF/common/utils/stdio/write.o
 .ARM.attributes
                0x0000015f       0x37 src/ASF/sam/components/audio/codec/wm8904/wm8904.o
 .ARM.attributes
                0x00000196       0x37 src/ASF/sam/drivers/ssc/ssc.o
 .ARM.attributes
                0x000001cd       0x37 src/ASF/sam/drivers/twihs/twihs.o
 .ARM.attributes
                0x00000204       0x37 src/ASF/sam/drivers/xdmac/xdmac.o
 .ARM.attributes
                0x0000023b       0x37 src/ASF/common/services/clock/samv71/sysclk.o
 .ARM.attributes
                0x00000272       0x37 src/ASF/common/utils/interrupt/interrupt_sam_nvic.o
 .ARM.attributes
                0x000002a9       0x37 src/ASF/sam/boards/samv71_xplained_ultra/init.o
 .ARM.attributes
                0x000002e0       0x37 src/ASF/sam/drivers/pio/pio.o
 .ARM.attributes
                0x00000317       0x37 src/ASF/sam/drivers/pio/pio_handler.o
 .ARM.attributes
                0x0000034e       0x37 src/ASF/sam/drivers/pmc/pmc.o
 .ARM.attributes
                0x00000385       0x37 src/ASF/sam/utils/cmsis/samv71/source/templates/gcc/startup_samv71.o
 .ARM.attributes
                0x000003bc       0x37 src/ASF/sam/utils/cmsis/samv71/source/templates/system_samv71.o
 .ARM.attributes
                0x000003f3       0x37 src/ASF/sam/utils/syscalls/gcc/syscalls.o
 .ARM.attributes
                0x0000042a       0x37 src/main.o
 .ARM.attributes
                0x00000461       0x2e c:/program files (x86)/atmel/studio/7.0/toolchain/arm/arm-gnu-toolchain/bin/../lib/gcc/arm-none-eabi/6.3.1/../../../../arm-none-eabi/lib/thumb/v7e-m\libc.a(lib_a-impure.o)
 .ARM.attributes
                0x0000048f       0x2e c:/program files (x86)/atmel/studio/7.0/toolchain/arm/arm-gnu-toolchain/bin/../lib/gcc/arm-none-eabi/6.3.1/../../../../arm-none-eabi/lib/thumb/v7e-m\libc.a(lib_a-init.o)
 .ARM.attributes
                0x000004bd       0x2e c:/program files (x86)/atmel/studio/7.0/toolchain/arm/arm-gnu-toolchain/bin/../lib/gcc/arm-none-eabi/6.3.1/../../../../arm-none-eabi/lib/thumb/v7e-m\libc.a(lib_a-iprintf.o)
 .ARM.attributes
                0x000004eb       0x2e c:/program files (x86)/atmel/studio/7.0/toolchain/arm/arm-gnu-toolchain/bin/../lib/gcc/arm-none-eabi/6.3.1/../../../../arm-none-eabi/lib/thumb/v7e-m\libc.a(lib_a-memset.o)
 .ARM.attributes
                0x00000519       0x2e c:/program files (x86)/atmel/studio/7.0/toolchain/arm/arm-gnu-toolchain/bin/../lib/gcc/arm-none-eabi/6.3.1/../../../../arm-none-eabi/lib/thumb/v7e-m\libc.a(lib_a-vfiprintf.o)
 .ARM.attributes
                0x00000547       0x2e c:/program files (x86)/atmel/studio/7.0/toolchain/arm/arm-gnu-toolchain/bin/../lib/gcc/arm-none-eabi/6.3.1/../../../../arm-none-eabi/lib/thumb/v7e-m\libc.a(lib_a-wsetup.o)
 .ARM.attributes
                0x00000575       0x2e c:/program files (x86)/atmel/studio/7.0/toolchain/arm/arm-gnu-toolchain/bin/../lib/gcc/arm-none-eabi/6.3.1/../../../../arm-none-eabi/lib/thumb/v7e-m\libc.a(lib_a-__call_atexit.o)
 .ARM.attributes
                0x000005a3       0x2e c:/program files (x86)/atmel/studio/7.0/toolchain/arm/arm-gnu-toolchain/bin/../lib/gcc/arm-none-eabi/6.3.1/../../../../arm-none-eabi/lib/thumb/v7e-m\libc.a(lib_a-atexit.o)
 .ARM.attributes
                0x000005d1       0x2e c:/program files (x86)/atmel/studio/7.0/toolchain/arm/arm-gnu-toolchain/bin/../lib/gcc/arm-none-eabi/6.3.1/../../../../arm-none-eabi/lib/thumb/v7e-m\libc.a(lib_a-fflush.o)
 .ARM.attributes
                0x000005ff       0x2e c:/program files (x86)/atmel/studio/7.0/toolchain/arm/arm-gnu-toolchain/bin/../lib/gcc/arm-none-eabi/6.3.1/../../../../arm-none-eabi/lib/thumb/v7e-m\libc.a(lib_a-findfp.o)
 .ARM.attributes
                0x0000062d       0x2e c:/program files (x86)/atmel/studio/7.0/toolchain/arm/arm-gnu-toolchain/bin/../lib/gcc/arm-none-eabi/6.3.1/../../../../arm-none-eabi/lib/thumb/v7e-m\libc.a(lib_a-fini.o)
 .ARM.attributes
                0x0000065b       0x2e c:/program files (x86)/atmel/studio/7.0/toolchain/arm/arm-gnu-toolchain/bin/../lib/gcc/arm-none-eabi/6.3.1/../../../../arm-none-eabi/lib/thumb/v7e-m\libc.a(lib_a-fputwc.o)
 .ARM.attributes
                0x00000689       0x2e c:/program files (x86)/atmel/studio/7.0/toolchain/arm/arm-gnu-toolchain/bin/../lib/gcc/arm-none-eabi/6.3.1/../../../../arm-none-eabi/lib/thumb/v7e-m\libc.a(lib_a-freer.o)
 .ARM.attributes
                0x000006b7       0x2e c:/program files (x86)/atmel/studio/7.0/toolchain/arm/arm-gnu-toolchain/bin/../lib/gcc/arm-none-eabi/6.3.1/../../../../arm-none-eabi/lib/thumb/v7e-m\libc.a(lib_a-fvwrite.o)
 .ARM.attributes
                0x000006e5       0x2e c:/program files (x86)/atmel/studio/7.0/toolchain/arm/arm-gnu-toolchain/bin/../lib/gcc/arm-none-eabi/6.3.1/../../../../arm-none-eabi/lib/thumb/v7e-m\libc.a(lib_a-fwalk.o)
 .ARM.attributes
                0x00000713       0x2e c:/program files (x86)/atmel/studio/7.0/toolchain/arm/arm-gnu-toolchain/bin/../lib/gcc/arm-none-eabi/6.3.1/../../../../arm-none-eabi/lib/thumb/v7e-m\libc.a(lib_a-locale.o)
 .ARM.attributes
                0x00000741       0x2e c:/program files (x86)/atmel/studio/7.0/toolchain/arm/arm-gnu-toolchain/bin/../lib/gcc/arm-none-eabi/6.3.1/../../../../arm-none-eabi/lib/thumb/v7e-m\libc.a(lib_a-lock.o)
 .ARM.attributes
                0x0000076f       0x2e c:/program files (x86)/atmel/studio/7.0/toolchain/arm/arm-gnu-toolchain/bin/../lib/gcc/arm-none-eabi/6.3.1/../../../../arm-none-eabi/lib/thumb/v7e-m\libc.a(lib_a-makebuf.o)
 .ARM.attributes
                0x0000079d       0x2e c:/program files (x86)/atmel/studio/7.0/toolchain/arm/arm-gnu-toolchain/bin/../lib/gcc/arm-none-eabi/6.3.1/../../../../arm-none-eabi/lib/thumb/v7e-m\libc.a(lib_a-mallocr.o)
 .ARM.attributes
                0x000007cb       0x2e c:/program files (x86)/atmel/studio/7.0/toolchain/arm/arm-gnu-toolchain/bin/../lib/gcc/arm-none-eabi/6.3.1/../../../../arm-none-eabi/lib/thumb/v7e-m\libc.a(lib_a-mbtowc_r.o)
 .ARM.attributes
                0x000007f9       0x1c c:/program files (x86)/atmel/studio/7.0/toolchain/arm/arm-gnu-toolchain/bin/../lib/gcc/arm-none-eabi/6.3.1/../../../../arm-none-eabi/lib/thumb/v7e-m\libc.a(lib_a-memchr.o)
 .ARM.attributes
                0x00000815       0x1c c:/program files (x86)/atmel/studio/7.0/toolchain/arm/arm-gnu-toolchain/bin/../lib/gcc/arm-none-eabi/6.3.1/../../../../arm-none-eabi/lib/thumb/v7e-m\libc.a(lib_a-memcpy.o)
 .ARM.attributes
                0x00000831       0x2e c:/program files (x86)/atmel/studio/7.0/toolchain/arm/arm-gnu-toolchain/bin/../lib/gcc/arm-none-eabi/6.3.1/../../../../arm-none-eabi/lib/thumb/v7e-m\libc.a(lib_a-memmove.o)
 .ARM.attributes
                0x0000085f       0x2e c:/program files (x86)/atmel/studio/7.0/toolchain/arm/arm-gnu-toolchain/bin/../lib/gcc/arm-none-eabi/6.3.1/../../../../arm-none-eabi/lib/thumb/v7e-m\libc.a(lib_a-mlock.o)
 .ARM.attributes
                0x0000088d       0x2e c:/program files (x86)/atmel/studio/7.0/toolchain/arm/arm-gnu-toolchain/bin/../lib/gcc/arm-none-eabi/6.3.1/../../../../arm-none-eabi/lib/thumb/v7e-m\libc.a(lib_a-reallocr.o)
 .ARM.attributes
                0x000008bb       0x2e c:/program files (x86)/atmel/studio/7.0/toolchain/arm/arm-gnu-toolchain/bin/../lib/gcc/arm-none-eabi/6.3.1/../../../../arm-none-eabi/lib/thumb/v7e-m\libc.a(lib_a-sbrkr.o)
 .ARM.attributes
                0x000008e9       0x2e c:/program files (x86)/atmel/studio/7.0/toolchain/arm/arm-gnu-toolchain/bin/../lib/gcc/arm-none-eabi/6.3.1/../../../../arm-none-eabi/lib/thumb/v7e-m\libc.a(lib_a-stdio.o)
 .ARM.attributes
                0x00000917       0x1c c:/program files (x86)/atmel/studio/7.0/toolchain/arm/arm-gnu-toolchain/bin/../lib/gcc/arm-none-eabi/6.3.1/../../../../arm-none-eabi/lib/thumb/v7e-m\libc.a(lib_a-strlen.o)
 .ARM.attributes
                0x00000933       0x2e c:/program files (x86)/atmel/studio/7.0/toolchain/arm/arm-gnu-toolchain/bin/../lib/gcc/arm-none-eabi/6.3.1/../../../../arm-none-eabi/lib/thumb/v7e-m\libc.a(lib_a-wbuf.o)
 .ARM.attributes
                0x00000961       0x2e c:/program files (x86)/atmel/studio/7.0/toolchain/arm/arm-gnu-toolchain/bin/../lib/gcc/arm-none-eabi/6.3.1/../../../../arm-none-eabi/lib/thumb/v7e-m\libc.a(lib_a-wcrtomb.o)
 .ARM.attributes
                0x0000098f       0x2e c:/program files (x86)/atmel/studio/7.0/toolchain/arm/arm-gnu-toolchain/bin/../lib/gcc/arm-none-eabi/6.3.1/../../../../arm-none-eabi/lib/thumb/v7e-m\libc.a(lib_a-wctomb_r.o)
 .ARM.attributes
                0x000009bd       0x2e c:/program files (x86)/atmel/studio/7.0/toolchain/arm/arm-gnu-toolchain/bin/../lib/gcc/arm-none-eabi/6.3.1/../../../../arm-none-eabi/lib/thumb/v7e-m\libc.a(lib_a-writer.o)
 .ARM.attributes
                0x000009eb       0x2e c:/program files (x86)/atmel/studio/7.0/toolchain/arm/arm-gnu-toolchain/bin/../lib/gcc/arm-none-eabi/6.3.1/../../../../arm-none-eabi/lib/thumb/v7e-m\libc.a(lib_a-__atexit.o)
 .ARM.attributes
                0x00000a19       0x2e c:/program files (x86)/atmel/studio/7.0/toolchain/arm/arm-gnu-toolchain/bin/../lib/gcc/arm-none-eabi/6.3.1/../../../../arm-none-eabi/lib/thumb/v7e-m\libc.a(lib_a-closer.o)
 .ARM.attributes
                0x00000a47       0x2e c:/program files (x86)/atmel/studio/7.0/toolchain/arm/arm-gnu-toolchain/bin/../lib/gcc/arm-none-eabi/6.3.1/../../../../arm-none-eabi/lib/thumb/v7e-m\libc.a(lib_a-ctype_.o)
 .ARM.attributes
                0x00000a75       0x2e c:/program files (x86)/atmel/studio/7.0/toolchain/arm/arm-gnu-toolchain/bin/../lib/gcc/arm-none-eabi/6.3.1/../../../../arm-none-eabi/lib/thumb/v7e-m\libc.a(lib_a-fclose.o)
 .ARM.attributes
                0x00000aa3       0x2e c:/program files (x86)/atmel/studio/7.0/toolchain/arm/arm-gnu-toolchain/bin/../lib/gcc/arm-none-eabi/6.3.1/../../../../arm-none-eabi/lib/thumb/v7e-m\libc.a(lib_a-fstatr.o)
 .ARM.attributes
                0x00000ad1       0x2e c:/program files (x86)/atmel/studio/7.0/toolchain/arm/arm-gnu-toolchain/bin/../lib/gcc/arm-none-eabi/6.3.1/../../../../arm-none-eabi/lib/thumb/v7e-m\libc.a(lib_a-isattyr.o)
 .ARM.attributes
                0x00000aff       0x2e c:/program files (x86)/atmel/studio/7.0/toolchain/arm/arm-gnu-toolchain/bin/../lib/gcc/arm-none-eabi/6.3.1/../../../../arm-none-eabi/lib/thumb/v7e-m\libc.a(lib_a-lseekr.o)
 .ARM.attributes
                0x00000b2d       0x2e c:/program files (x86)/atmel/studio/7.0/toolchain/arm/arm-gnu-toolchain/bin/../lib/gcc/arm-none-eabi/6.3.1/../../../../arm-none-eabi/lib/thumb/v7e-m\libc.a(lib_a-readr.o)
 .ARM.attributes
                0x00000b5b       0x2e c:/program files (x86)/atmel/studio/7.0/toolchain/arm/arm-gnu-toolchain/bin/../lib/gcc/arm-none-eabi/6.3.1/../../../../arm-none-eabi/lib/thumb/v7e-m\libc.a(lib_a-reent.o)
 .ARM.attributes
                0x00000b89       0x1e c:/program files (x86)/atmel/studio/7.0/toolchain/arm/arm-gnu-toolchain/bin/../lib/gcc/arm-none-eabi/6.3.1/thumb/v7e-m\libgcc.a(_aeabi_uldivmod.o)
 .ARM.attributes
                0x00000ba7       0x2e c:/program files (x86)/atmel/studio/7.0/toolchain/arm/arm-gnu-toolchain/bin/../lib/gcc/arm-none-eabi/6.3.1/thumb/v7e-m\libgcc.a(_udivmoddi4.o)
 .ARM.attributes
                0x00000bd5       0x1e c:/program files (x86)/atmel/studio/7.0/toolchain/arm/arm-gnu-toolchain/bin/../lib/gcc/arm-none-eabi/6.3.1/thumb/v7e-m\libgcc.a(_dvmd_tls.o)
 .ARM.attributes
                0x00000bf3       0x1e c:/program files (x86)/atmel/studio/7.0/toolchain/arm/arm-gnu-toolchain/bin/../lib/gcc/arm-none-eabi/6.3.1/thumb/v7e-m/crtn.o

.comment        0x00000000       0x59
 .comment       0x00000000       0x59 DanLib/DMA/DMA_Audio.o
                                 0x5a (size before relaxing)
 .comment       0x00000059       0x5a DanLib/WM8904_Driver/WM8904_Driver.o
 .comment       0x00000059       0x5a src/ASF/common/services/delay/sam/cycle_counter.o
 .comment       0x00000059       0x5a src/ASF/common/utils/stdio/read.o
 .comment       0x00000059       0x5a src/ASF/common/utils/stdio/write.o
 .comment       0x00000059       0x5a src/ASF/sam/components/audio/codec/wm8904/wm8904.o
 .comment       0x00000059       0x5a src/ASF/sam/drivers/ssc/ssc.o
 .comment       0x00000059       0x5a src/ASF/sam/drivers/twihs/twihs.o
 .comment       0x00000059       0x5a src/ASF/sam/drivers/xdmac/xdmac.o
 .comment       0x00000059       0x5a src/ASF/common/services/clock/samv71/sysclk.o
 .comment       0x00000059       0x5a src/ASF/common/utils/interrupt/interrupt_sam_nvic.o
 .comment       0x00000059       0x5a src/ASF/sam/boards/samv71_xplained_ultra/init.o
 .comment       0x00000059       0x5a src/ASF/sam/drivers/pio/pio.o
 .comment       0x00000059       0x5a src/ASF/sam/drivers/pio/pio_handler.o
 .comment       0x00000059       0x5a src/ASF/sam/drivers/pmc/pmc.o
 .comment       0x00000059       0x5a src/ASF/sam/utils/cmsis/samv71/source/templates/gcc/startup_samv71.o
 .comment       0x00000059       0x5a src/ASF/sam/utils/cmsis/samv71/source/templates/system_samv71.o
 .comment       0x00000059       0x5a src/ASF/sam/utils/syscalls/gcc/syscalls.o
 .comment       0x00000059       0x5a src/main.o

.debug_info     0x00000000    0x16c98
 .debug_info    0x00000000     0x1d76 DanLib/DMA/DMA_Audio.o
 .debug_info    0x00001d76     0x131f DanLib/WM8904_Driver/WM8904_Driver.o
 .debug_info    0x00003095      0xa45 src/ASF/common/services/delay/sam/cycle_counter.o
 .debug_info    0x00003ada      0xac9 src/ASF/common/utils/stdio/read.o
 .debug_info    0x000045a3      0xac6 src/ASF/common/utils/stdio/write.o
 .debug_info    0x00005069     0x105f src/ASF/sam/components/audio/codec/wm8904/wm8904.o
 .debug_info    0x000060c8     0x14e0 src/ASF/sam/drivers/ssc/ssc.o
 .debug_info    0x000075a8     0x153d src/ASF/sam/drivers/twihs/twihs.o
 .debug_info    0x00008ae5     0x109e src/ASF/sam/drivers/xdmac/xdmac.o
 .debug_info    0x00009b83     0x1267 src/ASF/common/services/clock/samv71/sysclk.o
 .debug_info    0x0000adea      0xb01 src/ASF/common/utils/interrupt/interrupt_sam_nvic.o
 .debug_info    0x0000b8eb     0x201a src/ASF/sam/boards/samv71_xplained_ultra/init.o
 .debug_info    0x0000d905     0x2150 src/ASF/sam/drivers/pio/pio.o
 .debug_info    0x0000fa55     0x1b28 src/ASF/sam/drivers/pio/pio_handler.o
 .debug_info    0x0001157d     0x1e0e src/ASF/sam/drivers/pmc/pmc.o
 .debug_info    0x0001338b     0x1580 src/ASF/sam/utils/cmsis/samv71/source/templates/gcc/startup_samv71.o
 .debug_info    0x0001490b      0x55b src/ASF/sam/utils/cmsis/samv71/source/templates/system_samv71.o
 .debug_info    0x00014e66      0xdb0 src/ASF/sam/utils/syscalls/gcc/syscalls.o
 .debug_info    0x00015c16     0x1082 src/main.o

.debug_abbrev   0x00000000     0x329c
 .debug_abbrev  0x00000000      0x340 DanLib/DMA/DMA_Audio.o
 .debug_abbrev  0x00000340      0x25a DanLib/WM8904_Driver/WM8904_Driver.o
 .debug_abbrev  0x0000059a      0x1b3 src/ASF/common/services/delay/sam/cycle_counter.o
 .debug_abbrev  0x0000074d      0x1fe src/ASF/common/utils/stdio/read.o
 .debug_abbrev  0x0000094b      0x1e9 src/ASF/common/utils/stdio/write.o
 .debug_abbrev  0x00000b34      0x2cc src/ASF/sam/components/audio/codec/wm8904/wm8904.o
 .debug_abbrev  0x00000e00      0x306 src/ASF/sam/drivers/ssc/ssc.o
 .debug_abbrev  0x00001106      0x392 src/ASF/sam/drivers/twihs/twihs.o
 .debug_abbrev  0x00001498      0x238 src/ASF/sam/drivers/xdmac/xdmac.o
 .debug_abbrev  0x000016d0      0x31f src/ASF/common/services/clock/samv71/sysclk.o
 .debug_abbrev  0x000019ef      0x212 src/ASF/common/utils/interrupt/interrupt_sam_nvic.o
 .debug_abbrev  0x00001c01      0x32f src/ASF/sam/boards/samv71_xplained_ultra/init.o
 .debug_abbrev  0x00001f30      0x410 src/ASF/sam/drivers/pio/pio.o
 .debug_abbrev  0x00002340      0x32f src/ASF/sam/drivers/pio/pio_handler.o
 .debug_abbrev  0x0000266f      0x369 src/ASF/sam/drivers/pmc/pmc.o
 .debug_abbrev  0x000029d8      0x2e4 src/ASF/sam/utils/cmsis/samv71/source/templates/gcc/startup_samv71.o
 .debug_abbrev  0x00002cbc      0x102 src/ASF/sam/utils/cmsis/samv71/source/templates/system_samv71.o
 .debug_abbrev  0x00002dbe      0x264 src/ASF/sam/utils/syscalls/gcc/syscalls.o
 .debug_abbrev  0x00003022      0x27a src/main.o

.debug_loc      0x00000000     0x42df
 .debug_loc     0x00000000      0x30b DanLib/DMA/DMA_Audio.o
 .debug_loc     0x0000030b       0x83 DanLib/WM8904_Driver/WM8904_Driver.o
 .debug_loc     0x0000038e       0xb3 src/ASF/common/utils/stdio/read.o
 .debug_loc     0x00000441      0x12b src/ASF/common/utils/stdio/write.o
 .debug_loc     0x0000056c      0x1b0 src/ASF/sam/components/audio/codec/wm8904/wm8904.o
 .debug_loc     0x0000071c      0x64e src/ASF/sam/drivers/ssc/ssc.o
 .debug_loc     0x00000d6a      0xc59 src/ASF/sam/drivers/twihs/twihs.o
 .debug_loc     0x000019c3      0x239 src/ASF/sam/drivers/xdmac/xdmac.o
 .debug_loc     0x00001bfc      0x183 src/ASF/common/services/clock/samv71/sysclk.o
 .debug_loc     0x00001d7f      0x291 src/ASF/sam/boards/samv71_xplained_ultra/init.o
 .debug_loc     0x00002010      0xea4 src/ASF/sam/drivers/pio/pio.o
 .debug_loc     0x00002eb4      0x588 src/ASF/sam/drivers/pio/pio_handler.o
 .debug_loc     0x0000343c      0xce3 src/ASF/sam/drivers/pmc/pmc.o
 .debug_loc     0x0000411f       0x77 src/ASF/sam/utils/cmsis/samv71/source/templates/gcc/startup_samv71.o
 .debug_loc     0x00004196       0xfd src/ASF/sam/utils/syscalls/gcc/syscalls.o
 .debug_loc     0x00004293       0x4c src/main.o

.debug_aranges  0x00000000      0x8c8
 .debug_aranges
                0x00000000       0x28 DanLib/DMA/DMA_Audio.o
 .debug_aranges
                0x00000028       0x28 DanLib/WM8904_Driver/WM8904_Driver.o
 .debug_aranges
                0x00000050       0x20 src/ASF/common/services/delay/sam/cycle_counter.o
 .debug_aranges
                0x00000070       0x20 src/ASF/common/utils/stdio/read.o
 .debug_aranges
                0x00000090       0x20 src/ASF/common/utils/stdio/write.o
 .debug_aranges
                0x000000b0       0x30 src/ASF/sam/components/audio/codec/wm8904/wm8904.o
 .debug_aranges
                0x000000e0      0x120 src/ASF/sam/drivers/ssc/ssc.o
 .debug_aranges
                0x00000200       0xe8 src/ASF/sam/drivers/twihs/twihs.o
 .debug_aranges
                0x000002e8       0x20 src/ASF/sam/drivers/xdmac/xdmac.o
 .debug_aranges
                0x00000308       0x40 src/ASF/common/services/clock/samv71/sysclk.o
 .debug_aranges
                0x00000348       0x28 src/ASF/common/utils/interrupt/interrupt_sam_nvic.o
 .debug_aranges
                0x00000370       0x20 src/ASF/sam/boards/samv71_xplained_ultra/init.o
 .debug_aranges
                0x00000390      0x1a8 src/ASF/sam/drivers/pio/pio.o
 .debug_aranges
                0x00000538       0x60 src/ASF/sam/drivers/pio/pio_handler.o
 .debug_aranges
                0x00000598      0x250 src/ASF/sam/drivers/pmc/pmc.o
 .debug_aranges
                0x000007e8       0x30 src/ASF/sam/utils/cmsis/samv71/source/templates/gcc/startup_samv71.o
 .debug_aranges
                0x00000818       0x30 src/ASF/sam/utils/cmsis/samv71/source/templates/system_samv71.o
 .debug_aranges
                0x00000848       0x60 src/ASF/sam/utils/syscalls/gcc/syscalls.o
 .debug_aranges
                0x000008a8       0x20 src/main.o

.debug_ranges   0x00000000      0x8d0
 .debug_ranges  0x00000000       0x18 DanLib/DMA/DMA_Audio.o
 .debug_ranges  0x00000018       0x18 DanLib/WM8904_Driver/WM8904_Driver.o
 .debug_ranges  0x00000030       0x10 src/ASF/common/services/delay/sam/cycle_counter.o
 .debug_ranges  0x00000040       0x10 src/ASF/common/utils/stdio/read.o
 .debug_ranges  0x00000050       0x10 src/ASF/common/utils/stdio/write.o
 .debug_ranges  0x00000060       0x20 src/ASF/sam/components/audio/codec/wm8904/wm8904.o
 .debug_ranges  0x00000080      0x110 src/ASF/sam/drivers/ssc/ssc.o
 .debug_ranges  0x00000190       0xd8 src/ASF/sam/drivers/twihs/twihs.o
 .debug_ranges  0x00000268       0x10 src/ASF/sam/drivers/xdmac/xdmac.o
 .debug_ranges  0x00000278       0x30 src/ASF/common/services/clock/samv71/sysclk.o
 .debug_ranges  0x000002a8       0x18 src/ASF/common/utils/interrupt/interrupt_sam_nvic.o
 .debug_ranges  0x000002c0       0x10 src/ASF/sam/boards/samv71_xplained_ultra/init.o
 .debug_ranges  0x000002d0      0x2a0 src/ASF/sam/drivers/pio/pio.o
 .debug_ranges  0x00000570       0x68 src/ASF/sam/drivers/pio/pio_handler.o
 .debug_ranges  0x000005d8      0x240 src/ASF/sam/drivers/pmc/pmc.o
 .debug_ranges  0x00000818       0x20 src/ASF/sam/utils/cmsis/samv71/source/templates/gcc/startup_samv71.o
 .debug_ranges  0x00000838       0x20 src/ASF/sam/utils/cmsis/samv71/source/templates/system_samv71.o
 .debug_ranges  0x00000858       0x50 src/ASF/sam/utils/syscalls/gcc/syscalls.o
 .debug_ranges  0x000008a8       0x28 src/main.o

.debug_macro    0x00000000    0x22a3c
 .debug_macro   0x00000000      0x823 DanLib/DMA/DMA_Audio.o
 .debug_macro   0x00000823      0x8ce DanLib/DMA/DMA_Audio.o
 .debug_macro   0x000010f1      0x16d DanLib/DMA/DMA_Audio.o
 .debug_macro   0x0000125e      0x64b DanLib/DMA/DMA_Audio.o
 .debug_macro   0x000018a9       0x76 DanLib/DMA/DMA_Audio.o
 .debug_macro   0x0000191f       0x16 DanLib/DMA/DMA_Audio.o
 .debug_macro   0x00001935      0x6e4 DanLib/DMA/DMA_Audio.o
 .debug_macro   0x00002019       0x22 DanLib/DMA/DMA_Audio.o
 .debug_macro   0x0000203b       0x87 DanLib/DMA/DMA_Audio.o
 .debug_macro   0x000020c2       0x51 DanLib/DMA/DMA_Audio.o
 .debug_macro   0x00002113       0xef DanLib/DMA/DMA_Audio.o
 .debug_macro   0x00002202       0x6a DanLib/DMA/DMA_Audio.o
 .debug_macro   0x0000226c      0x1df DanLib/DMA/DMA_Audio.o
 .debug_macro   0x0000244b       0x4a DanLib/DMA/DMA_Audio.o
 .debug_macro   0x00002495       0x3b DanLib/DMA/DMA_Audio.o
 .debug_macro   0x000024d0       0x2d DanLib/DMA/DMA_Audio.o
 .debug_macro   0x000024fd       0x26 DanLib/DMA/DMA_Audio.o
 .debug_macro   0x00002523      0xf9a DanLib/DMA/DMA_Audio.o
 .debug_macro   0x000034bd      0x175 DanLib/DMA/DMA_Audio.o
 .debug_macro   0x00003632      0x257 DanLib/DMA/DMA_Audio.o
 .debug_macro   0x00003889      0xa0f DanLib/DMA/DMA_Audio.o
 .debug_macro   0x00004298      0x1b9 DanLib/DMA/DMA_Audio.o
 .debug_macro   0x00004451      0x336 DanLib/DMA/DMA_Audio.o
 .debug_macro   0x00004787      0x15b DanLib/DMA/DMA_Audio.o
 .debug_macro   0x000048e2     0x1851 DanLib/DMA/DMA_Audio.o
 .debug_macro   0x00006133       0x1c DanLib/DMA/DMA_Audio.o
 .debug_macro   0x0000614f      0x68d DanLib/DMA/DMA_Audio.o
 .debug_macro   0x000067dc      0x31e DanLib/DMA/DMA_Audio.o
 .debug_macro   0x00006afa      0x4d4 DanLib/DMA/DMA_Audio.o
 .debug_macro   0x00006fce      0x27c DanLib/DMA/DMA_Audio.o
 .debug_macro   0x0000724a     0x1332 DanLib/DMA/DMA_Audio.o
 .debug_macro   0x0000857c      0x28e DanLib/DMA/DMA_Audio.o
 .debug_macro   0x0000880a     0x278d DanLib/DMA/DMA_Audio.o
 .debug_macro   0x0000af97     0x102b DanLib/DMA/DMA_Audio.o
 .debug_macro   0x0000bfc2      0xe01 DanLib/DMA/DMA_Audio.o
 .debug_macro   0x0000cdc3      0x3b1 DanLib/DMA/DMA_Audio.o
 .debug_macro   0x0000d174       0xa0 DanLib/DMA/DMA_Audio.o
 .debug_macro   0x0000d214       0x76 DanLib/DMA/DMA_Audio.o
 .debug_macro   0x0000d28a      0x409 DanLib/DMA/DMA_Audio.o
 .debug_macro   0x0000d693       0x64 DanLib/DMA/DMA_Audio.o
 .debug_macro   0x0000d6f7      0x284 DanLib/DMA/DMA_Audio.o
 .debug_macro   0x0000d97b      0x1d0 DanLib/DMA/DMA_Audio.o
 .debug_macro   0x0000db4b      0x248 DanLib/DMA/DMA_Audio.o
 .debug_macro   0x0000dd93      0x524 DanLib/DMA/DMA_Audio.o
 .debug_macro   0x0000e2b7      0x63c DanLib/DMA/DMA_Audio.o
 .debug_macro   0x0000e8f3      0x6b8 DanLib/DMA/DMA_Audio.o
 .debug_macro   0x0000efab       0x4c DanLib/DMA/DMA_Audio.o
 .debug_macro   0x0000eff7      0x468 DanLib/DMA/DMA_Audio.o
 .debug_macro   0x0000f45f      0x207 DanLib/DMA/DMA_Audio.o
 .debug_macro   0x0000f666      0x866 DanLib/DMA/DMA_Audio.o
 .debug_macro   0x0000fecc     0x1547 DanLib/DMA/DMA_Audio.o
 .debug_macro   0x00011413       0x40 DanLib/DMA/DMA_Audio.o
 .debug_macro   0x00011453       0x76 DanLib/DMA/DMA_Audio.o
 .debug_macro   0x000114c9      0xdaf DanLib/DMA/DMA_Audio.o
 .debug_macro   0x00012278       0x82 DanLib/DMA/DMA_Audio.o
 .debug_macro   0x000122fa       0x76 DanLib/DMA/DMA_Audio.o
 .debug_macro   0x00012370       0x4c DanLib/DMA/DMA_Audio.o
 .debug_macro   0x000123bc      0x135 DanLib/DMA/DMA_Audio.o
 .debug_macro   0x000124f1      0x135 DanLib/DMA/DMA_Audio.o
 .debug_macro   0x00012626      0x135 DanLib/DMA/DMA_Audio.o
 .debug_macro   0x0001275b       0x6a DanLib/DMA/DMA_Audio.o
 .debug_macro   0x000127c5       0x6a DanLib/DMA/DMA_Audio.o
 .debug_macro   0x0001282f      0x313 DanLib/DMA/DMA_Audio.o
 .debug_macro   0x00012b42       0xb2 DanLib/DMA/DMA_Audio.o
 .debug_macro   0x00012bf4       0xb2 DanLib/DMA/DMA_Audio.o
 .debug_macro   0x00012ca6       0xb2 DanLib/DMA/DMA_Audio.o
 .debug_macro   0x00012d58      0x11d DanLib/DMA/DMA_Audio.o
 .debug_macro   0x00012e75      0x11d DanLib/DMA/DMA_Audio.o
 .debug_macro   0x00012f92      0x2cd DanLib/DMA/DMA_Audio.o
 .debug_macro   0x0001325f       0xb8 DanLib/DMA/DMA_Audio.o
 .debug_macro   0x00013317       0x5e DanLib/DMA/DMA_Audio.o
 .debug_macro   0x00013375       0x40 DanLib/DMA/DMA_Audio.o
 .debug_macro   0x000133b5       0x4c DanLib/DMA/DMA_Audio.o
 .debug_macro   0x00013401       0xa0 DanLib/DMA/DMA_Audio.o
 .debug_macro   0x000134a1      0x494 DanLib/DMA/DMA_Audio.o
 .debug_macro   0x00013935      0x135 DanLib/DMA/DMA_Audio.o
 .debug_macro   0x00013a6a       0x4c DanLib/DMA/DMA_Audio.o
 .debug_macro   0x00013ab6      0x313 DanLib/DMA/DMA_Audio.o
 .debug_macro   0x00013dc9       0x6a DanLib/DMA/DMA_Audio.o
 .debug_macro   0x00013e33       0xb8 DanLib/DMA/DMA_Audio.o
 .debug_macro   0x00013eeb       0x76 DanLib/DMA/DMA_Audio.o
 .debug_macro   0x00013f61       0x6a DanLib/DMA/DMA_Audio.o
 .debug_macro   0x00013fcb       0x2e DanLib/DMA/DMA_Audio.o
 .debug_macro   0x00013ff9      0x9b1 DanLib/DMA/DMA_Audio.o
 .debug_macro   0x000149aa       0x6a DanLib/DMA/DMA_Audio.o
 .debug_macro   0x00014a14       0x88 DanLib/DMA/DMA_Audio.o
 .debug_macro   0x00014a9c       0x58 DanLib/DMA/DMA_Audio.o
 .debug_macro   0x00014af4       0xa6 DanLib/DMA/DMA_Audio.o
 .debug_macro   0x00014b9a       0x16 DanLib/DMA/DMA_Audio.o
 .debug_macro   0x00014bb0       0xe2 DanLib/DMA/DMA_Audio.o
 .debug_macro   0x00014c92       0x4c DanLib/DMA/DMA_Audio.o
 .debug_macro   0x00014cde       0x16 DanLib/DMA/DMA_Audio.o
 .debug_macro   0x00014cf4       0x4c DanLib/DMA/DMA_Audio.o
 .debug_macro   0x00014d40       0x2e DanLib/DMA/DMA_Audio.o
 .debug_macro   0x00014d6e      0x1b5 DanLib/DMA/DMA_Audio.o
 .debug_macro   0x00014f23      0x1b5 DanLib/DMA/DMA_Audio.o
 .debug_macro   0x000150d8      0x1b5 DanLib/DMA/DMA_Audio.o
 .debug_macro   0x0001528d      0x1b5 DanLib/DMA/DMA_Audio.o
 .debug_macro   0x00015442      0x1b5 DanLib/DMA/DMA_Audio.o
 .debug_macro   0x000155f7       0x1c DanLib/DMA/DMA_Audio.o
 .debug_macro   0x00015613       0x2e DanLib/DMA/DMA_Audio.o
 .debug_macro   0x00015641       0x22 DanLib/DMA/DMA_Audio.o
 .debug_macro   0x00015663       0x1c DanLib/DMA/DMA_Audio.o
 .debug_macro   0x0001567f       0x52 DanLib/DMA/DMA_Audio.o
 .debug_macro   0x000156d1       0x10 DanLib/DMA/DMA_Audio.o
 .debug_macro   0x000156e1       0x1c DanLib/DMA/DMA_Audio.o
 .debug_macro   0x000156fd       0x4c DanLib/DMA/DMA_Audio.o
 .debug_macro   0x00015749       0x4c DanLib/DMA/DMA_Audio.o
 .debug_macro   0x00015795       0x4c DanLib/DMA/DMA_Audio.o
 .debug_macro   0x000157e1      0x329 DanLib/DMA/DMA_Audio.o
 .debug_macro   0x00015b0a     0x1037 DanLib/DMA/DMA_Audio.o
 .debug_macro   0x00016b41      0x10e DanLib/DMA/DMA_Audio.o
 .debug_macro   0x00016c4f       0x58 DanLib/DMA/DMA_Audio.o
 .debug_macro   0x00016ca7       0x35 DanLib/DMA/DMA_Audio.o
 .debug_macro   0x00016cdc       0x9c DanLib/DMA/DMA_Audio.o
 .debug_macro   0x00016d78       0x16 DanLib/DMA/DMA_Audio.o
 .debug_macro   0x00016d8e       0x35 DanLib/DMA/DMA_Audio.o
 .debug_macro   0x00016dc3      0x353 DanLib/DMA/DMA_Audio.o
 .debug_macro   0x00017116       0x10 DanLib/DMA/DMA_Audio.o
 .debug_macro   0x00017126       0x58 DanLib/DMA/DMA_Audio.o
 .debug_macro   0x0001717e       0x1f DanLib/DMA/DMA_Audio.o
 .debug_macro   0x0001719d       0x43 DanLib/DMA/DMA_Audio.o
 .debug_macro   0x000171e0       0x20 DanLib/DMA/DMA_Audio.o
 .debug_macro   0x00017200      0x187 DanLib/DMA/DMA_Audio.o
 .debug_macro   0x00017387       0x10 DanLib/DMA/DMA_Audio.o
 .debug_macro   0x00017397       0x1c DanLib/DMA/DMA_Audio.o
 .debug_macro   0x000173b3       0x52 DanLib/DMA/DMA_Audio.o
 .debug_macro   0x00017405       0x40 DanLib/DMA/DMA_Audio.o
 .debug_macro   0x00017445       0x10 DanLib/DMA/DMA_Audio.o
 .debug_macro   0x00017455       0x40 DanLib/DMA/DMA_Audio.o
 .debug_macro   0x00017495       0xd7 DanLib/DMA/DMA_Audio.o
 .debug_macro   0x0001756c       0x16 DanLib/DMA/DMA_Audio.o
 .debug_macro   0x00017582      0x18b DanLib/DMA/DMA_Audio.o
 .debug_macro   0x0001770d       0x22 DanLib/DMA/DMA_Audio.o
 .debug_macro   0x0001772f       0x16 DanLib/DMA/DMA_Audio.o
 .debug_macro   0x00017745       0x16 DanLib/DMA/DMA_Audio.o
 .debug_macro   0x0001775b       0x29 DanLib/DMA/DMA_Audio.o
 .debug_macro   0x00017784       0x75 DanLib/DMA/DMA_Audio.o
 .debug_macro   0x000177f9       0x3f DanLib/DMA/DMA_Audio.o
 .debug_macro   0x00017838      0x3ca DanLib/DMA/DMA_Audio.o
 .debug_macro   0x00017c02       0x3a DanLib/DMA/DMA_Audio.o
 .debug_macro   0x00017c3c      0x2c6 DanLib/DMA/DMA_Audio.o
 .debug_macro   0x00017f02      0xc8e DanLib/DMA/DMA_Audio.o
 .debug_macro   0x00018b90       0x70 DanLib/DMA/DMA_Audio.o
 .debug_macro   0x00018c00       0x64 DanLib/DMA/DMA_Audio.o
 .debug_macro   0x00018c64       0x5f DanLib/DMA/DMA_Audio.o
 .debug_macro   0x00018cc3       0xac DanLib/DMA/DMA_Audio.o
 .debug_macro   0x00018d6f       0x28 DanLib/DMA/DMA_Audio.o
 .debug_macro   0x00018d97       0x23 DanLib/DMA/DMA_Audio.o
 .debug_macro   0x00018dba       0x94 DanLib/DMA/DMA_Audio.o
 .debug_macro   0x00018e4e       0x40 DanLib/DMA/DMA_Audio.o
 .debug_macro   0x00018e8e       0x88 DanLib/DMA/DMA_Audio.o
 .debug_macro   0x00018f16      0x1ce DanLib/DMA/DMA_Audio.o
 .debug_macro   0x000190e4       0x34 DanLib/DMA/DMA_Audio.o
 .debug_macro   0x00019118       0x16 DanLib/DMA/DMA_Audio.o
 .debug_macro   0x0001912e       0x1c DanLib/DMA/DMA_Audio.o
 .debug_macro   0x0001914a       0x52 DanLib/DMA/DMA_Audio.o
 .debug_macro   0x0001919c       0x1c DanLib/DMA/DMA_Audio.o
 .debug_macro   0x000191b8       0x3a DanLib/DMA/DMA_Audio.o
 .debug_macro   0x000191f2       0x28 DanLib/DMA/DMA_Audio.o
 .debug_macro   0x0001921a       0x4c DanLib/DMA/DMA_Audio.o
 .debug_macro   0x00019266       0x16 DanLib/DMA/DMA_Audio.o
 .debug_macro   0x0001927c       0x16 DanLib/DMA/DMA_Audio.o
 .debug_macro   0x00019292       0x10 DanLib/DMA/DMA_Audio.o
 .debug_macro   0x000192a2     0x16e2 DanLib/DMA/DMA_Audio.o
 .debug_macro   0x0001a984      0x1ad DanLib/DMA/DMA_Audio.o
 .debug_macro   0x0001ab31       0x22 DanLib/DMA/DMA_Audio.o
 .debug_macro   0x0001ab53      0x81e DanLib/WM8904_Driver/WM8904_Driver.o
 .debug_macro   0x0001b371       0x16 DanLib/WM8904_Driver/WM8904_Driver.o
 .debug_macro   0x0001b387      0x67b src/ASF/common/services/delay/sam/cycle_counter.o
 .debug_macro   0x0001ba02       0x22 src/ASF/common/services/delay/sam/cycle_counter.o
 .debug_macro   0x0001ba24      0x66b src/ASF/common/utils/stdio/read.o
 .debug_macro   0x0001c08f      0x66b src/ASF/common/utils/stdio/write.o
 .debug_macro   0x0001c6fa      0x725 src/ASF/sam/components/audio/codec/wm8904/wm8904.o
 .debug_macro   0x0001ce1f       0x46 src/ASF/sam/components/audio/codec/wm8904/wm8904.o
 .debug_macro   0x0001ce65       0x10 src/ASF/sam/components/audio/codec/wm8904/wm8904.o
 .debug_macro   0x0001ce75      0x699 src/ASF/sam/drivers/ssc/ssc.o
 .debug_macro   0x0001d50e       0x52 src/ASF/sam/drivers/ssc/ssc.o
 .debug_macro   0x0001d560       0x8d src/ASF/sam/drivers/ssc/ssc.o
 .debug_macro   0x0001d5ed       0x57 src/ASF/sam/drivers/ssc/ssc.o
 .debug_macro   0x0001d644       0x10 src/ASF/sam/drivers/ssc/ssc.o
 .debug_macro   0x0001d654       0x1c src/ASF/sam/drivers/ssc/ssc.o
 .debug_macro   0x0001d670       0x4c src/ASF/sam/drivers/ssc/ssc.o
 .debug_macro   0x0001d6bc      0x69f src/ASF/sam/drivers/twihs/twihs.o
 .debug_macro   0x0001dd5b      0x686 src/ASF/sam/drivers/xdmac/xdmac.o
 .debug_macro   0x0001e3e1      0x1a7 src/ASF/sam/drivers/xdmac/xdmac.o
 .debug_macro   0x0001e588      0x6e7 src/ASF/common/services/clock/samv71/sysclk.o
 .debug_macro   0x0001ec6f      0x2c0 src/ASF/common/services/clock/samv71/sysclk.o
 .debug_macro   0x0001ef2f      0x66b src/ASF/common/utils/interrupt/interrupt_sam_nvic.o
 .debug_macro   0x0001f59a      0x722 src/ASF/sam/boards/samv71_xplained_ultra/init.o
 .debug_macro   0x0001fcbc       0x16 src/ASF/sam/boards/samv71_xplained_ultra/init.o
 .debug_macro   0x0001fcd2       0x82 src/ASF/sam/boards/samv71_xplained_ultra/init.o
 .debug_macro   0x0001fd54      0x681 src/ASF/sam/drivers/pio/pio.o
 .debug_macro   0x000203d5       0x8e src/ASF/sam/drivers/pio/pio.o
 .debug_macro   0x00020463      0x68c src/ASF/sam/drivers/pio/pio_handler.o
 .debug_macro   0x00020aef      0x681 src/ASF/sam/drivers/pmc/pmc.o
 .debug_macro   0x00021170       0x6a src/ASF/sam/drivers/pmc/pmc.o
 .debug_macro   0x000211da      0x67a src/ASF/sam/utils/cmsis/samv71/source/templates/gcc/startup_samv71.o
 .debug_macro   0x00021854       0x10 src/ASF/sam/utils/cmsis/samv71/source/templates/gcc/startup_samv71.o
 .debug_macro   0x00021864      0x469 src/ASF/sam/utils/cmsis/samv71/source/templates/system_samv71.o
 .debug_macro   0x00021ccd      0x1d6 src/ASF/sam/utils/syscalls/gcc/syscalls.o
 .debug_macro   0x00021ea3       0x97 src/ASF/sam/utils/syscalls/gcc/syscalls.o
 .debug_macro   0x00021f3a       0xf6 src/ASF/sam/utils/syscalls/gcc/syscalls.o
 .debug_macro   0x00022030       0x4c src/ASF/sam/utils/syscalls/gcc/syscalls.o
 .debug_macro   0x0002207c       0x16 src/ASF/sam/utils/syscalls/gcc/syscalls.o
 .debug_macro   0x00022092       0x10 src/ASF/sam/utils/syscalls/gcc/syscalls.o
 .debug_macro   0x000220a2       0x10 src/ASF/sam/utils/syscalls/gcc/syscalls.o
 .debug_macro   0x000220b2       0x35 src/ASF/sam/utils/syscalls/gcc/syscalls.o
 .debug_macro   0x000220e7      0x122 src/ASF/sam/utils/syscalls/gcc/syscalls.o
 .debug_macro   0x00022209      0x833 src/main.o

.debug_line     0x00000000     0xde82
 .debug_line    0x00000000      0xf8f DanLib/DMA/DMA_Audio.o
 .debug_line    0x00000f8f      0xf6d DanLib/WM8904_Driver/WM8904_Driver.o
 .debug_line    0x00001efc      0x9ff src/ASF/common/services/delay/sam/cycle_counter.o
 .debug_line    0x000028fb      0x9f9 src/ASF/common/utils/stdio/read.o
 .debug_line    0x000032f4      0x9f1 src/ASF/common/utils/stdio/write.o
 .debug_line    0x00003ce5      0xc13 src/ASF/sam/components/audio/codec/wm8904/wm8904.o
 .debug_line    0x000048f8      0xccd src/ASF/sam/drivers/ssc/ssc.o
 .debug_line    0x000055c5      0xc98 src/ASF/sam/drivers/twihs/twihs.o
 .debug_line    0x0000625d      0xa3a src/ASF/sam/drivers/xdmac/xdmac.o
 .debug_line    0x00006c97      0xb6d src/ASF/common/services/clock/samv71/sysclk.o
 .debug_line    0x00007804      0xa13 src/ASF/common/utils/interrupt/interrupt_sam_nvic.o
 .debug_line    0x00008217      0xc21 src/ASF/sam/boards/samv71_xplained_ultra/init.o
 .debug_line    0x00008e38      0xef5 src/ASF/sam/drivers/pio/pio.o
 .debug_line    0x00009d2d      0xad1 src/ASF/sam/drivers/pio/pio_handler.o
 .debug_line    0x0000a7fe     0x107d src/ASF/sam/drivers/pmc/pmc.o
 .debug_line    0x0000b87b      0xa95 src/ASF/sam/utils/cmsis/samv71/source/templates/gcc/startup_samv71.o
 .debug_line    0x0000c310      0x7fb src/ASF/sam/utils/cmsis/samv71/source/templates/system_samv71.o
 .debug_line    0x0000cb0b      0x40b src/ASF/sam/utils/syscalls/gcc/syscalls.o
 .debug_line    0x0000cf16      0xf6c src/main.o

.debug_str      0x00000000    0x9351e
 .debug_str     0x00000000    0x8fe6b DanLib/DMA/DMA_Audio.o
                              0x905a6 (size before relaxing)
 .debug_str     0x0008fe6b      0x2a0 DanLib/WM8904_Driver/WM8904_Driver.o
                              0x8ffa1 (size before relaxing)
 .debug_str     0x0009010b       0x35 src/ASF/common/services/delay/sam/cycle_counter.o
                              0x81d45 (size before relaxing)
 .debug_str     0x00090140       0x2c src/ASF/common/utils/stdio/read.o
                              0x81bbe (size before relaxing)
 .debug_str     0x0009016c       0x26 src/ASF/common/utils/stdio/write.o
                              0x81bbf (size before relaxing)
 .debug_str     0x00090192      0x269 src/ASF/sam/components/audio/codec/wm8904/wm8904.o
                              0x8de44 (size before relaxing)
 .debug_str     0x000903fb      0x384 src/ASF/sam/drivers/ssc/ssc.o
                              0x82235 (size before relaxing)
 .debug_str     0x0009077f      0x380 src/ASF/sam/drivers/twihs/twihs.o
                              0x821c9 (size before relaxing)
 .debug_str     0x00090aff      0x171 src/ASF/sam/drivers/xdmac/xdmac.o
                              0x8270b (size before relaxing)
 .debug_str     0x00090c70      0x419 src/ASF/common/services/clock/samv71/sysclk.o
                              0x86a46 (size before relaxing)
 .debug_str     0x00091089       0x94 src/ASF/common/utils/interrupt/interrupt_sam_nvic.o
                              0x81c15 (size before relaxing)
 .debug_str     0x0009111d      0x7c0 src/ASF/sam/boards/samv71_xplained_ultra/init.o
                              0x8755a (size before relaxing)
 .debug_str     0x000918dd      0x567 src/ASF/sam/drivers/pio/pio.o
                              0x8276b (size before relaxing)
 .debug_str     0x00091e44      0x111 src/ASF/sam/drivers/pio/pio_handler.o
                              0x82896 (size before relaxing)
 .debug_str     0x00091f55      0x69a src/ASF/sam/drivers/pmc/pmc.o
                              0x828cf (size before relaxing)
 .debug_str     0x000925ef      0x65d src/ASF/sam/utils/cmsis/samv71/source/templates/gcc/startup_samv71.o
                              0x823f3 (size before relaxing)
 .debug_str     0x00092c4c      0x137 src/ASF/sam/utils/cmsis/samv71/source/templates/system_samv71.o
                              0x724ee (size before relaxing)
 .debug_str     0x00092d83      0x76d src/ASF/sam/utils/syscalls/gcc/syscalls.o
                               0x7482 (size before relaxing)
 .debug_str     0x000934f0       0x2e src/main.o
                              0x8ffa6 (size before relaxing)

.debug_frame    0x00000000     0x1e68
 .debug_frame   0x00000000       0x48 DanLib/DMA/DMA_Audio.o
 .debug_frame   0x00000048       0x54 DanLib/WM8904_Driver/WM8904_Driver.o
 .debug_frame   0x0000009c       0x20 src/ASF/common/services/delay/sam/cycle_counter.o
 .debug_frame   0x000000bc       0x30 src/ASF/common/utils/stdio/read.o
 .debug_frame   0x000000ec       0x48 src/ASF/common/utils/stdio/write.o
 .debug_frame   0x00000134       0x68 src/ASF/sam/components/audio/codec/wm8904/wm8904.o
 .debug_frame   0x0000019c      0x260 src/ASF/sam/drivers/ssc/ssc.o
 .debug_frame   0x000003fc      0x248 src/ASF/sam/drivers/twihs/twihs.o
 .debug_frame   0x00000644       0x20 src/ASF/sam/drivers/xdmac/xdmac.o
 .debug_frame   0x00000664       0x88 src/ASF/common/services/clock/samv71/sysclk.o
 .debug_frame   0x000006ec       0x30 src/ASF/common/utils/interrupt/interrupt_sam_nvic.o
 .debug_frame   0x0000071c       0x28 src/ASF/sam/boards/samv71_xplained_ultra/init.o
 .debug_frame   0x00000744      0x390 src/ASF/sam/drivers/pio/pio.o
 .debug_frame   0x00000ad4      0x110 src/ASF/sam/drivers/pio/pio_handler.o
 .debug_frame   0x00000be4      0x494 src/ASF/sam/drivers/pmc/pmc.o
 .debug_frame   0x00001078       0x48 src/ASF/sam/utils/cmsis/samv71/source/templates/gcc/startup_samv71.o
 .debug_frame   0x000010c0       0x40 src/ASF/sam/utils/cmsis/samv71/source/templates/system_samv71.o
 .debug_frame   0x00001100       0xa0 src/ASF/sam/utils/syscalls/gcc/syscalls.o
 .debug_frame   0x000011a0       0x2c src/main.o
 .debug_frame   0x000011cc       0x2c c:/program files (x86)/atmel/studio/7.0/toolchain/arm/arm-gnu-toolchain/bin/../lib/gcc/arm-none-eabi/6.3.1/../../../../arm-none-eabi/lib/thumb/v7e-m\libc.a(lib_a-init.o)
 .debug_frame   0x000011f8       0x74 c:/program files (x86)/atmel/studio/7.0/toolchain/arm/arm-gnu-toolchain/bin/../lib/gcc/arm-none-eabi/6.3.1/../../../../arm-none-eabi/lib/thumb/v7e-m\libc.a(lib_a-iprintf.o)
 .debug_frame   0x0000126c       0x34 c:/program files (x86)/atmel/studio/7.0/toolchain/arm/arm-gnu-toolchain/bin/../lib/gcc/arm-none-eabi/6.3.1/../../../../arm-none-eabi/lib/thumb/v7e-m\libc.a(lib_a-memset.o)
 .debug_frame   0x000012a0       0xd8 c:/program files (x86)/atmel/studio/7.0/toolchain/arm/arm-gnu-toolchain/bin/../lib/gcc/arm-none-eabi/6.3.1/../../../../arm-none-eabi/lib/thumb/v7e-m\libc.a(lib_a-vfiprintf.o)
 .debug_frame   0x00001378       0x2c c:/program files (x86)/atmel/studio/7.0/toolchain/arm/arm-gnu-toolchain/bin/../lib/gcc/arm-none-eabi/6.3.1/../../../../arm-none-eabi/lib/thumb/v7e-m\libc.a(lib_a-wsetup.o)
 .debug_frame   0x000013a4       0x5c c:/program files (x86)/atmel/studio/7.0/toolchain/arm/arm-gnu-toolchain/bin/../lib/gcc/arm-none-eabi/6.3.1/../../../../arm-none-eabi/lib/thumb/v7e-m\libc.a(lib_a-__call_atexit.o)
 .debug_frame   0x00001400       0x20 c:/program files (x86)/atmel/studio/7.0/toolchain/arm/arm-gnu-toolchain/bin/../lib/gcc/arm-none-eabi/6.3.1/../../../../arm-none-eabi/lib/thumb/v7e-m\libc.a(lib_a-atexit.o)
 .debug_frame   0x00001420       0x5c c:/program files (x86)/atmel/studio/7.0/toolchain/arm/arm-gnu-toolchain/bin/../lib/gcc/arm-none-eabi/6.3.1/../../../../arm-none-eabi/lib/thumb/v7e-m\libc.a(lib_a-fflush.o)
 .debug_frame   0x0000147c      0x148 c:/program files (x86)/atmel/studio/7.0/toolchain/arm/arm-gnu-toolchain/bin/../lib/gcc/arm-none-eabi/6.3.1/../../../../arm-none-eabi/lib/thumb/v7e-m\libc.a(lib_a-findfp.o)
 .debug_frame   0x000015c4       0x34 c:/program files (x86)/atmel/studio/7.0/toolchain/arm/arm-gnu-toolchain/bin/../lib/gcc/arm-none-eabi/6.3.1/../../../../arm-none-eabi/lib/thumb/v7e-m\libc.a(lib_a-fini.o)
 .debug_frame   0x000015f8       0x94 c:/program files (x86)/atmel/studio/7.0/toolchain/arm/arm-gnu-toolchain/bin/../lib/gcc/arm-none-eabi/6.3.1/../../../../arm-none-eabi/lib/thumb/v7e-m\libc.a(lib_a-fputwc.o)
 .debug_frame   0x0000168c       0x74 c:/program files (x86)/atmel/studio/7.0/toolchain/arm/arm-gnu-toolchain/bin/../lib/gcc/arm-none-eabi/6.3.1/../../../../arm-none-eabi/lib/thumb/v7e-m\libc.a(lib_a-freer.o)
 .debug_frame   0x00001700       0x68 c:/program files (x86)/atmel/studio/7.0/toolchain/arm/arm-gnu-toolchain/bin/../lib/gcc/arm-none-eabi/6.3.1/../../../../arm-none-eabi/lib/thumb/v7e-m\libc.a(lib_a-fvwrite.o)
 .debug_frame   0x00001768       0x54 c:/program files (x86)/atmel/studio/7.0/toolchain/arm/arm-gnu-toolchain/bin/../lib/gcc/arm-none-eabi/6.3.1/../../../../arm-none-eabi/lib/thumb/v7e-m\libc.a(lib_a-fwalk.o)
 .debug_frame   0x000017bc       0x6c c:/program files (x86)/atmel/studio/7.0/toolchain/arm/arm-gnu-toolchain/bin/../lib/gcc/arm-none-eabi/6.3.1/../../../../arm-none-eabi/lib/thumb/v7e-m\libc.a(lib_a-locale.o)
 .debug_frame   0x00001828       0xb0 c:/program files (x86)/atmel/studio/7.0/toolchain/arm/arm-gnu-toolchain/bin/../lib/gcc/arm-none-eabi/6.3.1/../../../../arm-none-eabi/lib/thumb/v7e-m\libc.a(lib_a-lock.o)
 .debug_frame   0x000018d8       0x68 c:/program files (x86)/atmel/studio/7.0/toolchain/arm/arm-gnu-toolchain/bin/../lib/gcc/arm-none-eabi/6.3.1/../../../../arm-none-eabi/lib/thumb/v7e-m\libc.a(lib_a-makebuf.o)
 .debug_frame   0x00001940       0x58 c:/program files (x86)/atmel/studio/7.0/toolchain/arm/arm-gnu-toolchain/bin/../lib/gcc/arm-none-eabi/6.3.1/../../../../arm-none-eabi/lib/thumb/v7e-m\libc.a(lib_a-mallocr.o)
 .debug_frame   0x00001998       0x4c c:/program files (x86)/atmel/studio/7.0/toolchain/arm/arm-gnu-toolchain/bin/../lib/gcc/arm-none-eabi/6.3.1/../../../../arm-none-eabi/lib/thumb/v7e-m\libc.a(lib_a-mbtowc_r.o)
 .debug_frame   0x000019e4       0x30 c:/program files (x86)/atmel/studio/7.0/toolchain/arm/arm-gnu-toolchain/bin/../lib/gcc/arm-none-eabi/6.3.1/../../../../arm-none-eabi/lib/thumb/v7e-m\libc.a(lib_a-memmove.o)
 .debug_frame   0x00001a14       0x30 c:/program files (x86)/atmel/studio/7.0/toolchain/arm/arm-gnu-toolchain/bin/../lib/gcc/arm-none-eabi/6.3.1/../../../../arm-none-eabi/lib/thumb/v7e-m\libc.a(lib_a-mlock.o)
 .debug_frame   0x00001a44       0x68 c:/program files (x86)/atmel/studio/7.0/toolchain/arm/arm-gnu-toolchain/bin/../lib/gcc/arm-none-eabi/6.3.1/../../../../arm-none-eabi/lib/thumb/v7e-m\libc.a(lib_a-reallocr.o)
 .debug_frame   0x00001aac       0x2c c:/program files (x86)/atmel/studio/7.0/toolchain/arm/arm-gnu-toolchain/bin/../lib/gcc/arm-none-eabi/6.3.1/../../../../arm-none-eabi/lib/thumb/v7e-m\libc.a(lib_a-sbrkr.o)
 .debug_frame   0x00001ad8       0x88 c:/program files (x86)/atmel/studio/7.0/toolchain/arm/arm-gnu-toolchain/bin/../lib/gcc/arm-none-eabi/6.3.1/../../../../arm-none-eabi/lib/thumb/v7e-m\libc.a(lib_a-stdio.o)
 .debug_frame   0x00001b60       0x40 c:/program files (x86)/atmel/studio/7.0/toolchain/arm/arm-gnu-toolchain/bin/../lib/gcc/arm-none-eabi/6.3.1/../../../../arm-none-eabi/lib/thumb/v7e-m\libc.a(lib_a-wbuf.o)
 .debug_frame   0x00001ba0       0x5c c:/program files (x86)/atmel/studio/7.0/toolchain/arm/arm-gnu-toolchain/bin/../lib/gcc/arm-none-eabi/6.3.1/../../../../arm-none-eabi/lib/thumb/v7e-m\libc.a(lib_a-wcrtomb.o)
 .debug_frame   0x00001bfc       0x3c c:/program files (x86)/atmel/studio/7.0/toolchain/arm/arm-gnu-toolchain/bin/../lib/gcc/arm-none-eabi/6.3.1/../../../../arm-none-eabi/lib/thumb/v7e-m\libc.a(lib_a-wctomb_r.o)
 .debug_frame   0x00001c38       0x2c c:/program files (x86)/atmel/studio/7.0/toolchain/arm/arm-gnu-toolchain/bin/../lib/gcc/arm-none-eabi/6.3.1/../../../../arm-none-eabi/lib/thumb/v7e-m\libc.a(lib_a-writer.o)
 .debug_frame   0x00001c64       0x34 c:/program files (x86)/atmel/studio/7.0/toolchain/arm/arm-gnu-toolchain/bin/../lib/gcc/arm-none-eabi/6.3.1/../../../../arm-none-eabi/lib/thumb/v7e-m\libc.a(lib_a-__atexit.o)