Archive member included to satisfy reference by file (symbol)

c:/program files (x86)/atmel/studio/7.0/toolchain/arm/arm-gnu-toolchain/bin/../lib/gcc/arm-none-eabi/6.3.1/../../../../arm-none-eabi/lib/thumb/v7e-m\libc.a(lib_a-exit.o)
                              c:/program files (x86)/atmel/studio/7.0/toolchain/arm/arm-gnu-toolchain/bin/../lib/gcc/arm-none-eabi/6.3.1/../../../../arm-none-eabi/lib/thumb/v7e-m/crt0.o (exit)
c:/program files (x86)/atmel/studio/7.0/toolchain/arm/arm-gnu-toolchain/bin/../lib/gcc/arm-none-eabi/6.3.1/../../../../arm-none-eabi/lib/thumb/v7e-m\libc.a(lib_a-impure.o)
                              c:/program files (x86)/atmel/studio/7.0/toolchain/arm/arm-gnu-toolchain/bin/../lib/gcc/arm-none-eabi/6.3.1/../../../../arm-none-eabi/lib/thumb/v7e-m\libc.a(lib_a-exit.o) (_global_impure_ptr)
c:/program files (x86)/atmel/studio/7.0/toolchain/arm/arm-gnu-toolchain/bin/../lib/gcc/arm-none-eabi/6.3.1/../../../../arm-none-eabi/lib/thumb/v7e-m\libc.a(lib_a-init.o)
                              c:/program files (x86)/atmel/studio/7.0/toolchain/arm/arm-gnu-toolchain/bin/../lib/gcc/arm-none-eabi/6.3.1/../../../../arm-none-eabi/lib/thumb/v7e-m/crt0.o (__libc_init_array)
c:/program files (x86)/atmel/studio/7.0/toolchain/arm/arm-gnu-toolchain/bin/../lib/gcc/arm-none-eabi/6.3.1/../../../../arm-none-eabi/lib/thumb/v7e-m\libc.a(lib_a-malloc.o)
                              src/ASF/common/components/touch/mxt/mxt_device_1.o (malloc)
c:/program files (x86)/atmel/studio/7.0/toolchain/arm/arm-gnu-toolchain/bin/../lib/gcc/arm-none-eabi/6.3.1/../../../../arm-none-eabi/lib/thumb/v7e-m\libc.a(lib_a-mallocr.o)
                              c:/program files (x86)/atmel/studio/7.0/toolchain/arm/arm-gnu-toolchain/bin/../lib/gcc/arm-none-eabi/6.3.1/../../../../arm-none-eabi/lib/thumb/v7e-m\libc.a(lib_a-malloc.o) (_malloc_r)
c:/program files (x86)/atmel/studio/7.0/toolchain/arm/arm-gnu-toolchain/bin/../lib/gcc/arm-none-eabi/6.3.1/../../../../arm-none-eabi/lib/thumb/v7e-m\libc.a(lib_a-memset.o)
                              c:/program files (x86)/atmel/studio/7.0/toolchain/arm/arm-gnu-toolchain/bin/../lib/gcc/arm-none-eabi/6.3.1/../../../../arm-none-eabi/lib/thumb/v7e-m/crt0.o (memset)
c:/program files (x86)/atmel/studio/7.0/toolchain/arm/arm-gnu-toolchain/bin/../lib/gcc/arm-none-eabi/6.3.1/../../../../arm-none-eabi/lib/thumb/v7e-m\libc.a(lib_a-mlock.o)
                              c:/program files (x86)/atmel/studio/7.0/toolchain/arm/arm-gnu-toolchain/bin/../lib/gcc/arm-none-eabi/6.3.1/../../../../arm-none-eabi/lib/thumb/v7e-m\libc.a(lib_a-mallocr.o) (__malloc_lock)
c:/program files (x86)/atmel/studio/7.0/toolchain/arm/arm-gnu-toolchain/bin/../lib/gcc/arm-none-eabi/6.3.1/../../../../arm-none-eabi/lib/thumb/v7e-m\libc.a(lib_a-sbrkr.o)
                              c:/program files (x86)/atmel/studio/7.0/toolchain/arm/arm-gnu-toolchain/bin/../lib/gcc/arm-none-eabi/6.3.1/../../../../arm-none-eabi/lib/thumb/v7e-m\libc.a(lib_a-mallocr.o) (_sbrk_r)
c:/program files (x86)/atmel/studio/7.0/toolchain/arm/arm-gnu-toolchain/bin/../lib/gcc/arm-none-eabi/6.3.1/../../../../arm-none-eabi/lib/thumb/v7e-m\libc.a(lib_a-__call_atexit.o)
                              c:/program files (x86)/atmel/studio/7.0/toolchain/arm/arm-gnu-toolchain/bin/../lib/gcc/arm-none-eabi/6.3.1/../../../../arm-none-eabi/lib/thumb/v7e-m\libc.a(lib_a-exit.o) (__call_exitprocs)
c:/program files (x86)/atmel/studio/7.0/toolchain/arm/arm-gnu-toolchain/bin/../lib/gcc/arm-none-eabi/6.3.1/../../../../arm-none-eabi/lib/thumb/v7e-m\libc.a(lib_a-atexit.o)
                              c:/program files (x86)/atmel/studio/7.0/toolchain/arm/arm-gnu-toolchain/bin/../lib/gcc/arm-none-eabi/6.3.1/../../../../arm-none-eabi/lib/thumb/v7e-m\libc.a(lib_a-__call_atexit.o) (atexit)
c:/program files (x86)/atmel/studio/7.0/toolchain/arm/arm-gnu-toolchain/bin/../lib/gcc/arm-none-eabi/6.3.1/../../../../arm-none-eabi/lib/thumb/v7e-m\libc.a(lib_a-fini.o)
                              c:/program files (x86)/atmel/studio/7.0/toolchain/arm/arm-gnu-toolchain/bin/../lib/gcc/arm-none-eabi/6.3.1/../../../../arm-none-eabi/lib/thumb/v7e-m\libc.a(lib_a-__call_atexit.o) (__libc_fini_array)
c:/program files (x86)/atmel/studio/7.0/toolchain/arm/arm-gnu-toolchain/bin/../lib/gcc/arm-none-eabi/6.3.1/../../../../arm-none-eabi/lib/thumb/v7e-m\libc.a(lib_a-freer.o)
                              c:/program files (x86)/atmel/studio/7.0/toolchain/arm/arm-gnu-toolchain/bin/../lib/gcc/arm-none-eabi/6.3.1/../../../../arm-none-eabi/lib/thumb/v7e-m\libc.a(lib_a-malloc.o) (_free_r)
c:/program files (x86)/atmel/studio/7.0/toolchain/arm/arm-gnu-toolchain/bin/../lib/gcc/arm-none-eabi/6.3.1/../../../../arm-none-eabi/lib/thumb/v7e-m\libc.a(lib_a-lock.o)
                              c:/program files (x86)/atmel/studio/7.0/toolchain/arm/arm-gnu-toolchain/bin/../lib/gcc/arm-none-eabi/6.3.1/../../../../arm-none-eabi/lib/thumb/v7e-m\libc.a(lib_a-mlock.o) (__retarget_lock_acquire_recursive)
[...]
Memory Configuration

Name             Origin             Length             Attributes
rom              0x00400000         0x00200000         xr
ram              0x20400000         0x00060000         xrw
*default*        0x00000000         0xffffffff

Linker script and memory map

LOAD c:/program files (x86)/atmel/studio/7.0/toolchain/arm/arm-gnu-toolchain/bin/../lib/gcc/arm-none-eabi/6.3.1/thumb/v7e-m/crti.o
LOAD c:/program files (x86)/atmel/studio/7.0/toolchain/arm/arm-gnu-toolchain/bin/../lib/gcc/arm-none-eabi/6.3.1/thumb/v7e-m/crtbegin.o
LOAD c:/program files (x86)/atmel/studio/7.0/toolchain/arm/arm-gnu-toolchain/bin/../lib/gcc/arm-none-eabi/6.3.1/../../../../arm-none-eabi/lib/thumb/v7e-m/crt0.o
LOAD LCDLib/gfx/gfx_generic.o
LOAD LCDLib/gfx/gfx_ili9488_90_00028_a0.o
LOAD LCDLib/gfx/gfx_text.o
LOAD LCDLib/gfx/sysfont.o
LOAD LCDLib/LCDLib.o
LOAD src/ASF/common/components/touch/mxt/mxt_device_1.o
LOAD src/ASF/sam/components/display/ili9488/ili9488.o
LOAD src/ASF/sam/drivers/ebi/smc/smc.o
LOAD src/ASF/common/services/delay/sam/cycle_counter.o
LOAD src/ASF/sam/drivers/twihs/twihs.o
LOAD src/ASF/common/services/clock/samv71/sysclk.o
LOAD src/ASF/common/utils/interrupt/interrupt_sam_nvic.o
LOAD src/ASF/sam/boards/samv71_xplained_ultra/init.o
LOAD src/ASF/sam/drivers/mpu/mpu.o
LOAD src/ASF/sam/drivers/pio/pio.o
LOAD src/ASF/sam/drivers/pio/pio_handler.o
LOAD src/ASF/sam/drivers/pmc/pmc.o
LOAD src/ASF/sam/drivers/pmc/sleep.o
LOAD src/ASF/sam/utils/cmsis/samv71/source/templates/gcc/startup_samv71.o
LOAD src/ASF/sam/utils/cmsis/samv71/source/templates/system_samv71.o
LOAD src/ASF/sam/utils/syscalls/gcc/syscalls.o
LOAD src/main.o
START GROUP
LOAD ../src/ASF/thirdparty/CMSIS/Lib/GCC\libarm_cortexM7lfsp_math_softfp.a
LOAD c:/program files (x86)/atmel/studio/7.0/toolchain/arm/arm-gnu-toolchain/bin/../lib/gcc/arm-none-eabi/6.3.1/../../../../arm-none-eabi/lib/thumb/v7e-m\libm.a
END GROUP
START GROUP
LOAD c:/program files (x86)/atmel/studio/7.0/toolchain/arm/arm-gnu-toolchain/bin/../lib/gcc/arm-none-eabi/6.3.1/thumb/v7e-m\libgcc.a
LOAD c:/program files (x86)/atmel/studio/7.0/toolchain/arm/arm-gnu-toolchain/bin/../lib/gcc/arm-none-eabi/6.3.1/../../../../arm-none-eabi/lib/thumb/v7e-m\libc.a
END GROUP
LOAD c:/program files (x86)/atmel/studio/7.0/toolchain/arm/arm-gnu-toolchain/bin/../lib/gcc/arm-none-eabi/6.3.1/thumb/v7e-m/crtend.o
LOAD c:/program files (x86)/atmel/studio/7.0/toolchain/arm/arm-gnu-toolchain/bin/../lib/gcc/arm-none-eabi/6.3.1/thumb/v7e-m/crtn.o
                0x00002000                STACK_SIZE = DEFINED (STACK_SIZE)?STACK_SIZE:0x2000
                0x2045fffc                __ram_end__ = ((ORIGIN (ram) + LENGTH (ram)) - 0x4)
                0x00000200                HEAP_SIZE = DEFINED (HEAP_SIZE)?HEAP_SIZE:0x200

.text           0x00400000    0x2a030
                0x00400000                . = ALIGN (0x4)
                0x00400000                _sfixed = .
 *(.vectors .vectors.*)
 .vectors       0x00400000      0x140 src/ASF/sam/utils/cmsis/samv71/source/templates/gcc/startup_samv71.o
                0x00400000                exception_table
 *(.text .text.* .gnu.linkonce.t.*)
 .text          0x00400140       0x6c c:/program files (x86)/atmel/studio/7.0/toolchain/arm/arm-gnu-toolchain/bin/../lib/gcc/arm-none-eabi/6.3.1/thumb/v7e-m/crtbegin.o
 .text.gfx_set_clipping
                0x004001ac       0x54 LCDLib/gfx/gfx_generic.o
                0x004001ac                gfx_set_clipping
 .text.gfx_get_width
                0x00400200        0xc LCDLib/gfx/gfx_generic.o
                0x00400200                gfx_get_width
 .text.gfx_get_height
                0x0040020c        0xc LCDLib/gfx/gfx_generic.o
                0x0040020c                gfx_get_height
 .text.gfx_generic_draw_filled_rect
                0x00400218       0xd8 LCDLib/gfx/gfx_generic.o
                0x00400218                gfx_generic_draw_filled_rect
 .text.gfx_generic_put_bitmap
                0x004002f0      0x198 LCDLib/gfx/gfx_generic.o
                0x004002f0                gfx_generic_put_bitmap
 .text.gfx_ili9488_set_orientation
                0x00400488       0x5c LCDLib/gfx/gfx_ili9488_90_00028_a0.o
                0x00400488                gfx_ili9488_set_orientation
 .text.gfx_ili9488_draw_pixel
                0x004004e4       0x58 LCDLib/gfx/gfx_ili9488_90_00028_a0.o
                0x004004e4                gfx_ili9488_draw_pixel
 .text.gfx_ili9488_init
                0x0040053c       0x74 LCDLib/gfx/gfx_ili9488_90_00028_a0.o
                0x0040053c                gfx_ili9488_init
 .text.gfx_draw_char
                0x004005b0       0xcc LCDLib/gfx/gfx_text.o
                0x004005b0                gfx_draw_char
 .text.gfx_get_string_bounding_box
                0x0040067c       0x3c LCDLib/gfx/gfx_text.o
                0x0040067c                gfx_get_string_bounding_box
 .text.gfx_draw_string_aligned
                0x004006b8      0x150 LCDLib/gfx/gfx_text.o
                0x004006b8                gfx_draw_string_aligned
 .text.mxt_init_device
                0x00400808      0x298 src/ASF/common/components/touch/mxt/mxt_device_1.o
                0x00400808                mxt_init_device
 .text.mxt_get_object_address
                0x00400aa0       0x40 src/ASF/common/components/touch/mxt/mxt_device_1.o
                0x00400aa0                mxt_get_object_address
 .text.mxt_write_config_object
                0x00400ae0       0x78 src/ASF/common/components/touch/mxt/mxt_device_1.o
                0x00400ae0                mxt_write_config_object
 .text.mxt_write_config_reg
                0x00400b58       0x48 src/ASF/common/components/touch/mxt/mxt_device_1.o
                0x00400b58                mxt_write_config_reg
 .text.mxt_is_message_pending
                0x00400ba0       0x24 src/ASF/common/components/touch/mxt/mxt_device_1.o
                0x00400ba0                mxt_is_message_pending
 .text.mxt_read_message
                0x00400bc4       0x4c src/ASF/common/components/touch/mxt/mxt_device_1.o
                0x00400bc4                mxt_read_message
 .text.mxt_read_touch_event
                0x00400c10       0x70 src/ASF/common/components/touch/mxt/mxt_device_1.o
                0x00400c10                mxt_read_touch_event
 .text.ili9488_write_ram_prepare
                0x00400c80       0x20 src/ASF/sam/components/display/ili9488/ili9488.o
 .text.ili9488_write_register
                0x00400ca0       0x4c src/ASF/sam/components/display/ili9488/ili9488.o
 .text.ili9488_delay
                0x00400cec       0x1c src/ASF/sam/components/display/ili9488/ili9488.o
                0x00400cec                ili9488_delay
 .text.ili9488_set_display_direction
                0x00400d08       0x2c src/ASF/sam/components/display/ili9488/ili9488.o
                0x00400d08                ili9488_set_display_direction
 .text.ili9488_set_window
                0x00400d34       0x80 src/ASF/sam/components/display/ili9488/ili9488.o
                0x00400d34                ili9488_set_window
 .text.ili9488_display_on
                0x00400db4       0x14 src/ASF/sam/components/display/ili9488/ili9488.o
                0x00400db4                ili9488_display_on
 .text.ili9488_set_foreground_color
                0x00400dc8       0x18 src/ASF/sam/components/display/ili9488/ili9488.o
                0x00400dc8                ili9488_set_foreground_color
 .text.ili9488_set_cursor_position
                0x00400de0       0x64 src/ASF/sam/components/display/ili9488/ili9488.o
                0x00400de0                ili9488_set_cursor_position
 .text.ili9488_init
                0x00400e44      0x170 src/ASF/sam/components/display/ili9488/ili9488.o
                0x00400e44                ili9488_init
 .text.ili9488_set_top_left_limit
                0x00400fb4       0x14 src/ASF/sam/components/display/ili9488/ili9488.o
                0x00400fb4                ili9488_set_top_left_limit
 .text.ili9488_set_bottom_right_limit
                0x00400fc8       0x14 src/ASF/sam/components/display/ili9488/ili9488.o
                0x00400fc8                ili9488_set_bottom_right_limit
 .text.ili9488_set_limits
                0x00400fdc       0x28 src/ASF/sam/components/display/ili9488/ili9488.o
                0x00400fdc                ili9488_set_limits
 .text.ili9488_set_orientation
                0x00401004       0x4c src/ASF/sam/components/display/ili9488/ili9488.o
                0x00401004                ili9488_set_orientation
 .text.ili9488_write_gram
                0x00401050       0x40 src/ASF/sam/components/display/ili9488/ili9488.o
                0x00401050                ili9488_write_gram
 .text.ili9488_copy_pixels_to_screen
                0x00401090       0x4c src/ASF/sam/components/display/ili9488/ili9488.o
                0x00401090                ili9488_copy_pixels_to_screen
 .text.ili9488_duplicate_pixel
                0x004010dc       0x74 src/ASF/sam/components/display/ili9488/ili9488.o
                0x004010dc                ili9488_duplicate_pixel
 .text.smc_set_setup_timing
                0x00401150        0x6 src/ASF/sam/drivers/ebi/smc/smc.o
                0x00401150                smc_set_setup_timing
 .text.smc_set_pulse_timing
                0x00401156        0x8 src/ASF/sam/drivers/ebi/smc/smc.o
                0x00401156                smc_set_pulse_timing
 .text.smc_set_cycle_timing
                0x0040115e        0x8 src/ASF/sam/drivers/ebi/smc/smc.o
                0x0040115e                smc_set_cycle_timing
 .text.smc_set_mode
                0x00401166        0x8 src/ASF/sam/drivers/ebi/smc/smc.o
                0x00401166                smc_set_mode
 *fill*         0x0040116e        0x2 
 .text.twihs_set_speed
                0x00401170       0xb0 src/ASF/sam/drivers/twihs/twihs.o
                0x00401170                twihs_set_speed
 .text.twihs_master_init
                0x00401220       0x34 src/ASF/sam/drivers/twihs/twihs.o
                0x00401220                twihs_master_init
 .text.twihs_master_read
                0x00401254       0xac src/ASF/sam/drivers/twihs/twihs.o
                0x00401254                twihs_master_read
 .text.twihs_master_write
                0x00401300       0xa0 src/ASF/sam/drivers/twihs/twihs.o
                0x00401300                twihs_master_write
 .text.sysclk_init
                0x004013a0       0x70 src/ASF/common/services/clock/samv71/sysclk.o
                0x004013a0                sysclk_init
 .text.board_init
                0x00401410      0x29c src/ASF/sam/boards/samv71_xplained_ultra/init.o
                0x00401410                board_init
 .text.mpu_enable
                0x004016ac        0xc src/ASF/sam/drivers/mpu/mpu.o
                0x004016ac                mpu_enable
 .text.mpu_set_region
                0x004016b8        0xc src/ASF/sam/drivers/mpu/mpu.o
                0x004016b8                mpu_set_region
 .text.mpu_cal_mpu_region_size
                0x004016c4       0x1c src/ASF/sam/drivers/mpu/mpu.o
                0x004016c4                mpu_cal_mpu_region_size
 .text.pio_set  0x004016e0        0x4 src/ASF/sam/drivers/pio/pio.o
                0x004016e0                pio_set
 .text.pio_clear
                0x004016e4        0x4 src/ASF/sam/drivers/pio/pio.o
                0x004016e4                pio_clear
 .text.pio_set_peripheral
                0x004016e8       0x92 src/ASF/sam/drivers/pio/pio.o
                0x004016e8                pio_set_peripheral
 .text.pio_set_input
                0x0040177a       0x36 src/ASF/sam/drivers/pio/pio.o
                0x0040177a                pio_set_input
 .text.pio_set_output
                0x004017b0       0x28 src/ASF/sam/drivers/pio/pio.o
                0x004017b0                pio_set_output
 .text.pio_configure
                0x004017d8       0x90 src/ASF/sam/drivers/pio/pio.o
                0x004017d8                pio_configure
 .text.pio_get_interrupt_status
                0x00401868        0x4 src/ASF/sam/drivers/pio/pio.o
                0x00401868                pio_get_interrupt_status
 .text.pio_get_interrupt_mask
                0x0040186c        0x4 src/ASF/sam/drivers/pio/pio.o
                0x0040186c                pio_get_interrupt_mask
 .text.pio_handler_process
                0x00401870       0x50 src/ASF/sam/drivers/pio/pio_handler.o
                0x00401870                pio_handler_process
 .text.PIOA_Handler
                0x004018c0       0x14 src/ASF/sam/drivers/pio/pio_handler.o
                0x004018c0                PIOA_Handler
 .text.PIOB_Handler
                0x004018d4       0x14 src/ASF/sam/drivers/pio/pio_handler.o
                0x004018d4                PIOB_Handler
 .text.PIOC_Handler
                0x004018e8       0x14 src/ASF/sam/drivers/pio/pio_handler.o
                0x004018e8                PIOC_Handler
 .text.PIOD_Handler
                0x004018fc       0x14 src/ASF/sam/drivers/pio/pio_handler.o
                0x004018fc                PIOD_Handler
 .text.PIOE_Handler
                0x00401910       0x14 src/ASF/sam/drivers/pio/pio_handler.o
                0x00401910                PIOE_Handler
 .text.pmc_mck_set_division
                0x00401924       0x38 src/ASF/sam/drivers/pmc/pmc.o
                0x00401924                pmc_mck_set_division
 .text.pmc_switch_mck_to_pllack
                0x0040195c       0x64 src/ASF/sam/drivers/pmc/pmc.o
                0x0040195c                pmc_switch_mck_to_pllack
 .text.pmc_switch_mainck_to_xtal
                0x004019c0       0x54 src/ASF/sam/drivers/pmc/pmc.o
                0x004019c0                pmc_switch_mainck_to_xtal
 .text.pmc_osc_is_ready_mainck
                0x00401a14       0x10 src/ASF/sam/drivers/pmc/pmc.o
                0x00401a14                pmc_osc_is_ready_mainck
 .text.pmc_disable_pllack
                0x00401a24       0x10 src/ASF/sam/drivers/pmc/pmc.o
                0x00401a24                pmc_disable_pllack
 .text.pmc_is_locked_pllack
                0x00401a34       0x10 src/ASF/sam/drivers/pmc/pmc.o
                0x00401a34                pmc_is_locked_pllack
 .text.pmc_enable_periph_clk
                0x00401a44       0x54 src/ASF/sam/drivers/pmc/pmc.o
                0x00401a44                pmc_enable_periph_clk
 .text.Dummy_Handler
                0x00401a98        0x2 src/ASF/sam/utils/cmsis/samv71/source/templates/gcc/startup_samv71.o
                0x00401a98                DACC_Handler
                0x00401a98                DebugMon_Handler
                0x00401a98                UART3_Handler
                0x00401a98                UART2_Handler
                0x00401a98                TRNG_Handler
                0x00401a98                HardFault_Handler
                0x00401a98                TC2_Handler
                0x00401a98                SysTick_Handler
                0x00401a98                AFEC1_Handler
                0x00401a98                PendSV_Handler
                0x00401a98                NMI_Handler
                0x00401a98                TC7_Handler
                0x00401a98                QSPI_Handler
                0x00401a98                ISI_Handler
                0x00401a98                TC9_Handler
                0x00401a98                RSWDT_Handler
                0x00401a98                MCAN1_Handler
                0x00401a98                USART0_Handler
                0x00401a98                RTT_Handler
                0x00401a98                USBHS_Handler
                0x00401a98                RTC_Handler
                0x00401a98                UsageFault_Handler
                0x00401a98                TC6_Handler
                0x00401a98                WDT_Handler
                0x00401a98                TC4_Handler
                0x00401a98                TC1_Handler
                0x00401a98                HSMCI_Handler
                0x00401a98                UART1_Handler
                0x00401a98                TC3_Handler
                0x00401a98                Dummy_Handler
                0x00401a98                TWIHS1_Handler
                0x00401a98                XDMAC_Handler
                0x00401a98                UART4_Handler
                0x00401a98                PWM1_Handler
                0x00401a98                USART1_Handler
                0x00401a98                PWM0_Handler
                0x00401a98                AFEC0_Handler
                0x00401a98                SSC_Handler
                0x00401a98                TC11_Handler
                0x00401a98                ACC_Handler
                0x00401a98                PMC_Handler
                0x00401a98                GMAC_Handler
                0x00401a98                MemManage_Handler
                0x00401a98                SUPC_Handler
                0x00401a98                SVC_Handler
                0x00401a98                TC8_Handler
                0x00401a98                EFC_Handler
                0x00401a98                USART2_Handler
                0x00401a98                SDRAMC_Handler
                0x00401a98                SPI1_Handler
                0x00401a98                MCAN0_Handler
                0x00401a98                TC10_Handler
                0x00401a98                TWIHS2_Handler
                0x00401a98                MLB_Handler
                0x00401a98                UART0_Handler
                0x00401a98                BusFault_Handler
                0x00401a98                RSTC_Handler
                0x00401a98                TC0_Handler
                0x00401a98                TC5_Handler
                0x00401a98                ICM_Handler
                0x00401a98                AES_Handler
                0x00401a98                TWIHS0_Handler
                0x00401a98                SPI0_Handler
 *fill*         0x00401a9a        0x2 
 .text.Reset_Handler
                0x00401a9c       0xc8 src/ASF/sam/utils/cmsis/samv71/source/templates/gcc/startup_samv71.o
                0x00401a9c                Reset_Handler
 .text.SystemCoreClockUpdate
                0x00401b64      0x10c src/ASF/sam/utils/cmsis/samv71/source/templates/system_samv71.o
                0x00401b64                SystemCoreClockUpdate
 .text.system_init_flash
                0x00401c70       0x8c src/ASF/sam/utils/cmsis/samv71/source/templates/system_samv71.o
                0x00401c70                system_init_flash
 .text._sbrk    0x00401cfc       0x38 src/ASF/sam/utils/syscalls/gcc/syscalls.o
                0x00401cfc                _sbrk
 .text.main     0x00401d34      0x264 src/main.o
                0x00401d34                main
 .text.__libc_init_array
                0x00401f98       0x50 c:/program files (x86)/atmel/studio/7.0/toolchain/arm/arm-gnu-toolchain/bin/../lib/gcc/arm-none-eabi/6.3.1/../../../../arm-none-eabi/lib/thumb/v7e-m\libc.a(lib_a-init.o)
                0x00401f98                __libc_init_array
 .text.malloc   0x00401fe8       0x10 c:/program files (x86)/atmel/studio/7.0/toolchain/arm/arm-gnu-toolchain/bin/../lib/gcc/arm-none-eabi/6.3.1/../../../../arm-none-eabi/lib/thumb/v7e-m\libc.a(lib_a-malloc.o)
                0x00401fe8                malloc
 .text._malloc_r
                0x00401ff8      0x560 c:/program files (x86)/atmel/studio/7.0/toolchain/arm/arm-gnu-toolchain/bin/../lib/gcc/arm-none-eabi/6.3.1/../../../../arm-none-eabi/lib/thumb/v7e-m\libc.a(lib_a-mallocr.o)
                0x00401ff8                _malloc_r
 .text.__malloc_lock
                0x00402558        0xc c:/program files (x86)/atmel/studio/7.0/toolchain/arm/arm-gnu-toolchain/bin/../lib/gcc/arm-none-eabi/6.3.1/../../../../arm-none-eabi/lib/thumb/v7e-m\libc.a(lib_a-mlock.o)
                0x00402558                __malloc_lock
 .text.__malloc_unlock
                0x00402564        0xc c:/program files (x86)/atmel/studio/7.0/toolchain/arm/arm-gnu-toolchain/bin/../lib/gcc/arm-none-eabi/6.3.1/../../../../arm-none-eabi/lib/thumb/v7e-m\libc.a(lib_a-mlock.o)
                0x00402564                __malloc_unlock
 .text._sbrk_r  0x00402570       0x24 c:/program files (x86)/atmel/studio/7.0/toolchain/arm/arm-gnu-toolchain/bin/../lib/gcc/arm-none-eabi/6.3.1/../../../../arm-none-eabi/lib/thumb/v7e-m\libc.a(lib_a-sbrkr.o)
                0x00402570                _sbrk_r
 .text.startup.register_fini
                0x00402594       0x14 c:/program files (x86)/atmel/studio/7.0/toolchain/arm/arm-gnu-toolchain/bin/../lib/gcc/arm-none-eabi/6.3.1/../../../../arm-none-eabi/lib/thumb/v7e-m\libc.a(lib_a-__call_atexit.o)
 .text.atexit   0x004025a8        0xc c:/program files (x86)/atmel/studio/7.0/toolchain/arm/arm-gnu-toolchain/bin/../lib/gcc/arm-none-eabi/6.3.1/../../../../arm-none-eabi/lib/thumb/v7e-m\libc.a(lib_a-atexit.o)
                0x004025a8                atexit
 .text.__libc_fini_array
                0x004025b4       0x34 c:/program files (x86)/atmel/studio/7.0/toolchain/arm/arm-gnu-toolchain/bin/../lib/gcc/arm-none-eabi/6.3.1/../../../../arm-none-eabi/lib/thumb/v7e-m\libc.a(lib_a-fini.o)
                0x004025b4                __libc_fini_array
 .text._malloc_trim_r
                0x004025e8       0xa0 c:/program files (x86)/atmel/studio/7.0/toolchain/arm/arm-gnu-toolchain/bin/../lib/gcc/arm-none-eabi/6.3.1/../../../../arm-none-eabi/lib/thumb/v7e-m\libc.a(lib_a-freer.o)
                0x004025e8                _malloc_trim_r
 .text._free_r  0x00402688      0x1cc c:/program files (x86)/atmel/studio/7.0/toolchain/arm/arm-gnu-toolchain/bin/../lib/gcc/arm-none-eabi/6.3.1/../../../../arm-none-eabi/lib/thumb/v7e-m\libc.a(lib_a-freer.o)
                0x00402688                _free_r
 .text.__retarget_lock_acquire_recursive
                0x00402854        0x4 c:/program files (x86)/atmel/studio/7.0/toolchain/arm/arm-gnu-toolchain/bin/../lib/gcc/arm-none-eabi/6.3.1/../../../../arm-none-eabi/lib/thumb/v7e-m\libc.a(lib_a-lock.o)
                0x00402854                __retarget_lock_acquire_recursive
 .text.__retarget_lock_release_recursive
                0x00402858        0x4 c:/program files (x86)/atmel/studio/7.0/toolchain/arm/arm-gnu-toolchain/bin/../lib/gcc/arm-none-eabi/6.3.1/../../../../arm-none-eabi/lib/thumb/v7e-m\libc.a(lib_a-lock.o)
                0x00402858                __retarget_lock_release_recursive
 .text.__register_exitproc
                0x0040285c       0xc4 c:/program files (x86)/atmel/studio/7.0/toolchain/arm/arm-gnu-toolchain/bin/../lib/gcc/arm-none-eabi/6.3.1/../../../../arm-none-eabi/lib/thumb/v7e-m\libc.a(lib_a-__atexit.o)
                0x0040285c                __register_exitproc
 *(.glue_7t)
 .glue_7t       0x00402920        0x0 linker stubs
 *(.glue_7)
 .glue_7        0x00402920        0x0 linker stubs
 *(.rodata .rodata* .gnu.linkonce.r.*)
 .rodata.sysfont_glyphs
                0x00402920      0xbc0 LCDLib/gfx/sysfont.o
 .rodata        0x004034e0       0x5d src/main.o
 *fill*         0x0040353d        0x3 
 .rodata.example_string
                0x00403540        0x7 src/main.o
                0x00403540                example_string
 *fill*         0x00403547        0x1 
 .rodata.keyboardData
                0x00403548    0x26ac0 src/main.o
                0x00403548                keyboardData
 .rodata._global_impure_ptr
                0x0042a008        0x4 c:/program files (x86)/atmel/studio/7.0/toolchain/arm/arm-gnu-toolchain/bin/../lib/gcc/arm-none-eabi/6.3.1/../../../../arm-none-eabi/lib/thumb/v7e-m\libc.a(lib_a-impure.o)
                0x0042a008                _global_impure_ptr
 *(.ARM.extab* .gnu.linkonce.armextab.*)
                0x0042a00c                . = ALIGN (0x4)
 *(.init)
 .init          0x0042a00c        0x4 c:/program files (x86)/atmel/studio/7.0/toolchain/arm/arm-gnu-toolchain/bin/../lib/gcc/arm-none-eabi/6.3.1/thumb/v7e-m/crti.o
                0x0042a00c                _init
 .init          0x0042a010        0x8 c:/program files (x86)/atmel/studio/7.0/toolchain/arm/arm-gnu-toolchain/bin/../lib/gcc/arm-none-eabi/6.3.1/thumb/v7e-m/crtn.o
                0x0042a018                . = ALIGN (0x4)
                0x0042a018                __preinit_array_start = .
 *(.preinit_array)
                0x0042a018                __preinit_array_end = .
                0x0042a018                . = ALIGN (0x4)
                0x0042a018                __init_array_start = .
 *(SORT(.init_array.*))
 .init_array.00000
                0x0042a018        0x4 c:/program files (x86)/atmel/studio/7.0/toolchain/arm/arm-gnu-toolchain/bin/../lib/gcc/arm-none-eabi/6.3.1/../../../../arm-none-eabi/lib/thumb/v7e-m\libc.a(lib_a-__call_atexit.o)
 *(.init_array)
 .init_array    0x0042a01c        0x4 c:/program files (x86)/atmel/studio/7.0/toolchain/arm/arm-gnu-toolchain/bin/../lib/gcc/arm-none-eabi/6.3.1/thumb/v7e-m/crtbegin.o
                0x0042a020                __init_array_end = .
                0x0042a020                . = ALIGN (0x4)
 *crtbegin.o(.ctors)
 *(EXCLUDE_FILE(*crtend.o) .ctors)
 *(SORT(.ctors.*))
 *crtend.o(.ctors)
                0x0042a020                . = ALIGN (0x4)
 *(.fini)
 .fini          0x0042a020        0x4 c:/program files (x86)/atmel/studio/7.0/toolchain/arm/arm-gnu-toolchain/bin/../lib/gcc/arm-none-eabi/6.3.1/thumb/v7e-m/crti.o
                0x0042a020                _fini
 .fini          0x0042a024        0x8 c:/program files (x86)/atmel/studio/7.0/toolchain/arm/arm-gnu-toolchain/bin/../lib/gcc/arm-none-eabi/6.3.1/thumb/v7e-m/crtn.o
                0x0042a02c                . = ALIGN (0x4)
                0x0042a02c                __fini_array_start = .
 *(.fini_array)
 .fini_array    0x0042a02c        0x4 c:/program files (x86)/atmel/studio/7.0/toolchain/arm/arm-gnu-toolchain/bin/../lib/gcc/arm-none-eabi/6.3.1/thumb/v7e-m/crtbegin.o
 *(SORT(.fini_array.*))
                0x0042a030                __fini_array_end = .
 *crtbegin.o(.dtors)
 *(EXCLUDE_FILE(*crtend.o) .dtors)
 *(SORT(.dtors.*))
 *crtend.o(.dtors)
                0x0042a030                . = ALIGN (0x4)
                0x0042a030                _efixed = .
                [!provide]                PROVIDE (__exidx_start, .)

.vfp11_veneer   0x0042a030        0x0
 .vfp11_veneer  0x0042a030        0x0 linker stubs

.v4_bx          0x0042a030        0x0
 .v4_bx         0x0042a030        0x0 linker stubs

.iplt           0x0042a030        0x0
 .iplt          0x0042a030        0x0 c:/program files (x86)/atmel/studio/7.0/toolchain/arm/arm-gnu-toolchain/bin/../lib/gcc/arm-none-eabi/6.3.1/thumb/v7e-m/crtbegin.o

.eh_frame       0x0042a030        0x0
 .eh_frame      0x0042a030        0x0 c:/program files (x86)/atmel/studio/7.0/toolchain/arm/arm-gnu-toolchain/bin/../lib/gcc/arm-none-eabi/6.3.1/thumb/v7e-m/crtbegin.o

.rel.dyn        0x0042a030        0x0
 .rel.iplt      0x0042a030        0x0 c:/program files (x86)/atmel/studio/7.0/toolchain/arm/arm-gnu-toolchain/bin/../lib/gcc/arm-none-eabi/6.3.1/thumb/v7e-m/crtbegin.o

.jcr            0x0042a030        0x0
 .jcr           0x0042a030        0x0 c:/program files (x86)/atmel/studio/7.0/toolchain/arm/arm-gnu-toolchain/bin/../lib/gcc/arm-none-eabi/6.3.1/thumb/v7e-m/crtbegin.o

.igot.plt       0x0042a030        0x0
 .igot.plt      0x0042a030        0x0 c:/program files (x86)/atmel/studio/7.0/toolchain/arm/arm-gnu-toolchain/bin/../lib/gcc/arm-none-eabi/6.3.1/thumb/v7e-m/crtbegin.o

.ARM.exidx
 *(.ARM.exidx* .gnu.linkonce.armexidx.*)
                [!provide]                PROVIDE (__exidx_end, .)
                0x0042a030                . = ALIGN (0x4)
                0x0042a030                _etext = .

.relocate       0x20400000      0x86c load address 0x0042a030
                0x20400000                . = ALIGN (0x4)
                0x20400000                _srelocate = .
 *(.ramfunc .ramfunc.*)
 .ramfunc       0x20400000        0xa src/ASF/common/services/delay/sam/cycle_counter.o
                0x20400000                portable_delay_cycles
 *(.data .data.*)
 *fill*         0x2040000a        0x2 
 .data.sysfont  0x2040000c        0xc LCDLib/gfx/sysfont.o
                0x2040000c                sysfont
 .data.g_interrupt_enabled
                0x20400018        0x1 src/ASF/common/utils/interrupt/interrupt_sam_nvic.o
                0x20400018                g_interrupt_enabled
 *fill*         0x20400019        0x3 
 .data.SystemCoreClock
                0x2040001c        0x4 src/ASF/sam/utils/cmsis/samv71/source/templates/system_samv71.o
                0x2040001c                SystemCoreClock
 .data.keyboard
                0x20400020        0xc src/main.o
                0x20400020                keyboard
 .data._impure_ptr
                0x2040002c        0x4 c:/program files (x86)/atmel/studio/7.0/toolchain/arm/arm-gnu-toolchain/bin/../lib/gcc/arm-none-eabi/6.3.1/../../../../arm-none-eabi/lib/thumb/v7e-m\libc.a(lib_a-impure.o)
                0x2040002c                _impure_ptr
 .data.impure_data
                0x20400030      0x428 c:/program files (x86)/atmel/studio/7.0/toolchain/arm/arm-gnu-toolchain/bin/../lib/gcc/arm-none-eabi/6.3.1/../../../../arm-none-eabi/lib/thumb/v7e-m\libc.a(lib_a-impure.o)
 .data.__malloc_av_
                0x20400458      0x408 c:/program files (x86)/atmel/studio/7.0/toolchain/arm/arm-gnu-toolchain/bin/../lib/gcc/arm-none-eabi/6.3.1/../../../../arm-none-eabi/lib/thumb/v7e-m\libc.a(lib_a-mallocr.o)
                0x20400458                __malloc_av_
 .data.__malloc_sbrk_base
                0x20400860        0x4 c:/program files (x86)/atmel/studio/7.0/toolchain/arm/arm-gnu-toolchain/bin/../lib/gcc/arm-none-eabi/6.3.1/../../../../arm-none-eabi/lib/thumb/v7e-m\libc.a(lib_a-mallocr.o)
                0x20400860                __malloc_sbrk_base
 .data.__malloc_trim_threshold
                0x20400864        0x4 c:/program files (x86)/atmel/studio/7.0/toolchain/arm/arm-gnu-toolchain/bin/../lib/gcc/arm-none-eabi/6.3.1/../../../../arm-none-eabi/lib/thumb/v7e-m\libc.a(lib_a-mallocr.o)
                0x20400864                __malloc_trim_threshold
 .data.__atexit_recursive_mutex
                0x20400868        0x4 c:/program files (x86)/atmel/studio/7.0/toolchain/arm/arm-gnu-toolchain/bin/../lib/gcc/arm-none-eabi/6.3.1/../../../../arm-none-eabi/lib/thumb/v7e-m\libc.a(lib_a-__call_atexit.o)
                0x20400868                __atexit_recursive_mutex
                0x2040086c                . = ALIGN (0x4)
                0x2040086c                _erelocate = .

.bss            0x2040086c      0x384 load address 0x0042a89c
                0x2040086c                . = ALIGN (0x4)
                0x2040086c                _sbss = .
                0x2040086c                _szero = .
 *(.bss .bss.*)
 .bss           0x2040086c       0x1c c:/program files (x86)/atmel/studio/7.0/toolchain/arm/arm-gnu-toolchain/bin/../lib/gcc/arm-none-eabi/6.3.1/thumb/v7e-m/crtbegin.o
 .bss.gfx_ext_draw_func
                0x20400888        0x4 LCDLib/gfx/gfx_generic.o
 .bss.g_ul_pixel_cache
                0x2040088c      0x280 src/ASF/sam/components/display/ili9488/ili9488.o
 .bss.limit_end_x
                0x20400b0c        0x2 src/ASF/sam/components/display/ili9488/ili9488.o
 .bss.limit_end_y
                0x20400b0e        0x2 src/ASF/sam/components/display/ili9488/ili9488.o
 .bss.limit_start_x
                0x20400b10        0x2 src/ASF/sam/components/display/ili9488/ili9488.o
 .bss.limit_start_y
                0x20400b12        0x2 src/ASF/sam/components/display/ili9488/ili9488.o
 .bss.gs_interrupt_sources
                0x20400b14       0x70 src/ASF/sam/drivers/pio/pio_handler.o
 .bss.heap.6420
                0x20400b84        0x4 src/ASF/sam/utils/syscalls/gcc/syscalls.o
 .bss.__malloc_current_mallinfo
                0x20400b88       0x28 c:/program files (x86)/atmel/studio/7.0/toolchain/arm/arm-gnu-toolchain/bin/../lib/gcc/arm-none-eabi/6.3.1/../../../../arm-none-eabi/lib/thumb/v7e-m\libc.a(lib_a-mallocr.o)
                0x20400b88                __malloc_current_mallinfo
 .bss.__malloc_max_sbrked_mem
                0x20400bb0        0x4 c:/program files (x86)/atmel/studio/7.0/toolchain/arm/arm-gnu-toolchain/bin/../lib/gcc/arm-none-eabi/6.3.1/../../../../arm-none-eabi/lib/thumb/v7e-m\libc.a(lib_a-mallocr.o)
                0x20400bb0                __malloc_max_sbrked_mem
 .bss.__malloc_max_total_mem
                0x20400bb4        0x4 c:/program files (x86)/atmel/studio/7.0/toolchain/arm/arm-gnu-toolchain/bin/../lib/gcc/arm-none-eabi/6.3.1/../../../../arm-none-eabi/lib/thumb/v7e-m\libc.a(lib_a-mallocr.o)
                0x20400bb4                __malloc_max_total_mem
 .bss.__malloc_top_pad
                0x20400bb8        0x4 c:/program files (x86)/atmel/studio/7.0/toolchain/arm/arm-gnu-toolchain/bin/../lib/gcc/arm-none-eabi/6.3.1/../../../../arm-none-eabi/lib/thumb/v7e-m\libc.a(lib_a-mallocr.o)
                0x20400bb8                __malloc_top_pad
 *(COMMON)
 COMMON         0x20400bbc        0xc LCDLib/gfx/gfx_ili9488_90_00028_a0.o
                0x20400bbc                gfx_width
                0x20400bbe                gfx_max_x
                0x20400bc0                gfx_min_x
                0x20400bc2                gfx_max_y
                0x20400bc4                gfx_min_y
                0x20400bc6                gfx_height
 COMMON         0x20400bc8       0x21 c:/program files (x86)/atmel/studio/7.0/toolchain/arm/arm-gnu-toolchain/bin/../lib/gcc/arm-none-eabi/6.3.1/../../../../arm-none-eabi/lib/thumb/v7e-m\libc.a(lib_a-lock.o)
                0x20400bc8                __lock___atexit_recursive_mutex
                0x20400bcc                __lock___arc4random_mutex
                0x20400bd0                __lock___env_recursive_mutex
                0x20400bd4                __lock___sinit_recursive_mutex
                0x20400bd8                __lock___malloc_recursive_mutex
                0x20400bdc                __lock___at_quick_exit_mutex
                0x20400be0                __lock___dd_hash_mutex
                0x20400be4                __lock___tz_mutex
                0x20400be8                __lock___sfp_recursive_mutex
 *fill*         0x20400be9        0x3 
 COMMON         0x20400bec        0x4 c:/program files (x86)/atmel/studio/7.0/toolchain/arm/arm-gnu-toolchain/bin/../lib/gcc/arm-none-eabi/6.3.1/../../../../arm-none-eabi/lib/thumb/v7e-m\libc.a(lib_a-reent.o)
                0x20400bec                errno
                0x20400bf0                . = ALIGN (0x4)
                0x20400bf0                _ebss = .
                0x20400bf0                _ezero = .

.stack          0x20400bf0     0x2000 load address 0x0042ac20
                0x20400bf0                . = ALIGN (0x8)
                0x20400bf0                _sstack = .
                0x20402bf0                . = (. + STACK_SIZE)
 *fill*         0x20400bf0     0x2000 
                0x20402bf0                . = ALIGN (0x8)
                0x20402bf0                _estack = .

.heap           0x20402bf0      0x200 load address 0x0042cc20
                0x20402bf0                . = ALIGN (0x8)
                0x20402bf0                _sheap = .
                0x20402df0                . = (. + HEAP_SIZE)
 *fill*         0x20402bf0      0x200 
                0x20402df0                . = ALIGN (0x8)
                0x20402df0                _eheap = .
                0x20402df0                . = ALIGN (0x4)
                0x20402df0                _end = .
                0x2045ffff                _ram_end_ = ((ORIGIN (ram) + LENGTH (ram)) - 0x1)
OUTPUT(LCD_and_Touch.elf elf32-littlearm)

.ARM.attributes
                0x00000000       0x2e
 .ARM.attributes
                0x00000000       0x1e c:/program files (x86)/atmel/studio/7.0/toolchain/arm/arm-gnu-toolchain/bin/../lib/gcc/arm-none-eabi/6.3.1/thumb/v7e-m/crti.o
 .ARM.attributes
                0x0000001e       0x2e c:/program files (x86)/atmel/studio/7.0/toolchain/arm/arm-gnu-toolchain/bin/../lib/gcc/arm-none-eabi/6.3.1/thumb/v7e-m/crtbegin.o
 .ARM.attributes
                0x0000004c       0x37 LCDLib/gfx/gfx_generic.o
 .ARM.attributes
                0x00000083       0x37 LCDLib/gfx/gfx_ili9488_90_00028_a0.o
 .ARM.attributes
                0x000000ba       0x37 LCDLib/gfx/gfx_text.o
 .ARM.attributes
                0x000000f1       0x37 LCDLib/gfx/sysfont.o
 .ARM.attributes
                0x00000128       0x37 src/ASF/common/components/touch/mxt/mxt_device_1.o
 .ARM.attributes
                0x0000015f       0x37 src/ASF/sam/components/display/ili9488/ili9488.o
 .ARM.attributes
                0x00000196       0x37 src/ASF/sam/drivers/ebi/smc/smc.o
 .ARM.attributes
                0x000001cd       0x37 src/ASF/common/services/delay/sam/cycle_counter.o
 .ARM.attributes
                0x00000204       0x37 src/ASF/sam/drivers/twihs/twihs.o
 .ARM.attributes
                0x0000023b       0x37 src/ASF/common/services/clock/samv71/sysclk.o
 .ARM.attributes
                0x00000272       0x37 src/ASF/common/utils/interrupt/interrupt_sam_nvic.o
 .ARM.attributes
                0x000002a9       0x37 src/ASF/sam/boards/samv71_xplained_ultra/init.o
 .ARM.attributes
                0x000002e0       0x37 src/ASF/sam/drivers/mpu/mpu.o
 .ARM.attributes
                0x00000317       0x37 src/ASF/sam/drivers/pio/pio.o
 .ARM.attributes
                0x0000034e       0x37 src/ASF/sam/drivers/pio/pio_handler.o
 .ARM.attributes
                0x00000385       0x37 src/ASF/sam/drivers/pmc/pmc.o
 .ARM.attributes
                0x000003bc       0x37 src/ASF/sam/utils/cmsis/samv71/source/templates/gcc/startup_samv71.o
 .ARM.attributes
                0x000003f3       0x37 src/ASF/sam/utils/cmsis/samv71/source/templates/system_samv71.o
 .ARM.attributes
                0x0000042a       0x37 src/ASF/sam/utils/syscalls/gcc/syscalls.o
 .ARM.attributes
                0x00000461       0x37 src/main.o
 .ARM.attributes
                0x00000498       0x2e c:/program files (x86)/atmel/studio/7.0/toolchain/arm/arm-gnu-toolchain/bin/../lib/gcc/arm-none-eabi/6.3.1/../../../../arm-none-eabi/lib/thumb/v7e-m\libc.a(lib_a-impure.o)
 .ARM.attributes
                0x000004c6       0x2e c:/program files (x86)/atmel/studio/7.0/toolchain/arm/arm-gnu-toolchain/bin/../lib/gcc/arm-none-eabi/6.3.1/../../../../arm-none-eabi/lib/thumb/v7e-m\libc.a(lib_a-init.o)
 .ARM.attributes
                0x000004f4       0x2e c:/program files (x86)/atmel/studio/7.0/toolchain/arm/arm-gnu-toolchain/bin/../lib/gcc/arm-none-eabi/6.3.1/../../../../arm-none-eabi/lib/thumb/v7e-m\libc.a(lib_a-malloc.o)
 .ARM.attributes
                0x00000522       0x2e c:/program files (x86)/atmel/studio/7.0/toolchain/arm/arm-gnu-toolchain/bin/../lib/gcc/arm-none-eabi/6.3.1/../../../../arm-none-eabi/lib/thumb/v7e-m\libc.a(lib_a-mallocr.o)
 .ARM.attributes
                0x00000550       0x2e c:/program files (x86)/atmel/studio/7.0/toolchain/arm/arm-gnu-toolchain/bin/../lib/gcc/arm-none-eabi/6.3.1/../../../../arm-none-eabi/lib/thumb/v7e-m\libc.a(lib_a-mlock.o)
 .ARM.attributes
                0x0000057e       0x2e c:/program files (x86)/atmel/studio/7.0/toolchain/arm/arm-gnu-toolchain/bin/../lib/gcc/arm-none-eabi/6.3.1/../../../../arm-none-eabi/lib/thumb/v7e-m\libc.a(lib_a-sbrkr.o)
 .ARM.attributes
                0x000005ac       0x2e c:/program files (x86)/atmel/studio/7.0/toolchain/arm/arm-gnu-toolchain/bin/../lib/gcc/arm-none-eabi/6.3.1/../../../../arm-none-eabi/lib/thumb/v7e-m\libc.a(lib_a-__call_atexit.o)
 .ARM.attributes
                0x000005da       0x2e c:/program files (x86)/atmel/studio/7.0/toolchain/arm/arm-gnu-toolchain/bin/../lib/gcc/arm-none-eabi/6.3.1/../../../../arm-none-eabi/lib/thumb/v7e-m\libc.a(lib_a-atexit.o)
 .ARM.attributes
                0x00000608       0x2e c:/program files (x86)/atmel/studio/7.0/toolchain/arm/arm-gnu-toolchain/bin/../lib/gcc/arm-none-eabi/6.3.1/../../../../arm-none-eabi/lib/thumb/v7e-m\libc.a(lib_a-fini.o)
 .ARM.attributes
                0x00000636       0x2e c:/program files (x86)/atmel/studio/7.0/toolchain/arm/arm-gnu-toolchain/bin/../lib/gcc/arm-none-eabi/6.3.1/../../../../arm-none-eabi/lib/thumb/v7e-m\libc.a(lib_a-freer.o)
 .ARM.attributes
                0x00000664       0x2e c:/program files (x86)/atmel/studio/7.0/toolchain/arm/arm-gnu-toolchain/bin/../lib/gcc/arm-none-eabi/6.3.1/../../../../arm-none-eabi/lib/thumb/v7e-m\libc.a(lib_a-lock.o)
 .ARM.attributes
                0x00000692       0x2e c:/program files (x86)/atmel/studio/7.0/toolchain/arm/arm-gnu-toolchain/bin/../lib/gcc/arm-none-eabi/6.3.1/../../../../arm-none-eabi/lib/thumb/v7e-m\libc.a(lib_a-reent.o)
 .ARM.attributes
                0x000006c0       0x2e c:/program files (x86)/atmel/studio/7.0/toolchain/arm/arm-gnu-toolchain/bin/../lib/gcc/arm-none-eabi/6.3.1/../../../../arm-none-eabi/lib/thumb/v7e-m\libc.a(lib_a-__atexit.o)
 .ARM.attributes
                0x000006ee       0x1e c:/program files (x86)/atmel/studio/7.0/toolchain/arm/arm-gnu-toolchain/bin/../lib/gcc/arm-none-eabi/6.3.1/thumb/v7e-m/crtn.o

.comment        0x00000000       0x59
 .comment       0x00000000       0x59 LCDLib/gfx/gfx_generic.o
                                 0x5a (size before relaxing)
 .comment       0x00000059       0x5a LCDLib/gfx/gfx_ili9488_90_00028_a0.o
 .comment       0x00000059       0x5a LCDLib/gfx/gfx_text.o
 .comment       0x00000059       0x5a LCDLib/gfx/sysfont.o
 .comment       0x00000059       0x5a src/ASF/common/components/touch/mxt/mxt_device_1.o
 .comment       0x00000059       0x5a src/ASF/sam/components/display/ili9488/ili9488.o
 .comment       0x00000059       0x5a src/ASF/sam/drivers/ebi/smc/smc.o
 .comment       0x00000059       0x5a src/ASF/common/services/delay/sam/cycle_counter.o
 .comment       0x00000059       0x5a src/ASF/sam/drivers/twihs/twihs.o
 .comment       0x00000059       0x5a src/ASF/common/services/clock/samv71/sysclk.o
 .comment       0x00000059       0x5a src/ASF/common/utils/interrupt/interrupt_sam_nvic.o
 .comment       0x00000059       0x5a src/ASF/sam/boards/samv71_xplained_ultra/init.o
 .comment       0x00000059       0x5a src/ASF/sam/drivers/mpu/mpu.o
 .comment       0x00000059       0x5a src/ASF/sam/drivers/pio/pio.o
 .comment       0x00000059       0x5a src/ASF/sam/drivers/pio/pio_handler.o
 .comment       0x00000059       0x5a src/ASF/sam/drivers/pmc/pmc.o
 .comment       0x00000059       0x5a src/ASF/sam/utils/cmsis/samv71/source/templates/gcc/startup_samv71.o
 .comment       0x00000059       0x5a src/ASF/sam/utils/cmsis/samv71/source/templates/system_samv71.o
 .comment       0x00000059       0x5a src/ASF/sam/utils/syscalls/gcc/syscalls.o
 .comment       0x00000059       0x5a src/main.o

.debug_info     0x00000000    0x1b328
 .debug_info    0x00000000     0x19eb LCDLib/gfx/gfx_generic.o
 .debug_info    0x000019eb      0xe1e LCDLib/gfx/gfx_ili9488_90_00028_a0.o
 .debug_info    0x00002809     0x1374 LCDLib/gfx/gfx_text.o
 .debug_info    0x00003b7d      0xb80 LCDLib/gfx/sysfont.o
 .debug_info    0x000046fd     0x23a4 src/ASF/common/components/touch/mxt/mxt_device_1.o
 .debug_info    0x00006aa1     0x2cb6 src/ASF/sam/components/display/ili9488/ili9488.o
 .debug_info    0x00009757      0xcee src/ASF/sam/drivers/ebi/smc/smc.o
 .debug_info    0x0000a445      0xa45 src/ASF/common/services/delay/sam/cycle_counter.o
 .debug_info    0x0000ae8a     0x153d src/ASF/sam/drivers/twihs/twihs.o
 .debug_info    0x0000c3c7     0x1267 src/ASF/common/services/clock/samv71/sysclk.o
 .debug_info    0x0000d62e      0xb01 src/ASF/common/utils/interrupt/interrupt_sam_nvic.o
 .debug_info    0x0000e12f     0x2126 src/ASF/sam/boards/samv71_xplained_ultra/init.o
 .debug_info    0x00010255      0xe1b src/ASF/sam/drivers/mpu/mpu.o
 .debug_info    0x00011070     0x2150 src/ASF/sam/drivers/pio/pio.o
 .debug_info    0x000131c0     0x1b28 src/ASF/sam/drivers/pio/pio_handler.o
 .debug_info    0x00014ce8     0x1e0e src/ASF/sam/drivers/pmc/pmc.o
 .debug_info    0x00016af6     0x156a src/ASF/sam/utils/cmsis/samv71/source/templates/gcc/startup_samv71.o
 .debug_info    0x00018060      0x55b src/ASF/sam/utils/cmsis/samv71/source/templates/system_samv71.o
 .debug_info    0x000185bb      0xdb0 src/ASF/sam/utils/syscalls/gcc/syscalls.o
 .debug_info    0x0001936b     0x1fbd src/main.o

.debug_abbrev   0x00000000     0x3a38
 .debug_abbrev  0x00000000      0x367 LCDLib/gfx/gfx_generic.o
 .debug_abbrev  0x00000367      0x26b LCDLib/gfx/gfx_ili9488_90_00028_a0.o
 .debug_abbrev  0x000005d2      0x313 LCDLib/gfx/gfx_text.o
 .debug_abbrev  0x000008e5      0x1b6 LCDLib/gfx/sysfont.o
 .debug_abbrev  0x00000a9b      0x43c src/ASF/common/components/touch/mxt/mxt_device_1.o
 .debug_abbrev  0x00000ed7      0x409 src/ASF/sam/components/display/ili9488/ili9488.o
 .debug_abbrev  0x000012e0      0x205 src/ASF/sam/drivers/ebi/smc/smc.o
 .debug_abbrev  0x000014e5      0x1b3 src/ASF/common/services/delay/sam/cycle_counter.o
 .debug_abbrev  0x00001698      0x392 src/ASF/sam/drivers/twihs/twihs.o
 .debug_abbrev  0x00001a2a      0x31f src/ASF/common/services/clock/samv71/sysclk.o
 .debug_abbrev  0x00001d49      0x212 src/ASF/common/utils/interrupt/interrupt_sam_nvic.o
 .debug_abbrev  0x00001f5b      0x35d src/ASF/sam/boards/samv71_xplained_ultra/init.o
 .debug_abbrev  0x000022b8      0x328 src/ASF/sam/drivers/mpu/mpu.o
 .debug_abbrev  0x000025e0      0x410 src/ASF/sam/drivers/pio/pio.o
 .debug_abbrev  0x000029f0      0x32f src/ASF/sam/drivers/pio/pio_handler.o
 .debug_abbrev  0x00002d1f      0x369 src/ASF/sam/drivers/pmc/pmc.o
 .debug_abbrev  0x00003088      0x2e4 src/ASF/sam/utils/cmsis/samv71/source/templates/gcc/startup_samv71.o
 .debug_abbrev  0x0000336c      0x102 src/ASF/sam/utils/cmsis/samv71/source/templates/system_samv71.o
 .debug_abbrev  0x0000346e      0x264 src/ASF/sam/utils/syscalls/gcc/syscalls.o
 .debug_abbrev  0x000036d2      0x366 src/main.o

.debug_loc      0x00000000     0x8950
 .debug_loc     0x00000000     0x148f LCDLib/gfx/gfx_generic.o
 .debug_loc     0x0000148f      0x2d2 LCDLib/gfx/gfx_ili9488_90_00028_a0.o
 .debug_loc     0x00001761      0xc98 LCDLib/gfx/gfx_text.o
 .debug_loc     0x000023f9      0xfd8 src/ASF/common/components/touch/mxt/mxt_device_1.o
 .debug_loc     0x000033d1     0x1b30 src/ASF/sam/components/display/ili9488/ili9488.o
 .debug_loc     0x00004f01       0xe7 src/ASF/sam/drivers/ebi/smc/smc.o
 .debug_loc     0x00004fe8      0xc59 src/ASF/sam/drivers/twihs/twihs.o
 .debug_loc     0x00005c41      0x183 src/ASF/common/services/clock/samv71/sysclk.o
 .debug_loc     0x00005dc4      0x3d9 src/ASF/sam/boards/samv71_xplained_ultra/init.o
 .debug_loc     0x0000619d      0x181 src/ASF/sam/drivers/mpu/mpu.o
 .debug_loc     0x0000631e      0xea4 src/ASF/sam/drivers/pio/pio.o
 .debug_loc     0x000071c2      0x588 src/ASF/sam/drivers/pio/pio_handler.o
 .debug_loc     0x0000774a      0xce3 src/ASF/sam/drivers/pmc/pmc.o
 .debug_loc     0x0000842d       0x77 src/ASF/sam/utils/cmsis/samv71/source/templates/gcc/startup_samv71.o
 .debug_loc     0x000084a4       0xfd src/ASF/sam/utils/syscalls/gcc/syscalls.o
 .debug_loc     0x000085a1      0x3af src/main.o

.debug_aranges  0x00000000      0xa48
 .debug_aranges
                0x00000000       0x78 LCDLib/gfx/gfx_generic.o
 .debug_aranges
                0x00000078       0x48 LCDLib/gfx/gfx_ili9488_90_00028_a0.o
 .debug_aranges
                0x000000c0       0x50 LCDLib/gfx/gfx_text.o
 .debug_aranges
                0x00000110       0x18 LCDLib/gfx/sysfont.o
 .debug_aranges
                0x00000128       0x90 src/ASF/common/components/touch/mxt/mxt_device_1.o
 .debug_aranges
                0x000001b8      0x138 src/ASF/sam/components/display/ili9488/ili9488.o
 .debug_aranges
                0x000002f0       0x50 src/ASF/sam/drivers/ebi/smc/smc.o
 .debug_aranges
                0x00000340       0x20 src/ASF/common/services/delay/sam/cycle_counter.o
 .debug_aranges
                0x00000360       0xe8 src/ASF/sam/drivers/twihs/twihs.o
 .debug_aranges
                0x00000448       0x40 src/ASF/common/services/clock/samv71/sysclk.o
 .debug_aranges
                0x00000488       0x28 src/ASF/common/utils/interrupt/interrupt_sam_nvic.o
 .debug_aranges
                0x000004b0       0x20 src/ASF/sam/boards/samv71_xplained_ultra/init.o
 .debug_aranges
                0x000004d0       0x48 src/ASF/sam/drivers/mpu/mpu.o
 .debug_aranges
                0x00000518      0x1a8 src/ASF/sam/drivers/pio/pio.o
 .debug_aranges
                0x000006c0       0x60 src/ASF/sam/drivers/pio/pio_handler.o
 .debug_aranges
                0x00000720      0x250 src/ASF/sam/drivers/pmc/pmc.o
 .debug_aranges
                0x00000970       0x28 src/ASF/sam/utils/cmsis/samv71/source/templates/gcc/startup_samv71.o
 .debug_aranges
                0x00000998       0x30 src/ASF/sam/utils/cmsis/samv71/source/templates/system_samv71.o
 .debug_aranges
                0x000009c8       0x60 src/ASF/sam/utils/syscalls/gcc/syscalls.o
 .debug_aranges
                0x00000a28       0x20 src/main.o

.debug_ranges   0x00000000      0xbf0
 .debug_ranges  0x00000000       0xb8 LCDLib/gfx/gfx_generic.o
 .debug_ranges  0x000000b8       0x38 LCDLib/gfx/gfx_ili9488_90_00028_a0.o
 .debug_ranges  0x000000f0       0x90 LCDLib/gfx/gfx_text.o
 .debug_ranges  0x00000180      0x148 src/ASF/common/components/touch/mxt/mxt_device_1.o
 .debug_ranges  0x000002c8      0x160 src/ASF/sam/components/display/ili9488/ili9488.o
 .debug_ranges  0x00000428       0x40 src/ASF/sam/drivers/ebi/smc/smc.o
 .debug_ranges  0x00000468       0x10 src/ASF/common/services/delay/sam/cycle_counter.o
 .debug_ranges  0x00000478       0xd8 src/ASF/sam/drivers/twihs/twihs.o
 .debug_ranges  0x00000550       0x30 src/ASF/common/services/clock/samv71/sysclk.o
 .debug_ranges  0x00000580       0x18 src/ASF/common/utils/interrupt/interrupt_sam_nvic.o
 .debug_ranges  0x00000598       0x10 src/ASF/sam/boards/samv71_xplained_ultra/init.o
 .debug_ranges  0x000005a8       0x38 src/ASF/sam/drivers/mpu/mpu.o
 .debug_ranges  0x000005e0      0x2a0 src/ASF/sam/drivers/pio/pio.o
 .debug_ranges  0x00000880       0x68 src/ASF/sam/drivers/pio/pio_handler.o
 .debug_ranges  0x000008e8      0x240 src/ASF/sam/drivers/pmc/pmc.o
 .debug_ranges  0x00000b28       0x18 src/ASF/sam/utils/cmsis/samv71/source/templates/gcc/startup_samv71.o
 .debug_ranges  0x00000b40       0x20 src/ASF/sam/utils/cmsis/samv71/source/templates/system_samv71.o
 .debug_ranges  0x00000b60       0x50 src/ASF/sam/utils/syscalls/gcc/syscalls.o
 .debug_ranges  0x00000bb0       0x40 src/main.o

.debug_macro    0x00000000    0x217bf
 .debug_macro   0x00000000      0x6c8 LCDLib/gfx/gfx_generic.o
 .debug_macro   0x000006c8      0x8d4 LCDLib/gfx/gfx_generic.o
 .debug_macro   0x00000f9c       0x22 LCDLib/gfx/gfx_generic.o
 .debug_macro   0x00000fbe       0x52 LCDLib/gfx/gfx_generic.o
 .debug_macro   0x00001010       0x8d LCDLib/gfx/gfx_generic.o
 .debug_macro   0x0000109d       0x35 LCDLib/gfx/gfx_generic.o
 .debug_macro   0x000010d2       0x9c LCDLib/gfx/gfx_generic.o
 .debug_macro   0x0000116e       0x16 LCDLib/gfx/gfx_generic.o
 .debug_macro   0x00001184      0x16d LCDLib/gfx/gfx_generic.o
 .debug_macro   0x000012f1      0x64b LCDLib/gfx/gfx_generic.o
 .debug_macro   0x0000193c       0x76 LCDLib/gfx/gfx_generic.o
 .debug_macro   0x000019b2       0x16 LCDLib/gfx/gfx_generic.o
 .debug_macro   0x000019c8      0x6e4 LCDLib/gfx/gfx_generic.o
 .debug_macro   0x000020ac       0x57 LCDLib/gfx/gfx_generic.o
 .debug_macro   0x00002103       0xef LCDLib/gfx/gfx_generic.o
 .debug_macro   0x000021f2       0x6a LCDLib/gfx/gfx_generic.o
 .debug_macro   0x0000225c      0x1df LCDLib/gfx/gfx_generic.o
 .debug_macro   0x0000243b       0x4a LCDLib/gfx/gfx_generic.o
 .debug_macro   0x00002485       0x3b LCDLib/gfx/gfx_generic.o
 .debug_macro   0x000024c0       0x2d LCDLib/gfx/gfx_generic.o
 .debug_macro   0x000024ed       0x26 LCDLib/gfx/gfx_generic.o
 .debug_macro   0x00002513      0xf9a LCDLib/gfx/gfx_generic.o
 .debug_macro   0x000034ad      0x175 LCDLib/gfx/gfx_generic.o
 .debug_macro   0x00003622      0x257 LCDLib/gfx/gfx_generic.o
 .debug_macro   0x00003879      0xa0f LCDLib/gfx/gfx_generic.o
 .debug_macro   0x00004288      0x1b9 LCDLib/gfx/gfx_generic.o
 .debug_macro   0x00004441      0x336 LCDLib/gfx/gfx_generic.o
 .debug_macro   0x00004777      0x15b LCDLib/gfx/gfx_generic.o
 .debug_macro   0x000048d2     0x1851 LCDLib/gfx/gfx_generic.o
 .debug_macro   0x00006123       0x1c LCDLib/gfx/gfx_generic.o
 .debug_macro   0x0000613f      0x68d LCDLib/gfx/gfx_generic.o
 .debug_macro   0x000067cc      0x31e LCDLib/gfx/gfx_generic.o
 .debug_macro   0x00006aea      0x4d4 LCDLib/gfx/gfx_generic.o
 .debug_macro   0x00006fbe      0x27c LCDLib/gfx/gfx_generic.o
 .debug_macro   0x0000723a     0x1332 LCDLib/gfx/gfx_generic.o
 .debug_macro   0x0000856c      0x28e LCDLib/gfx/gfx_generic.o
 .debug_macro   0x000087fa     0x278d LCDLib/gfx/gfx_generic.o
 .debug_macro   0x0000af87     0x102b LCDLib/gfx/gfx_generic.o
 .debug_macro   0x0000bfb2      0xe01 LCDLib/gfx/gfx_generic.o
 .debug_macro   0x0000cdb3      0x3b1 LCDLib/gfx/gfx_generic.o
 .debug_macro   0x0000d164       0xa0 LCDLib/gfx/gfx_generic.o
 .debug_macro   0x0000d204       0x76 LCDLib/gfx/gfx_generic.o
 .debug_macro   0x0000d27a      0x409 LCDLib/gfx/gfx_generic.o
 .debug_macro   0x0000d683       0x64 LCDLib/gfx/gfx_generic.o
 .debug_macro   0x0000d6e7      0x284 LCDLib/gfx/gfx_generic.o
 .debug_macro   0x0000d96b      0x1d0 LCDLib/gfx/gfx_generic.o
 .debug_macro   0x0000db3b      0x248 LCDLib/gfx/gfx_generic.o
 .debug_macro   0x0000dd83      0x524 LCDLib/gfx/gfx_generic.o
 .debug_macro   0x0000e2a7      0x63c LCDLib/gfx/gfx_generic.o
 .debug_macro   0x0000e8e3      0x6b8 LCDLib/gfx/gfx_generic.o
 .debug_macro   0x0000ef9b       0x4c LCDLib/gfx/gfx_generic.o
 .debug_macro   0x0000efe7      0x468 LCDLib/gfx/gfx_generic.o
 .debug_macro   0x0000f44f      0x207 LCDLib/gfx/gfx_generic.o
 .debug_macro   0x0000f656      0x866 LCDLib/gfx/gfx_generic.o
 .debug_macro   0x0000febc     0x1547 LCDLib/gfx/gfx_generic.o
 .debug_macro   0x00011403       0x40 LCDLib/gfx/gfx_generic.o
 .debug_macro   0x00011443       0x76 LCDLib/gfx/gfx_generic.o
 .debug_macro   0x000114b9      0xdaf LCDLib/gfx/gfx_generic.o
 .debug_macro   0x00012268       0x82 LCDLib/gfx/gfx_generic.o
 .debug_macro   0x000122ea       0x76 LCDLib/gfx/gfx_generic.o
 .debug_macro   0x00012360       0x4c LCDLib/gfx/gfx_generic.o
 .debug_macro   0x000123ac      0x135 LCDLib/gfx/gfx_generic.o
 .debug_macro   0x000124e1      0x135 LCDLib/gfx/gfx_generic.o
 .debug_macro   0x00012616      0x135 LCDLib/gfx/gfx_generic.o
 .debug_macro   0x0001274b       0x6a LCDLib/gfx/gfx_generic.o
 .debug_macro   0x000127b5       0x6a LCDLib/gfx/gfx_generic.o
 .debug_macro   0x0001281f      0x313 LCDLib/gfx/gfx_generic.o
 .debug_macro   0x00012b32       0xb2 LCDLib/gfx/gfx_generic.o
 .debug_macro   0x00012be4       0xb2 LCDLib/gfx/gfx_generic.o
 .debug_macro   0x00012c96       0xb2 LCDLib/gfx/gfx_generic.o
 .debug_macro   0x00012d48      0x11d LCDLib/gfx/gfx_generic.o
 .debug_macro   0x00012e65      0x11d LCDLib/gfx/gfx_generic.o
 .debug_macro   0x00012f82      0x2cd LCDLib/gfx/gfx_generic.o
 .debug_macro   0x0001324f       0xb8 LCDLib/gfx/gfx_generic.o
 .debug_macro   0x00013307       0x5e LCDLib/gfx/gfx_generic.o
 .debug_macro   0x00013365       0x40 LCDLib/gfx/gfx_generic.o
 .debug_macro   0x000133a5       0x4c LCDLib/gfx/gfx_generic.o
 .debug_macro   0x000133f1       0xa0 LCDLib/gfx/gfx_generic.o
 .debug_macro   0x00013491      0x494 LCDLib/gfx/gfx_generic.o
 .debug_macro   0x00013925      0x135 LCDLib/gfx/gfx_generic.o
 .debug_macro   0x00013a5a       0x4c LCDLib/gfx/gfx_generic.o
 .debug_macro   0x00013aa6      0x313 LCDLib/gfx/gfx_generic.o
 .debug_macro   0x00013db9       0x6a LCDLib/gfx/gfx_generic.o
 .debug_macro   0x00013e23       0xb8 LCDLib/gfx/gfx_generic.o
 .debug_macro   0x00013edb       0x76 LCDLib/gfx/gfx_generic.o
 .debug_macro   0x00013f51       0x6a LCDLib/gfx/gfx_generic.o
 .debug_macro   0x00013fbb       0x2e LCDLib/gfx/gfx_generic.o
 .debug_macro   0x00013fe9      0x9b1 LCDLib/gfx/gfx_generic.o
 .debug_macro   0x0001499a       0x6a LCDLib/gfx/gfx_generic.o
 .debug_macro   0x00014a04       0x88 LCDLib/gfx/gfx_generic.o
 .debug_macro   0x00014a8c       0x58 LCDLib/gfx/gfx_generic.o
 .debug_macro   0x00014ae4       0xa6 LCDLib/gfx/gfx_generic.o
 .debug_macro   0x00014b8a       0x16 LCDLib/gfx/gfx_generic.o
 .debug_macro   0x00014ba0       0xe2 LCDLib/gfx/gfx_generic.o
 .debug_macro   0x00014c82       0x4c LCDLib/gfx/gfx_generic.o
 .debug_macro   0x00014cce       0x16 LCDLib/gfx/gfx_generic.o
 .debug_macro   0x00014ce4       0x4c LCDLib/gfx/gfx_generic.o
 .debug_macro   0x00014d30       0x2e LCDLib/gfx/gfx_generic.o
 .debug_macro   0x00014d5e      0x1b5 LCDLib/gfx/gfx_generic.o
 .debug_macro   0x00014f13      0x1b5 LCDLib/gfx/gfx_generic.o
 .debug_macro   0x000150c8      0x1b5 LCDLib/gfx/gfx_generic.o
 .debug_macro   0x0001527d      0x1b5 LCDLib/gfx/gfx_generic.o
 .debug_macro   0x00015432      0x1b5 LCDLib/gfx/gfx_generic.o
 .debug_macro   0x000155e7       0x1c LCDLib/gfx/gfx_generic.o
 .debug_macro   0x00015603       0x2e LCDLib/gfx/gfx_generic.o
 .debug_macro   0x00015631       0x22 LCDLib/gfx/gfx_generic.o
 .debug_macro   0x00015653       0x1c LCDLib/gfx/gfx_generic.o
 .debug_macro   0x0001566f       0x52 LCDLib/gfx/gfx_generic.o
 .debug_macro   0x000156c1       0x10 LCDLib/gfx/gfx_generic.o
 .debug_macro   0x000156d1       0x1c LCDLib/gfx/gfx_generic.o
 .debug_macro   0x000156ed       0x4c LCDLib/gfx/gfx_generic.o
 .debug_macro   0x00015739       0x4c LCDLib/gfx/gfx_generic.o
 .debug_macro   0x00015785       0x4c LCDLib/gfx/gfx_generic.o
 .debug_macro   0x000157d1      0x329 LCDLib/gfx/gfx_generic.o
 .debug_macro   0x00015afa     0x1037 LCDLib/gfx/gfx_generic.o
 .debug_macro   0x00016b31      0x10e LCDLib/gfx/gfx_generic.o
 .debug_macro   0x00016c3f       0x1c LCDLib/gfx/gfx_generic.o
 .debug_macro   0x00016c5b       0x35 LCDLib/gfx/gfx_generic.o
 .debug_macro   0x00016c90      0x353 LCDLib/gfx/gfx_generic.o
 .debug_macro   0x00016fe3       0x10 LCDLib/gfx/gfx_generic.o
 .debug_macro   0x00016ff3       0x58 LCDLib/gfx/gfx_generic.o
 .debug_macro   0x0001704b       0x1f LCDLib/gfx/gfx_generic.o
 .debug_macro   0x0001706a       0x43 LCDLib/gfx/gfx_generic.o
 .debug_macro   0x000170ad       0x20 LCDLib/gfx/gfx_generic.o
 .debug_macro   0x000170cd      0x187 LCDLib/gfx/gfx_generic.o
 .debug_macro   0x00017254       0x10 LCDLib/gfx/gfx_generic.o
 .debug_macro   0x00017264       0x1c LCDLib/gfx/gfx_generic.o
 .debug_macro   0x00017280       0x52 LCDLib/gfx/gfx_generic.o
 .debug_macro   0x000172d2       0x40 LCDLib/gfx/gfx_generic.o
 .debug_macro   0x00017312       0x10 LCDLib/gfx/gfx_generic.o
 .debug_macro   0x00017322       0x40 LCDLib/gfx/gfx_generic.o
 .debug_macro   0x00017362       0xd7 LCDLib/gfx/gfx_generic.o
 .debug_macro   0x00017439       0x16 LCDLib/gfx/gfx_generic.o
 .debug_macro   0x0001744f      0x18b LCDLib/gfx/gfx_generic.o
 .debug_macro   0x000175da       0x22 LCDLib/gfx/gfx_generic.o
 .debug_macro   0x000175fc       0x16 LCDLib/gfx/gfx_generic.o
 .debug_macro   0x00017612       0x16 LCDLib/gfx/gfx_generic.o
 .debug_macro   0x00017628       0x29 LCDLib/gfx/gfx_generic.o
 .debug_macro   0x00017651       0x75 LCDLib/gfx/gfx_generic.o
 .debug_macro   0x000176c6       0x3f LCDLib/gfx/gfx_generic.o
 .debug_macro   0x00017705      0x3ca LCDLib/gfx/gfx_generic.o
 .debug_macro   0x00017acf       0x1c LCDLib/gfx/gfx_generic.o
 .debug_macro   0x00017aeb      0x2c6 LCDLib/gfx/gfx_generic.o
 .debug_macro   0x00017db1      0xc8e LCDLib/gfx/gfx_generic.o
 .debug_macro   0x00018a3f       0x10 LCDLib/gfx/gfx_generic.o
 .debug_macro   0x00018a4f      0x428 LCDLib/gfx/gfx_generic.o
 .debug_macro   0x00018e77       0xd3 LCDLib/gfx/gfx_generic.o
 .debug_macro   0x00018f4a       0xff LCDLib/gfx/gfx_generic.o
 .debug_macro   0x00019049      0x6c8 LCDLib/gfx/gfx_ili9488_90_00028_a0.o
 .debug_macro   0x00019711      0x6fa LCDLib/gfx/gfx_text.o
 .debug_macro   0x00019e0b       0x87 LCDLib/gfx/gfx_text.o
 .debug_macro   0x00019e92       0x51 LCDLib/gfx/gfx_text.o
 .debug_macro   0x00019ee3       0x58 LCDLib/gfx/gfx_text.o
 .debug_macro   0x00019f3b       0x16 LCDLib/gfx/gfx_text.o
 .debug_macro   0x00019f51       0x10 LCDLib/gfx/gfx_text.o
 .debug_macro   0x00019f61      0x6f5 LCDLib/gfx/sysfont.o
 .debug_macro   0x0001a656       0x34 LCDLib/gfx/sysfont.o
 .debug_macro   0x0001a68a       0x50 LCDLib/gfx/sysfont.o
 .debug_macro   0x0001a6da      0x766 src/ASF/common/components/touch/mxt/mxt_device_1.o
 .debug_macro   0x0001ae40       0x10 src/ASF/common/components/touch/mxt/mxt_device_1.o
 .debug_macro   0x0001ae50      0x6ee src/ASF/sam/components/display/ili9488/ili9488.o
 .debug_macro   0x0001b53e       0x16 src/ASF/sam/components/display/ili9488/ili9488.o
 .debug_macro   0x0001b554      0x691 src/ASF/sam/drivers/ebi/smc/smc.o
 .debug_macro   0x0001bbe5      0x67b src/ASF/common/services/delay/sam/cycle_counter.o
 .debug_macro   0x0001c260       0x22 src/ASF/common/services/delay/sam/cycle_counter.o
 .debug_macro   0x0001c282      0x69f src/ASF/sam/drivers/twihs/twihs.o
 .debug_macro   0x0001c921       0x46 src/ASF/sam/drivers/twihs/twihs.o
 .debug_macro   0x0001c967      0x6e7 src/ASF/common/services/clock/samv71/sysclk.o
 .debug_macro   0x0001d04e      0x2c0 src/ASF/common/services/clock/samv71/sysclk.o
 .debug_macro   0x0001d30e      0x66b src/ASF/common/utils/interrupt/interrupt_sam_nvic.o
 .debug_macro   0x0001d979      0x72d src/ASF/sam/boards/samv71_xplained_ultra/init.o
 .debug_macro   0x0001e0a6       0x22 src/ASF/sam/boards/samv71_xplained_ultra/init.o
 .debug_macro   0x0001e0c8       0x82 src/ASF/sam/boards/samv71_xplained_ultra/init.o
 .debug_macro   0x0001e14a      0x67b src/ASF/sam/drivers/mpu/mpu.o
 .debug_macro   0x0001e7c5      0x1c8 src/ASF/sam/drivers/mpu/mpu.o
 .debug_macro   0x0001e98d      0x681 src/ASF/sam/drivers/pio/pio.o
 .debug_macro   0x0001f00e       0x8e src/ASF/sam/drivers/pio/pio.o
 .debug_macro   0x0001f09c      0x68c src/ASF/sam/drivers/pio/pio_handler.o
 .debug_macro   0x0001f728      0x681 src/ASF/sam/drivers/pmc/pmc.o
 .debug_macro   0x0001fda9       0x6a src/ASF/sam/drivers/pmc/pmc.o
 .debug_macro   0x0001fe13      0x67a src/ASF/sam/utils/cmsis/samv71/source/templates/gcc/startup_samv71.o
 .debug_macro   0x0002048d       0x10 src/ASF/sam/utils/cmsis/samv71/source/templates/gcc/startup_samv71.o
 .debug_macro   0x0002049d      0x469 src/ASF/sam/utils/cmsis/samv71/source/templates/system_samv71.o
 .debug_macro   0x00020906      0x1d6 src/ASF/sam/utils/syscalls/gcc/syscalls.o
 .debug_macro   0x00020adc       0x97 src/ASF/sam/utils/syscalls/gcc/syscalls.o
 .debug_macro   0x00020b73       0xf6 src/ASF/sam/utils/syscalls/gcc/syscalls.o
 .debug_macro   0x00020c69       0x4c src/ASF/sam/utils/syscalls/gcc/syscalls.o
 .debug_macro   0x00020cb5       0x16 src/ASF/sam/utils/syscalls/gcc/syscalls.o
 .debug_macro   0x00020ccb       0x10 src/ASF/sam/utils/syscalls/gcc/syscalls.o
 .debug_macro   0x00020cdb       0x10 src/ASF/sam/utils/syscalls/gcc/syscalls.o
 .debug_macro   0x00020ceb       0x35 src/ASF/sam/utils/syscalls/gcc/syscalls.o
 .debug_macro   0x00020d20      0x122 src/ASF/sam/utils/syscalls/gcc/syscalls.o
 .debug_macro   0x00020e42      0x88e src/main.o
 .debug_macro   0x000216d0       0x16 src/main.o
 .debug_macro   0x000216e6       0xd9 src/main.o

.debug_line     0x00000000     0xec2a
 .debug_line    0x00000000      0xda7 LCDLib/gfx/gfx_generic.o
 .debug_line    0x00000da7      0xb92 LCDLib/gfx/gfx_ili9488_90_00028_a0.o
 .debug_line    0x00001939      0xc06 LCDLib/gfx/gfx_text.o
 .debug_line    0x0000253f      0xaf1 LCDLib/gfx/sysfont.o
 .debug_line    0x00003030      0xe8e src/ASF/common/components/touch/mxt/mxt_device_1.o
 .debug_line    0x00003ebe      0xf49 src/ASF/sam/components/display/ili9488/ili9488.o
 .debug_line    0x00004e07      0xabb src/ASF/sam/drivers/ebi/smc/smc.o
 .debug_line    0x000058c2      0x9ff src/ASF/common/services/delay/sam/cycle_counter.o
 .debug_line    0x000062c1      0xc98 src/ASF/sam/drivers/twihs/twihs.o
 .debug_line    0x00006f59      0xb6d src/ASF/common/services/clock/samv71/sysclk.o
 .debug_line    0x00007ac6      0xa13 src/ASF/common/utils/interrupt/interrupt_sam_nvic.o
 .debug_line    0x000084d9      0xc6b src/ASF/sam/boards/samv71_xplained_ultra/init.o
 .debug_line    0x00009144      0xaa2 src/ASF/sam/drivers/mpu/mpu.o
 .debug_line    0x00009be6      0xef5 src/ASF/sam/drivers/pio/pio.o
 .debug_line    0x0000aadb      0xad1 src/ASF/sam/drivers/pio/pio_handler.o
 .debug_line    0x0000b5ac     0x107d src/ASF/sam/drivers/pmc/pmc.o
 .debug_line    0x0000c629      0xa85 src/ASF/sam/utils/cmsis/samv71/source/templates/gcc/startup_samv71.o
 .debug_line    0x0000d0ae      0x7fb src/ASF/sam/utils/cmsis/samv71/source/templates/system_samv71.o
 .debug_line    0x0000d8a9      0x40b src/ASF/sam/utils/syscalls/gcc/syscalls.o
 .debug_line    0x0000dcb4      0xf76 src/main.o

.debug_str      0x00000000    0x935ce
 .debug_str     0x00000000    0x87cee LCDLib/gfx/gfx_generic.o
                              0x883f9 (size before relaxing)
 .debug_str     0x00087cee       0xfd LCDLib/gfx/gfx_ili9488_90_00028_a0.o
                              0x8820f (size before relaxing)
 .debug_str     0x00087deb      0x3d9 LCDLib/gfx/gfx_text.o
                              0x88478 (size before relaxing)
 .debug_str     0x000881c4     0x47b3 LCDLib/gfx/sysfont.o
                              0x8c842 (size before relaxing)
 .debug_str     0x0008c977     0x1c74 src/ASF/common/components/touch/mxt/mxt_device_1.o
                              0x8789f (size before relaxing)
 .debug_str     0x0008e5eb      0x999 src/ASF/sam/components/display/ili9488/ili9488.o
                              0x881ac (size before relaxing)
 .debug_str     0x0008ef84       0xcf src/ASF/sam/drivers/ebi/smc/smc.o
                              0x85c91 (size before relaxing)
 .debug_str     0x0008f053      0x1b5 src/ASF/common/services/delay/sam/cycle_counter.o
                              0x81d5b (size before relaxing)
 .debug_str     0x0008f208      0x3e2 src/ASF/sam/drivers/twihs/twihs.o
                              0x821df (size before relaxing)
 .debug_str     0x0008f5ea      0x499 src/ASF/common/services/clock/samv71/sysclk.o
                              0x86a5c (size before relaxing)
 .debug_str     0x0008fa83       0x94 src/ASF/common/utils/interrupt/interrupt_sam_nvic.o
                              0x81c2b (size before relaxing)
 .debug_str     0x0008fb17     0x1295 src/ASF/sam/boards/samv71_xplained_ultra/init.o
                              0x88217 (size before relaxing)
 .debug_str     0x00090dac      0x137 src/ASF/sam/drivers/mpu/mpu.o
                              0x82971 (size before relaxing)
 .debug_str     0x00090ee3      0x559 src/ASF/sam/drivers/pio/pio.o
                              0x82781 (size before relaxing)
 .debug_str     0x0009143c      0x462 src/ASF/sam/drivers/pio/pio_handler.o
                              0x828ac (size before relaxing)
 .debug_str     0x0009189e      0x6a5 src/ASF/sam/drivers/pmc/pmc.o
                              0x828e5 (size before relaxing)
 .debug_str     0x00091f43      0x664 src/ASF/sam/utils/cmsis/samv71/source/templates/gcc/startup_samv71.o
                              0x823fa (size before relaxing)
 .debug_str     0x000925a7      0x137 src/ASF/sam/utils/cmsis/samv71/source/templates/system_samv71.o
                              0x72504 (size before relaxing)
 .debug_str     0x000926de      0x768 src/ASF/sam/utils/syscalls/gcc/syscalls.o
                               0x7498 (size before relaxing)
 .debug_str     0x00092e46      0x788 src/main.o
                              0x8fe7d (size before relaxing)

.debug_frame    0x00000000     0x1be8
 .debug_frame   0x00000000      0x1c4 LCDLib/gfx/gfx_generic.o
 .debug_frame   0x000001c4       0xa8 LCDLib/gfx/gfx_ili9488_90_00028_a0.o
 .debug_frame   0x0000026c      0x118 LCDLib/gfx/gfx_text.o
 .debug_frame   0x00000384      0x1d4 src/ASF/common/components/touch/mxt/mxt_device_1.o
 .debug_frame   0x00000558      0x44c src/ASF/sam/components/display/ili9488/ili9488.o
 .debug_frame   0x000009a4       0x80 src/ASF/sam/drivers/ebi/smc/smc.o
 .debug_frame   0x00000a24       0x20 src/ASF/common/services/delay/sam/cycle_counter.o
 .debug_frame   0x00000a44      0x248 src/ASF/sam/drivers/twihs/twihs.o
 .debug_frame   0x00000c8c       0x88 src/ASF/common/services/clock/samv71/sysclk.o
 .debug_frame   0x00000d14       0x30 src/ASF/common/utils/interrupt/interrupt_sam_nvic.o
 .debug_frame   0x00000d44       0x30 src/ASF/sam/boards/samv71_xplained_ultra/init.o
 .debug_frame   0x00000d74       0x84 src/ASF/sam/drivers/mpu/mpu.o
 .debug_frame   0x00000df8      0x390 src/ASF/sam/drivers/pio/pio.o
 .debug_frame   0x00001188      0x110 src/ASF/sam/drivers/pio/pio_handler.o
 .debug_frame   0x00001298      0x494 src/ASF/sam/drivers/pmc/pmc.o
 .debug_frame   0x0000172c       0x38 src/ASF/sam/utils/cmsis/samv71/source/templates/gcc/startup_samv71.o
 .debug_frame   0x00001764       0x40 src/ASF/sam/utils/cmsis/samv71/source/templates/system_samv71.o
 .debug_frame   0x000017a4       0xa0 src/ASF/sam/utils/syscalls/gcc/syscalls.o
 .debug_frame   0x00001844       0x34 src/main.o
 .debug_frame   0x00001878       0x2c c:/program files (x86)/atmel/studio/7.0/toolchain/arm/arm-gnu-toolchain/bin/../lib/gcc/arm-none-eabi/6.3.1/../../../../arm-none-eabi/lib/thumb/v7e-m\libc.a(lib_a-init.o)
 .debug_frame   0x000018a4       0x30 c:/program files (x86)/atmel/studio/7.0/toolchain/arm/arm-gnu-toolchain/bin/../lib/gcc/arm-none-eabi/6.3.1/../../../../arm-none-eabi/lib/thumb/v7e-m\libc.a(lib_a-malloc.o)
 .debug_frame   0x000018d4       0x58 c:/program files (x86)/atmel/studio/7.0/toolchain/arm/arm-gnu-toolchain/bin/../lib/gcc/arm-none-eabi/6.3.1/../../../../arm-none-eabi/lib/thumb/v7e-m\libc.a(lib_a-mallocr.o)
 .debug_frame   0x0000192c       0x30 c:/program files (x86)/atmel/studio/7.0/toolchain/arm/arm-gnu-toolchain/bin/../lib/gcc/arm-none-eabi/6.3.1/../../../../arm-none-eabi/lib/thumb/v7e-m\libc.a(lib_a-mlock.o)
 .debug_frame   0x0000195c       0x2c c:/program files (x86)/atmel/studio/7.0/toolchain/arm/arm-gnu-toolchain/bin/../lib/gcc/arm-none-eabi/6.3.1/../../../../arm-none-eabi/lib/thumb/v7e-m\libc.a(lib_a-sbrkr.o)
 .debug_frame   0x00001988       0x5c c:/program files (x86)/atmel/studio/7.0/toolchain/arm/arm-gnu-toolchain/bin/../lib/gcc/arm-none-eabi/6.3.1/../../../../arm-none-eabi/lib/thumb/v7e-m\libc.a(lib_a-__call_atexit.o)
 .debug_frame   0x000019e4       0x20 c:/program files (x86)/atmel/studio/7.0/toolchain/arm/arm-gnu-toolchain/bin/../lib/gcc/arm-none-eabi/6.3.1/../../../../arm-none-eabi/lib/thumb/v7e-m\libc.a(lib_a-atexit.o)
 .debug_frame   0x00001a04       0x34 c:/program files (x86)/atmel/studio/7.0/toolchain/arm/arm-gnu-toolchain/bin/../lib/gcc/arm-none-eabi/6.3.1/../../../../arm-none-eabi/lib/thumb/v7e-m\libc.a(lib_a-fini.o)
 .debug_frame   0x00001a38       0x74 c:/program files (x86)/atmel/studio/7.0/toolchain/arm/arm-gnu-toolchain/bin/../lib/gcc/arm-none-eabi/6.3.1/../../../../arm-none-eabi/lib/thumb/v7e-m\libc.a(lib_a-freer.o)
 .debug_frame   0x00001aac       0xb0 c:/program files (x86)/atmel/studio/7.0/toolchain/arm/arm-gnu-toolchain/bin/../lib/gcc/arm-none-eabi/6.3.1/../../../../arm-none-eabi/lib/thumb/v7e-m\libc.a(lib_a-lock.o)
 .debug_frame   0x00001b5c       0x58 c:/program files (x86)/atmel/studio/7.0/toolchain/arm/arm-gnu-toolchain/bin/../lib/gcc/arm-none-eabi/6.3.1/../../../../arm-none-eabi/lib/thumb/v7e-m\libc.a(lib_a-reent.o)
 .debug_frame   0x00001bb4       0x34 c:/program files (x86)/atmel/studio/7.0/toolchain/arm/arm-gnu-toolchain/bin/../lib/gcc/arm-none-eabi/6.3.1/../../../../arm-none-eabi/lib/thumb/v7e-m\libc.a(lib_a-__atexit.o)

Cross Reference Table

Symbol                                            File
ACC_Handler                                       src/ASF/sam/utils/cmsis/samv71/source/templates/gcc/startup_samv71.o
AES_Handler                                       src/ASF/sam/utils/cmsis/samv71/source/templates/gcc/startup_samv71.o
AFEC0_Handler                                     src/ASF/sam/utils/cmsis/samv71/source/templates/gcc/startup_samv71.o
AFEC1_Handler                                     src/ASF/sam/utils/cmsis/samv71/source/templates/gcc/startup_samv71.o
BusFault_Handler                                  src/ASF/sam/utils/cmsis/samv71/source/templates/gcc/startup_samv71.o
DACC_Handler                                      src/ASF/sam/utils/cmsis/samv71/source/templates/gcc/startup_samv71.o
DebugMon_Handler                                  src/ASF/sam/utils/cmsis/samv71/source/templates/gcc/startup_samv71.o
Dummy_Handler                                     src/ASF/sam/utils/cmsis/samv71/source/templates/gcc/startup_samv71.o
EFC_Handler                                       src/ASF/sam/utils/cmsis/samv71/source/templates/gcc/startup_samv71.o
GMAC_Handler                                      src/ASF/sam/utils/cmsis/samv71/source/templates/gcc/startup_samv71.o
HSMCI_Handler                                     src/ASF/sam/utils/cmsis/samv71/source/templates/gcc/startup_samv71.o
HardFault_Handler                                 src/ASF/sam/utils/cmsis/samv71/source/templates/gcc/startup_samv71.o
ICM_Handler                                       src/ASF/sam/utils/cmsis/samv71/source/templates/gcc/startup_samv71.o
ISI_Handler                                       src/ASF/sam/utils/cmsis/samv71/source/templates/gcc/startup_samv71.o
MCAN0_Handler                                     src/ASF/sam/utils/cmsis/samv71/source/templates/gcc/startup_samv71.o
MCAN1_Handler                                     src/ASF/sam/utils/cmsis/samv71/source/templates/gcc/startup_samv71.o
MLB_Handler                                       src/ASF/sam/utils/cmsis/samv71/source/templates/gcc/startup_samv71.o
MemManage_Handler                                 src/ASF/sam/utils/cmsis/samv71/source/templates/gcc/startup_samv71.o
NMI_Handler                                       src/ASF/sam/utils/cmsis/samv71/source/templates/gcc/startup_samv71.o
PIOA_Handler                                      src/ASF/sam/drivers/pio/pio_handler.o
PIOB_Handler                                      src/ASF/sam/drivers/pio/pio_handler.o
PIOC_Handler                                      src/ASF/sam/drivers/pio/pio_handler.o
PIOD_Handler                                      src/ASF/sam/drivers/pio/pio_handler.o
PIOE_Handler                                      src/ASF/sam/drivers/pio/pio_handler.o
PMC_Handler                                       src/ASF/sam/utils/cmsis/samv71/source/templates/gcc/startup_samv71.o
PWM0_Handler                                      src/ASF/sam/utils/cmsis/samv71/source/templates/gcc/startup_samv71.o
PWM1_Handler                                      src/ASF/sam/utils/cmsis/samv71/source/templates/gcc/startup_samv71.o
PendSV_Handler                                    src/ASF/sam/utils/cmsis/samv71/source/templates/gcc/startup_samv71.o
QSPI_Handler                                      src/ASF/sam/utils/cmsis/samv71/source/templates/gcc/startup_samv71.o
RSTC_Handler                                      src/ASF/sam/utils/cmsis/samv71/source/templates/gcc/startup_samv71.o
RSWDT_Handler                                     src/ASF/sam/utils/cmsis/samv71/source/templates/gcc/startup_samv71.o
RTC_Handler                                       src/ASF/sam/utils/cmsis/samv71/source/templates/gcc/startup_samv71.o
RTT_Handler                                       src/ASF/sam/utils/cmsis/samv71/source/templates/gcc/startup_samv71.o
Reset_Handler                                     src/ASF/sam/utils/cmsis/samv71/source/templates/gcc/startup_samv71.o
SDRAMC_Handler                                    src/ASF/sam/utils/cmsis/samv71/source/templates/gcc/startup_samv71.o
SPI0_Handler                                      src/ASF/sam/utils/cmsis/samv71/source/templates/gcc/startup_samv71.o
SPI1_Handler                                      src/ASF/sam/utils/cmsis/samv71/source/templates/gcc/startup_samv71.o
SSC_Handler                                       src/ASF/sam/utils/cmsis/samv71/source/templates/gcc/startup_samv71.o
SUPC_Handler                                      src/ASF/sam/utils/cmsis/samv71/source/templates/gcc/startup_samv71.o
SVC_Handler                                       src/ASF/sam/utils/cmsis/samv71/source/templates/gcc/startup_samv71.o
SysTick_Handler                                   src/ASF/sam/utils/cmsis/samv71/source/templates/gcc/startup_samv71.o
SystemCoreClock                                   src/ASF/sam/utils/cmsis/samv71/source/templates/system_samv71.o
SystemCoreClockUpdate                             src/ASF/sam/utils/cmsis/samv71/source/templates/system_samv71.o
                                                  src/ASF/common/services/clock/samv71/sysclk.o
SystemInit                                        src/ASF/sam/utils/cmsis/samv71/source/templates/system_samv71.o
TC0_Handler                                       src/ASF/sam/utils/cmsis/samv71/source/templates/gcc/startup_samv71.o
TC10_Handler                                      src/ASF/sam/utils/cmsis/samv71/source/templates/gcc/startup_samv71.o
TC11_Handler                                      src/ASF/sam/utils/cmsis/samv71/source/templates/gcc/startup_samv71.o
TC1_Handler                                       src/ASF/sam/utils/cmsis/samv71/source/templates/gcc/startup_samv71.o
TC2_Handler                                       src/ASF/sam/utils/cmsis/samv71/source/templates/gcc/startup_samv71.o
TC3_Handler                                       src/ASF/sam/utils/cmsis/samv71/source/templates/gcc/startup_samv71.o
TC4_Handler                                       src/ASF/sam/utils/cmsis/samv71/source/templates/gcc/startup_samv71.o
TC5_Handler                                       src/ASF/sam/utils/cmsis/samv71/source/templates/gcc/startup_samv71.o
TC6_Handler                                       src/ASF/sam/utils/cmsis/samv71/source/templates/gcc/startup_samv71.o
TC7_Handler                                       src/ASF/sam/utils/cmsis/samv71/source/templates/gcc/startup_samv71.o
TC8_Handler                                       src/ASF/sam/utils/cmsis/samv71/source/templates/gcc/startup_samv71.o
TC9_Handler                                       src/ASF/sam/utils/cmsis/samv71/source/templates/gcc/startup_samv71.o
TRNG_Handler                                      src/ASF/sam/utils/cmsis/samv71/source/templates/gcc/startup_samv71.o
TWIHS0_Handler                                    src/ASF/sam/utils/cmsis/samv71/source/templates/gcc/startup_samv71.o
TWIHS1_Handler                                    src/ASF/sam/utils/cmsis/samv71/source/templates/gcc/startup_samv71.o
TWIHS2_Handler                                    src/ASF/sam/utils/cmsis/samv71/source/templates/gcc/startup_samv71.o
UART0_Handler                                     src/ASF/sam/utils/cmsis/samv71/source/templates/gcc/startup_samv71.o
UART1_Handler                                     src/ASF/sam/utils/cmsis/samv71/source/templates/gcc/startup_samv71.o
UART2_Handler                                     src/ASF/sam/utils/cmsis/samv71/source/templates/gcc/startup_samv71.o
UART3_Handler                                     src/ASF/sam/utils/cmsis/samv71/source/templates/gcc/startup_samv71.o
UART4_Handler                                     src/ASF/sam/utils/cmsis/samv71/source/templates/gcc/startup_samv71.o
USART0_Handler                                    src/ASF/sam/utils/cmsis/samv71/source/templates/gcc/startup_samv71.o
USART1_Handler                                    src/ASF/sam/utils/cmsis/samv71/source/templates/gcc/startup_samv71.o
USART2_Handler                                    src/ASF/sam/utils/cmsis/samv71/source/templates/gcc/startup_samv71.o
USBHS_Handler                                     src/ASF/sam/utils/cmsis/samv71/source/templates/gcc/startup_samv71.o
UsageFault_Handler                                src/ASF/sam/utils/cmsis/samv71/source/templates/gcc/startup_samv71.o
WDT_Handler                                       src/ASF/sam/utils/cmsis/samv71/source/templates/gcc/startup_samv71.o
XDMAC_Handler                                     src/ASF/sam/utils/cmsis/samv71/source/templates/gcc/startup_samv71.o
_Jv_RegisterClasses                               c:/program files (x86)/atmel/studio/7.0/toolchain/arm/arm-gnu-toolchain/bin/../lib/gcc/arm-none-eabi/6.3.1/thumb/v7e-m/crtbegin.o
__atexit_recursive_mutex                          c:/program files (x86)/atmel/studio/7.0/toolchain/arm/arm-gnu-toolchain/bin/../lib/gcc/arm-none-eabi/6.3.1/../../../../arm-none-eabi/lib/thumb/v7e-m\libc.a(lib_a-__call_atexit.o)
                                                  c:/program files (x86)/atmel/studio/7.0/toolchain/arm/arm-gnu-toolchain/bin/../lib/gcc/arm-none-eabi/6.3.1/../../../../arm-none-eabi/lib/thumb/v7e-m\libc.a(lib_a-__atexit.o)
__bss_end__                                       c:/program files (x86)/atmel/studio/7.0/toolchain/arm/arm-gnu-toolchain/bin/../lib/gcc/arm-none-eabi/6.3.1/../../../../arm-none-eabi/lib/thumb/v7e-m/crt0.o
__bss_start__                                     c:/program files (x86)/atmel/studio/7.0/toolchain/arm/arm-gnu-toolchain/bin/../lib/gcc/arm-none-eabi/6.3.1/../../../../arm-none-eabi/lib/thumb/v7e-m/crt0.o
__call_exitprocs                                  c:/program files (x86)/atmel/studio/7.0/toolchain/arm/arm-gnu-toolchain/bin/../lib/gcc/arm-none-eabi/6.3.1/../../../../arm-none-eabi/lib/thumb/v7e-m\libc.a(lib_a-__call_atexit.o)
                                                  c:/program files (x86)/atmel/studio/7.0/toolchain/arm/arm-gnu-toolchain/bin/../lib/gcc/arm-none-eabi/6.3.1/../../../../arm-none-eabi/lib/thumb/v7e-m\libc.a(lib_a-exit.o)
__deregister_frame_info                           c:/program files (x86)/atmel/studio/7.0/toolchain/arm/arm-gnu-toolchain/bin/../lib/gcc/arm-none-eabi/6.3.1/thumb/v7e-m/crtbegin.o
__dso_handle                                      c:/program files (x86)/atmel/studio/7.0/toolchain/arm/arm-gnu-toolchain/bin/../lib/gcc/arm-none-eabi/6.3.1/thumb/v7e-m/crtbegin.o
__fini_array_end                                  c:/program files (x86)/atmel/studio/7.0/toolchain/arm/arm-gnu-toolchain/bin/../lib/gcc/arm-none-eabi/6.3.1/../../../../arm-none-eabi/lib/thumb/v7e-m\libc.a(lib_a-fini.o)
__fini_array_start                                c:/program files (x86)/atmel/studio/7.0/toolchain/arm/arm-gnu-toolchain/bin/../lib/gcc/arm-none-eabi/6.3.1/../../../../arm-none-eabi/lib/thumb/v7e-m\libc.a(lib_a-fini.o)
__init_array_end                                  c:/program files (x86)/atmel/studio/7.0/toolchain/arm/arm-gnu-toolchain/bin/../lib/gcc/arm-none-eabi/6.3.1/../../../../arm-none-eabi/lib/thumb/v7e-m\libc.a(lib_a-init.o)
__init_array_start                                c:/program files (x86)/atmel/studio/7.0/toolchain/arm/arm-gnu-toolchain/bin/../lib/gcc/arm-none-eabi/6.3.1/../../../../arm-none-eabi/lib/thumb/v7e-m\libc.a(lib_a-init.o)
__libc_fini                                       c:/program files (x86)/atmel/studio/7.0/toolchain/arm/arm-gnu-toolchain/bin/../lib/gcc/arm-none-eabi/6.3.1/../../../../arm-none-eabi/lib/thumb/v7e-m\libc.a(lib_a-__call_atexit.o)
__libc_fini_array                                 c:/program files (x86)/atmel/studio/7.0/toolchain/arm/arm-gnu-toolchain/bin/../lib/gcc/arm-none-eabi/6.3.1/../../../../arm-none-eabi/lib/thumb/v7e-m\libc.a(lib_a-fini.o)
                                                  c:/program files (x86)/atmel/studio/7.0/toolchain/arm/arm-gnu-toolchain/bin/../lib/gcc/arm-none-eabi/6.3.1/../../../../arm-none-eabi/lib/thumb/v7e-m\libc.a(lib_a-__call_atexit.o)
                                                  c:/program files (x86)/atmel/studio/7.0/toolchain/arm/arm-gnu-toolchain/bin/../lib/gcc/arm-none-eabi/6.3.1/../../../../arm-none-eabi/lib/thumb/v7e-m/crt0.o
__libc_init_array                                 c:/program files (x86)/atmel/studio/7.0/toolchain/arm/arm-gnu-toolchain/bin/../lib/gcc/arm-none-eabi/6.3.1/../../../../arm-none-eabi/lib/thumb/v7e-m\libc.a(lib_a-init.o)
                                                  src/ASF/sam/utils/cmsis/samv71/source/templates/gcc/startup_samv71.o
                                                  c:/program files (x86)/atmel/studio/7.0/toolchain/arm/arm-gnu-toolchain/bin/../lib/gcc/arm-none-eabi/6.3.1/../../../../arm-none-eabi/lib/thumb/v7e-m/crt0.o
__lock___arc4random_mutex                         c:/program files (x86)/atmel/studio/7.0/toolchain/arm/arm-gnu-toolchain/bin/../lib/gcc/arm-none-eabi/6.3.1/../../../../arm-none-eabi/lib/thumb/v7e-m\libc.a(lib_a-lock.o)
__lock___at_quick_exit_mutex                      c:/program files (x86)/atmel/studio/7.0/toolchain/arm/arm-gnu-toolchain/bin/../lib/gcc/arm-none-eabi/6.3.1/../../../../arm-none-eabi/lib/thumb/v7e-m\libc.a(lib_a-lock.o)
__lock___atexit_recursive_mutex                   c:/program files (x86)/atmel/studio/7.0/toolchain/arm/arm-gnu-toolchain/bin/../lib/gcc/arm-none-eabi/6.3.1/../../../../arm-none-eabi/lib/thumb/v7e-m\libc.a(lib_a-lock.o)
                                                  c:/program files (x86)/atmel/studio/7.0/toolchain/arm/arm-gnu-toolchain/bin/../lib/gcc/arm-none-eabi/6.3.1/../../../../arm-none-eabi/lib/thumb/v7e-m\libc.a(lib_a-__call_atexit.o)
__lock___dd_hash_mutex                            c:/program files (x86)/atmel/studio/7.0/toolchain/arm/arm-gnu-toolchain/bin/../lib/gcc/arm-none-eabi/6.3.1/../../../../arm-none-eabi/lib/thumb/v7e-m\libc.a(lib_a-lock.o)
__lock___env_recursive_mutex                      c:/program files (x86)/atmel/studio/7.0/toolchain/arm/arm-gnu-toolchain/bin/../lib/gcc/arm-none-eabi/6.3.1/../../../../arm-none-eabi/lib/thumb/v7e-m\libc.a(lib_a-lock.o)
__lock___malloc_recursive_mutex                   c:/program files (x86)/atmel/studio/7.0/toolchain/arm/arm-gnu-toolchain/bin/../lib/gcc/arm-none-eabi/6.3.1/../../../../arm-none-eabi/lib/thumb/v7e-m\libc.a(lib_a-lock.o)
                                                  c:/program files (x86)/atmel/studio/7.0/toolchain/arm/arm-gnu-toolchain/bin/../lib/gcc/arm-none-eabi/6.3.1/../../../../arm-none-eabi/lib/thumb/v7e-m\libc.a(lib_a-mlock.o)
__lock___sfp_recursive_mutex                      c:/program files (x86)/atmel/studio/7.0/toolchain/arm/arm-gnu-toolchain/bin/../lib/gcc/arm-none-eabi/6.3.1/../../../../arm-none-eabi/lib/thumb/v7e-m\libc.a(lib_a-lock.o)
__lock___sinit_recursive_mutex                    c:/program files (x86)/atmel/studio/7.0/toolchain/arm/arm-gnu-toolchain/bin/../lib/gcc/arm-none-eabi/6.3.1/../../../../arm-none-eabi/lib/thumb/v7e-m\libc.a(lib_a-lock.o)
__lock___tz_mutex                                 c:/program files (x86)/atmel/studio/7.0/toolchain/arm/arm-gnu-toolchain/bin/../lib/gcc/arm-none-eabi/6.3.1/../../../../arm-none-eabi/lib/thumb/v7e-m\libc.a(lib_a-lock.o)
__malloc_av_                                      c:/program files (x86)/atmel/studio/7.0/toolchain/arm/arm-gnu-toolchain/bin/../lib/gcc/arm-none-eabi/6.3.1/../../../../arm-none-eabi/lib/thumb/v7e-m\libc.a(lib_a-mallocr.o)
                                                  c:/program files (x86)/atmel/studio/7.0/toolchain/arm/arm-gnu-toolchain/bin/../lib/gcc/arm-none-eabi/6.3.1/../../../../arm-none-eabi/lib/thumb/v7e-m\libc.a(lib_a-freer.o)
__malloc_current_mallinfo                         c:/program files (x86)/atmel/studio/7.0/toolchain/arm/arm-gnu-toolchain/bin/../lib/gcc/arm-none-eabi/6.3.1/../../../../arm-none-eabi/lib/thumb/v7e-m\libc.a(lib_a-mallocr.o)
                                                  c:/program files (x86)/atmel/studio/7.0/toolchain/arm/arm-gnu-toolchain/bin/../lib/gcc/arm-none-eabi/6.3.1/../../../../arm-none-eabi/lib/thumb/v7e-m\libc.a(lib_a-freer.o)
__malloc_lock                                     c:/program files (x86)/atmel/studio/7.0/toolchain/arm/arm-gnu-toolchain/bin/../lib/gcc/arm-none-eabi/6.3.1/../../../../arm-none-eabi/lib/thumb/v7e-m\libc.a(lib_a-mlock.o)
                                                  c:/program files (x86)/atmel/studio/7.0/toolchain/arm/arm-gnu-toolchain/bin/../lib/gcc/arm-none-eabi/6.3.1/../../../../arm-none-eabi/lib/thumb/v7e-m\libc.a(lib_a-freer.o)
                                                  c:/program files (x86)/atmel/studio/7.0/toolchain/arm/arm-gnu-toolchain/bin/../lib/gcc/arm-none-eabi/6.3.1/../../../../arm-none-eabi/lib/thumb/v7e-m\libc.a(lib_a-mallocr.o)
__malloc_max_sbrked_mem                           c:/program files (x86)/atmel/studio/7.0/toolchain/arm/arm-gnu-toolchain/bin/../lib/gcc/arm-none-eabi/6.3.1/../../../../arm-none-eabi/lib/thumb/v7e-m\libc.a(lib_a-mallocr.o)
__malloc_max_total_mem                            c:/program files (x86)/atmel/studio/7.0/toolchain/arm/arm-gnu-toolchain/bin/../lib/gcc/arm-none-eabi/6.3.1/../../../../arm-none-eabi/lib/thumb/v7e-m\libc.a(lib_a-mallocr.o)
__malloc_sbrk_base                                c:/program files (x86)/atmel/studio/7.0/toolchain/arm/arm-gnu-toolchain/bin/../lib/gcc/arm-none-eabi/6.3.1/../../../../arm-none-eabi/lib/thumb/v7e-m\libc.a(lib_a-mallocr.o)
                                                  c:/program files (x86)/atmel/studio/7.0/toolchain/arm/arm-gnu-toolchain/bin/../lib/gcc/arm-none-eabi/6.3.1/../../../../arm-none-eabi/lib/thumb/v7e-m\libc.a(lib_a-freer.o)
__malloc_top_pad                                  c:/program files (x86)/atmel/studio/7.0/toolchain/arm/arm-gnu-toolchain/bin/../lib/gcc/arm-none-eabi/6.3.1/../../../../arm-none-eabi/lib/thumb/v7e-m\libc.a(lib_a-mallocr.o)
                                                  c:/program files (x86)/atmel/studio/7.0/toolchain/arm/arm-gnu-toolchain/bin/../lib/gcc/arm-none-eabi/6.3.1/../../../../arm-none-eabi/lib/thumb/v7e-m\libc.a(lib_a-freer.o)
__malloc_trim_threshold                           c:/program files (x86)/atmel/studio/7.0/toolchain/arm/arm-gnu-toolchain/bin/../lib/gcc/arm-none-eabi/6.3.1/../../../../arm-none-eabi/lib/thumb/v7e-m\libc.a(lib_a-mallocr.o)
                                                  c:/program files (x86)/atmel/studio/7.0/toolchain/arm/arm-gnu-toolchain/bin/../lib/gcc/arm-none-eabi/6.3.1/../../../../arm-none-eabi/lib/thumb/v7e-m\libc.a(lib_a-freer.o)
__malloc_unlock                                   c:/program files (x86)/atmel/studio/7.0/toolchain/arm/arm-gnu-toolchain/bin/../lib/gcc/arm-none-eabi/6.3.1/../../../../arm-none-eabi/lib/thumb/v7e-m\libc.a(lib_a-mlock.o)
                                                  c:/program files (x86)/atmel/studio/7.0/toolchain/arm/arm-gnu-toolchain/bin/../lib/gcc/arm-none-eabi/6.3.1/../../../../arm-none-eabi/lib/thumb/v7e-m\libc.a(lib_a-freer.o)
                                                  c:/program files (x86)/atmel/studio/7.0/toolchain/arm/arm-gnu-toolchain/bin/../lib/gcc/arm-none-eabi/6.3.1/../../../../arm-none-eabi/lib/thumb/v7e-m\libc.a(lib_a-mallocr.o)
__preinit_array_end                               c:/program files (x86)/atmel/studio/7.0/toolchain/arm/arm-gnu-toolchain/bin/../lib/gcc/arm-none-eabi/6.3.1/../../../../arm-none-eabi/lib/thumb/v7e-m\libc.a(lib_a-init.o)
__preinit_array_start                             c:/program files (x86)/atmel/studio/7.0/toolchain/arm/arm-gnu-toolchain/bin/../lib/gcc/arm-none-eabi/6.3.1/../../../../arm-none-eabi/lib/thumb/v7e-m\libc.a(lib_a-init.o)
__ram_end__                                       src/ASF/sam/utils/syscalls/gcc/syscalls.o
__register_exitproc                               c:/program files (x86)/atmel/studio/7.0/toolchain/arm/arm-gnu-toolchain/bin/../lib/gcc/arm-none-eabi/6.3.1/../../../../arm-none-eabi/lib/thumb/v7e-m\libc.a(lib_a-__atexit.o)
                                                  c:/program files (x86)/atmel/studio/7.0/toolchain/arm/arm-gnu-toolchain/bin/../lib/gcc/arm-none-eabi/6.3.1/../../../../arm-none-eabi/lib/thumb/v7e-m\libc.a(lib_a-atexit.o)
__register_frame_info                             c:/program files (x86)/atmel/studio/7.0/toolchain/arm/arm-gnu-toolchain/bin/../lib/gcc/arm-none-eabi/6.3.1/thumb/v7e-m/crtbegin.o
__retarget_lock_acquire                           c:/program files (x86)/atmel/studio/7.0/toolchain/arm/arm-gnu-toolchain/bin/../lib/gcc/arm-none-eabi/6.3.1/../../../../arm-none-eabi/lib/thumb/v7e-m\libc.a(lib_a-lock.o)
__retarget_lock_acquire_recursive                 c:/program files (x86)/atmel/studio/7.0/toolchain/arm/arm-gnu-toolchain/bin/../lib/gcc/arm-none-eabi/6.3.1/../../../../arm-none-eabi/lib/thumb/v7e-m\libc.a(lib_a-lock.o)
                                                  c:/program files (x86)/atmel/studio/7.0/toolchain/arm/arm-gnu-toolchain/bin/../lib/gcc/arm-none-eabi/6.3.1/../../../../arm-none-eabi/lib/thumb/v7e-m\libc.a(lib_a-__atexit.o)
                                                  c:/program files (x86)/atmel/studio/7.0/toolchain/arm/arm-gnu-toolchain/bin/../lib/gcc/arm-none-eabi/6.3.1/../../../../arm-none-eabi/lib/thumb/v7e-m\libc.a(lib_a-__call_atexit.o)
                                                  c:/program files (x86)/atmel/studio/7.0/toolchain/arm/arm-gnu-toolchain/bin/../lib/gcc/arm-none-eabi/6.3.1/../../../../arm-none-eabi/lib/thumb/v7e-m\libc.a(lib_a-mlock.o)
__retarget_lock_close                             c:/program files (x86)/atmel/studio/7.0/toolchain/arm/arm-gnu-toolchain/bin/../lib/gcc/arm-none-eabi/6.3.1/../../../../arm-none-eabi/lib/thumb/v7e-m\libc.a(lib_a-lock.o)