Archive member included to satisfy reference by file (symbol)

c:/program files (x86)/atmel/studio/7.0/toolchain/arm/arm-gnu-toolchain/bin/../lib/gcc/arm-none-eabi/6.3.1/../../../../arm-none-eabi/lib/thumb/v7e-m\libc.a(lib_a-exit.o)
                              c:/program files (x86)/atmel/studio/7.0/toolchain/arm/arm-gnu-toolchain/bin/../lib/gcc/arm-none-eabi/6.3.1/../../../../arm-none-eabi/lib/thumb/v7e-m/crt0.o (exit)
c:/program files (x86)/atmel/studio/7.0/toolchain/arm/arm-gnu-toolchain/bin/../lib/gcc/arm-none-eabi/6.3.1/../../../../arm-none-eabi/lib/thumb/v7e-m\libc.a(lib_a-impure.o)
                              c:/program files (x86)/atmel/studio/7.0/toolchain/arm/arm-gnu-toolchain/bin/../lib/gcc/arm-none-eabi/6.3.1/../../../../arm-none-eabi/lib/thumb/v7e-m\libc.a(lib_a-exit.o) (_global_impure_ptr)
c:/program files (x86)/atmel/studio/7.0/toolchain/arm/arm-gnu-toolchain/bin/../lib/gcc/arm-none-eabi/6.3.1/../../../../arm-none-eabi/lib/thumb/v7e-m\libc.a(lib_a-init.o)
                              c:/program files (x86)/atmel/studio/7.0/toolchain/arm/arm-gnu-toolchain/bin/../lib/gcc/arm-none-eabi/6.3.1/../../../../arm-none-eabi/lib/thumb/v7e-m/crt0.o (__libc_init_array)
c:/program files (x86)/atmel/studio/7.0/toolchain/arm/arm-gnu-toolchain/bin/../lib/gcc/arm-none-eabi/6.3.1/../../../../arm-none-eabi/lib/thumb/v7e-m\libc.a(lib_a-memset.o)
                              c:/program files (x86)/atmel/studio/7.0/toolchain/arm/arm-gnu-toolchain/bin/../lib/gcc/arm-none-eabi/6.3.1/../../../../arm-none-eabi/lib/thumb/v7e-m/crt0.o (memset)
c:/program files (x86)/atmel/studio/7.0/toolchain/arm/arm-gnu-toolchain/bin/../lib/gcc/arm-none-eabi/6.3.1/../../../../arm-none-eabi/lib/thumb/v7e-m\libc.a(lib_a-puts.o)
                              src/ili9488_example.o (puts)
c:/program files (x86)/atmel/studio/7.0/toolchain/arm/arm-gnu-toolchain/bin/../lib/gcc/arm-none-eabi/6.3.1/../../../../arm-none-eabi/lib/thumb/v7e-m\libc.a(lib_a-setbuf.o)
                              src/ili9488_example.o (setbuf)
c:/program files (x86)/atmel/studio/7.0/toolchain/arm/arm-gnu-toolchain/bin/../lib/gcc/arm-none-eabi/6.3.1/../../../../arm-none-eabi/lib/thumb/v7e-m\libc.a(lib_a-setvbuf.o)
                              c:/program files (x86)/atmel/studio/7.0/toolchain/arm/arm-gnu-toolchain/bin/../lib/gcc/arm-none-eabi/6.3.1/../../../../arm-none-eabi/lib/thumb/v7e-m\libc.a(lib_a-setbuf.o) (setvbuf)
c:/program files (x86)/atmel/studio/7.0/toolchain/arm/arm-gnu-toolchain/bin/../lib/gcc/arm-none-eabi/6.3.1/../../../../arm-none-eabi/lib/thumb/v7e-m\libc.a(lib_a-strlen.o)
                              c:/program files (x86)/atmel/studio/7.0/toolchain/arm/arm-gnu-toolchain/bin/../lib/gcc/arm-none-eabi/6.3.1/../../../../arm-none-eabi/lib/thumb/v7e-m\libc.a(lib_a-puts.o) (strlen)
c:/program files (x86)/atmel/studio/7.0/toolchain/arm/arm-gnu-toolchain/bin/../lib/gcc/arm-none-eabi/6.3.1/../../../../arm-none-eabi/lib/thumb/v7e-m\libc.a(lib_a-__call_atexit.o)
                              c:/program files (x86)/atmel/studio/7.0/toolchain/arm/arm-gnu-toolchain/bin/../lib/gcc/arm-none-eabi/6.3.1/../../../../arm-none-eabi/lib/thumb/v7e-m\libc.a(lib_a-exit.o) (__call_exitprocs)
c:/program files (x86)/atmel/studio/7.0/toolchain/arm/arm-gnu-toolchain/bin/../lib/gcc/arm-none-eabi/6.3.1/../../../../arm-none-eabi/lib/thumb/v7e-m\libc.a(lib_a-atexit.o)
                              c:/program files (x86)/atmel/studio/7.0/toolchain/arm/arm-gnu-toolchain/bin/../lib/gcc/arm-none-eabi/6.3.1/../../../../arm-none-eabi/lib/thumb/v7e-m\libc.a(lib_a-__call_atexit.o) (atexit)
c:/program files (x86)/atmel/studio/7.0/toolchain/arm/arm-gnu-toolchain/bin/../lib/gcc/arm-none-eabi/6.3.1/../../../../arm-none-eabi/lib/thumb/v7e-m\libc.a(lib_a-fflush.o)
                              c:/program files (x86)/atmel/studio/7.0/toolchain/arm/arm-gnu-toolchain/bin/../lib/gcc/arm-none-eabi/6.3.1/../../../../arm-none-eabi/lib/thumb/v7e-m\libc.a(lib_a-setvbuf.o) (_fflush_r)
c:/program files (x86)/atmel/studio/7.0/toolchain/arm/arm-gnu-toolchain/bin/../lib/gcc/arm-none-eabi/6.3.1/../../../../arm-none-eabi/lib/thumb/v7e-m\libc.a(lib_a-findfp.o)
                              c:/program files (x86)/atmel/studio/7.0/toolchain/arm/arm-gnu-toolchain/bin/../lib/gcc/arm-none-eabi/6.3.1/../../../../arm-none-eabi/lib/thumb/v7e-m\libc.a(lib_a-puts.o) (__sinit)
c:/program files (x86)/atmel/studio/7.0/toolchain/arm/arm-gnu-toolchain/bin/../lib/gcc/arm-none-eabi/6.3.1/../../../../arm-none-eabi/lib/thumb/v7e-m\libc.a(lib_a-fini.o)
                              c:/program files (x86)/atmel/studio/7.0/toolchain/arm/arm-gnu-toolchain/bin/../lib/gcc/arm-none-eabi/6.3.1/../../../../arm-none-eabi/lib/thumb/v7e-m\libc.a(lib_a-__call_atexit.o) (__libc_fini_array)
c:/program files (x86)/atmel/studio/7.0/toolchain/arm/arm-gnu-toolchain/bin/../lib/gcc/arm-none-eabi/6.3.1/../../../../arm-none-eabi/lib/thumb/v7e-m\libc.a(lib_a-freer.o)
[...]
Memory Configuration

Name             Origin             Length             Attributes
rom              0x00400000         0x00200000         xr
ram              0x20400000         0x00060000         xrw
*default*        0x00000000         0xffffffff

Linker script and memory map

LOAD c:/program files (x86)/atmel/studio/7.0/toolchain/arm/arm-gnu-toolchain/bin/../lib/gcc/arm-none-eabi/6.3.1/thumb/v7e-m/crti.o
LOAD c:/program files (x86)/atmel/studio/7.0/toolchain/arm/arm-gnu-toolchain/bin/../lib/gcc/arm-none-eabi/6.3.1/thumb/v7e-m/crtbegin.o
LOAD c:/program files (x86)/atmel/studio/7.0/toolchain/arm/arm-gnu-toolchain/bin/../lib/gcc/arm-none-eabi/6.3.1/../../../../arm-none-eabi/lib/thumb/v7e-m/crt0.o
LOAD src/ASF/common/services/clock/samv71/sysclk.o
LOAD src/ASF/common/services/serial/usart_serial.o
LOAD src/ASF/common/utils/interrupt/interrupt_sam_nvic.o
LOAD src/ASF/common/utils/stdio/read.o
LOAD src/ASF/common/utils/stdio/write.o
LOAD src/ASF/sam/boards/samv71_xplained_ultra/init.o
LOAD src/ASF/sam/components/display/ili9488/ili9488.o
LOAD src/ASF/sam/drivers/ebi/smc/smc.o
LOAD src/ASF/sam/drivers/mpu/mpu.o
LOAD src/ASF/sam/drivers/pio/pio.o
LOAD src/ASF/sam/drivers/pio/pio_handler.o
LOAD src/ASF/sam/drivers/pmc/pmc.o
LOAD src/ASF/sam/drivers/pmc/sleep.o
LOAD src/ASF/sam/drivers/uart/uart.o
LOAD src/ASF/sam/drivers/usart/usart.o
LOAD src/ASF/sam/utils/cmsis/samv71/source/templates/gcc/startup_samv71.o
LOAD src/ASF/sam/utils/cmsis/samv71/source/templates/system_samv71.o
LOAD src/ASF/sam/utils/syscalls/gcc/syscalls.o
LOAD src/ili9488_example.o
START GROUP
LOAD ../src/ASF/thirdparty/CMSIS/Lib/GCC\libarm_cortexM7lfsp_math_softfp.a
LOAD c:/program files (x86)/atmel/studio/7.0/toolchain/arm/arm-gnu-toolchain/bin/../lib/gcc/arm-none-eabi/6.3.1/../../../../arm-none-eabi/lib/thumb/v7e-m\libm.a
END GROUP
START GROUP
LOAD c:/program files (x86)/atmel/studio/7.0/toolchain/arm/arm-gnu-toolchain/bin/../lib/gcc/arm-none-eabi/6.3.1/thumb/v7e-m\libgcc.a
LOAD c:/program files (x86)/atmel/studio/7.0/toolchain/arm/arm-gnu-toolchain/bin/../lib/gcc/arm-none-eabi/6.3.1/../../../../arm-none-eabi/lib/thumb/v7e-m\libc.a
END GROUP
LOAD c:/program files (x86)/atmel/studio/7.0/toolchain/arm/arm-gnu-toolchain/bin/../lib/gcc/arm-none-eabi/6.3.1/thumb/v7e-m/crtend.o
LOAD c:/program files (x86)/atmel/studio/7.0/toolchain/arm/arm-gnu-toolchain/bin/../lib/gcc/arm-none-eabi/6.3.1/thumb/v7e-m/crtn.o
                0x00002000                STACK_SIZE = DEFINED (STACK_SIZE)?STACK_SIZE:0x2000
                0x2045fffc                __ram_end__ = ((ORIGIN (ram) + LENGTH (ram)) - 0x4)
                0x00000200                HEAP_SIZE = DEFINED (HEAP_SIZE)?HEAP_SIZE:0x200

.text           0x00400000     0x3c34
                0x00400000                . = ALIGN (0x4)
                0x00400000                _sfixed = .
 *(.vectors .vectors.*)
 .vectors       0x00400000      0x140 src/ASF/sam/utils/cmsis/samv71/source/templates/gcc/startup_samv71.o
                0x00400000                exception_table
 *(.text .text.* .gnu.linkonce.t.*)
 .text          0x00400140       0x6c c:/program files (x86)/atmel/studio/7.0/toolchain/arm/arm-gnu-toolchain/bin/../lib/gcc/arm-none-eabi/6.3.1/thumb/v7e-m/crtbegin.o
 .text.sysclk_init
                0x004001ac       0x70 src/ASF/common/services/clock/samv71/sysclk.o
                0x004001ac                sysclk_init
 .text._read    0x0040021c       0x3c src/ASF/common/utils/stdio/read.o
                0x0040021c                _read
 .text._write   0x00400258       0x50 src/ASF/common/utils/stdio/write.o
                0x00400258                _write
 .text.board_init
                0x004002a8      0x2b4 src/ASF/sam/boards/samv71_xplained_ultra/init.o
                0x004002a8                board_init
 .text.ili9488_check_box_coordinates
                0x0040055c       0x56 src/ASF/sam/components/display/ili9488/ili9488.o
 *fill*         0x004005b2        0x2 
 .text.ili9488_write_ram_prepare
                0x004005b4       0x20 src/ASF/sam/components/display/ili9488/ili9488.o
 .text.ili9488_write_register
                0x004005d4       0x4c src/ASF/sam/components/display/ili9488/ili9488.o
 .text.ili9488_write_ram_buffer
                0x00400620       0x30 src/ASF/sam/components/display/ili9488/ili9488.o
 .text.ili9488_delay
                0x00400650       0x1c src/ASF/sam/components/display/ili9488/ili9488.o
                0x00400650                ili9488_delay
 .text.ili9488_set_display_direction
                0x0040066c       0x2c src/ASF/sam/components/display/ili9488/ili9488.o
                0x0040066c                ili9488_set_display_direction
 .text.ili9488_set_window
                0x00400698       0x80 src/ASF/sam/components/display/ili9488/ili9488.o
                0x00400698                ili9488_set_window
 .text.ili9488_display_on
                0x00400718       0x14 src/ASF/sam/components/display/ili9488/ili9488.o
                0x00400718                ili9488_display_on
 .text.ili9488_set_foreground_color
                0x0040072c       0x18 src/ASF/sam/components/display/ili9488/ili9488.o
                0x0040072c                ili9488_set_foreground_color
 .text.ili9488_set_cursor_position
                0x00400744       0x64 src/ASF/sam/components/display/ili9488/ili9488.o
                0x00400744                ili9488_set_cursor_position
 .text.ili9488_init
                0x004007a8      0x170 src/ASF/sam/components/display/ili9488/ili9488.o
                0x004007a8                ili9488_init
 .text.ili9488_draw_pixel
                0x00400918       0x3c src/ASF/sam/components/display/ili9488/ili9488.o
                0x00400918                ili9488_draw_pixel
 .text.ili9488_draw_filled_rectangle
                0x00400954       0xbc src/ASF/sam/components/display/ili9488/ili9488.o
                0x00400954                ili9488_draw_filled_rectangle
 .text.ili9488_draw_line
                0x00400a10       0xd4 src/ASF/sam/components/display/ili9488/ili9488.o
                0x00400a10                ili9488_draw_line
 .text.ili9488_draw_circle
                0x00400ae4       0xa0 src/ASF/sam/components/display/ili9488/ili9488.o
                0x00400ae4                ili9488_draw_circle
 .text.ili9488_draw_string
                0x00400b84       0xb0 src/ASF/sam/components/display/ili9488/ili9488.o
                0x00400b84                ili9488_draw_string
 .text.smc_set_setup_timing
                0x00400c34        0x6 src/ASF/sam/drivers/ebi/smc/smc.o
                0x00400c34                smc_set_setup_timing
 .text.smc_set_pulse_timing
                0x00400c3a        0x8 src/ASF/sam/drivers/ebi/smc/smc.o
                0x00400c3a                smc_set_pulse_timing
 .text.smc_set_cycle_timing
                0x00400c42        0x8 src/ASF/sam/drivers/ebi/smc/smc.o
                0x00400c42                smc_set_cycle_timing
 .text.smc_set_mode
                0x00400c4a        0x8 src/ASF/sam/drivers/ebi/smc/smc.o
                0x00400c4a                smc_set_mode
 *fill*         0x00400c52        0x2 
 .text.mpu_enable
                0x00400c54        0xc src/ASF/sam/drivers/mpu/mpu.o
                0x00400c54                mpu_enable
 .text.mpu_set_region
                0x00400c60        0xc src/ASF/sam/drivers/mpu/mpu.o
                0x00400c60                mpu_set_region
 .text.mpu_cal_mpu_region_size
                0x00400c6c       0x1c src/ASF/sam/drivers/mpu/mpu.o
                0x00400c6c                mpu_cal_mpu_region_size
 .text.pio_set  0x00400c88        0x4 src/ASF/sam/drivers/pio/pio.o
                0x00400c88                pio_set
 .text.pio_clear
                0x00400c8c        0x4 src/ASF/sam/drivers/pio/pio.o
                0x00400c8c                pio_clear
 .text.pio_set_peripheral
                0x00400c90       0x92 src/ASF/sam/drivers/pio/pio.o
                0x00400c90                pio_set_peripheral
 .text.pio_set_input
                0x00400d22       0x36 src/ASF/sam/drivers/pio/pio.o
                0x00400d22                pio_set_input
 .text.pio_set_output
                0x00400d58       0x28 src/ASF/sam/drivers/pio/pio.o
                0x00400d58                pio_set_output
 .text.pio_configure
                0x00400d80       0x90 src/ASF/sam/drivers/pio/pio.o
                0x00400d80                pio_configure
 .text.pio_get_interrupt_status
                0x00400e10        0x4 src/ASF/sam/drivers/pio/pio.o
                0x00400e10                pio_get_interrupt_status
 .text.pio_get_interrupt_mask
                0x00400e14        0x4 src/ASF/sam/drivers/pio/pio.o
                0x00400e14                pio_get_interrupt_mask
 .text.pio_handler_process
                0x00400e18       0x50 src/ASF/sam/drivers/pio/pio_handler.o
                0x00400e18                pio_handler_process
 .text.PIOA_Handler
                0x00400e68       0x14 src/ASF/sam/drivers/pio/pio_handler.o
                0x00400e68                PIOA_Handler
 .text.PIOB_Handler
                0x00400e7c       0x14 src/ASF/sam/drivers/pio/pio_handler.o
                0x00400e7c                PIOB_Handler
 .text.PIOC_Handler
                0x00400e90       0x14 src/ASF/sam/drivers/pio/pio_handler.o
                0x00400e90                PIOC_Handler
 .text.PIOD_Handler
                0x00400ea4       0x14 src/ASF/sam/drivers/pio/pio_handler.o
                0x00400ea4                PIOD_Handler
 .text.PIOE_Handler
                0x00400eb8       0x14 src/ASF/sam/drivers/pio/pio_handler.o
                0x00400eb8                PIOE_Handler
 .text.pmc_mck_set_division
                0x00400ecc       0x38 src/ASF/sam/drivers/pmc/pmc.o
                0x00400ecc                pmc_mck_set_division
 .text.pmc_switch_mck_to_pllack
                0x00400f04       0x64 src/ASF/sam/drivers/pmc/pmc.o
                0x00400f04                pmc_switch_mck_to_pllack
 .text.pmc_switch_mainck_to_xtal
                0x00400f68       0x54 src/ASF/sam/drivers/pmc/pmc.o
                0x00400f68                pmc_switch_mainck_to_xtal
 .text.pmc_osc_is_ready_mainck
                0x00400fbc       0x10 src/ASF/sam/drivers/pmc/pmc.o
                0x00400fbc                pmc_osc_is_ready_mainck
 .text.pmc_disable_pllack
                0x00400fcc       0x10 src/ASF/sam/drivers/pmc/pmc.o
                0x00400fcc                pmc_disable_pllack
 .text.pmc_is_locked_pllack
                0x00400fdc       0x10 src/ASF/sam/drivers/pmc/pmc.o
                0x00400fdc                pmc_is_locked_pllack
 .text.pmc_enable_periph_clk
                0x00400fec       0x54 src/ASF/sam/drivers/pmc/pmc.o
                0x00400fec                pmc_enable_periph_clk
 .text.uart_write
                0x00401040       0x12 src/ASF/sam/drivers/uart/uart.o
                0x00401040                uart_write
 .text.uart_read
                0x00401052       0x14 src/ASF/sam/drivers/uart/uart.o
                0x00401052                uart_read
 .text.usart_set_async_baudrate
                0x00401066       0x5a src/ASF/sam/drivers/usart/usart.o
                0x00401066                usart_set_async_baudrate
 .text.usart_reset
                0x004010c0       0x28 src/ASF/sam/drivers/usart/usart.o
                0x004010c0                usart_reset
 .text.usart_init_rs232
                0x004010e8       0x54 src/ASF/sam/drivers/usart/usart.o
                0x004010e8                usart_init_rs232
 .text.usart_enable_tx
                0x0040113c        0x6 src/ASF/sam/drivers/usart/usart.o
                0x0040113c                usart_enable_tx
 .text.usart_enable_rx
                0x00401142        0x6 src/ASF/sam/drivers/usart/usart.o
                0x00401142                usart_enable_rx
 .text.usart_write
                0x00401148       0x16 src/ASF/sam/drivers/usart/usart.o
                0x00401148                usart_write
 .text.usart_read
                0x0040115e       0x18 src/ASF/sam/drivers/usart/usart.o
                0x0040115e                usart_read
 .text.Dummy_Handler
                0x00401176        0x2 src/ASF/sam/utils/cmsis/samv71/source/templates/gcc/startup_samv71.o
                0x00401176                DACC_Handler
                0x00401176                DebugMon_Handler
                0x00401176                UART3_Handler
                0x00401176                UART2_Handler
                0x00401176                TRNG_Handler
                0x00401176                HardFault_Handler
                0x00401176                TC2_Handler
                0x00401176                AFEC1_Handler
                0x00401176                PendSV_Handler
                0x00401176                NMI_Handler
                0x00401176                TC7_Handler
                0x00401176                QSPI_Handler
                0x00401176                ISI_Handler
                0x00401176                TC9_Handler
                0x00401176                RSWDT_Handler
                0x00401176                MCAN1_Handler
                0x00401176                USART0_Handler
                0x00401176                RTT_Handler
                0x00401176                USBHS_Handler
                0x00401176                RTC_Handler
                0x00401176                UsageFault_Handler
                0x00401176                TC6_Handler
                0x00401176                WDT_Handler
                0x00401176                TC4_Handler
                0x00401176                TC1_Handler
                0x00401176                HSMCI_Handler
                0x00401176                UART1_Handler
                0x00401176                TC3_Handler
                0x00401176                Dummy_Handler
                0x00401176                TWIHS1_Handler
                0x00401176                XDMAC_Handler
                0x00401176                UART4_Handler
                0x00401176                PWM1_Handler
                0x00401176                USART1_Handler
                0x00401176                PWM0_Handler
                0x00401176                AFEC0_Handler
                0x00401176                SSC_Handler
                0x00401176                TC11_Handler
                0x00401176                ACC_Handler
                0x00401176                PMC_Handler
                0x00401176                GMAC_Handler
                0x00401176                MemManage_Handler
                0x00401176                SUPC_Handler
                0x00401176                SVC_Handler
                0x00401176                TC8_Handler
                0x00401176                EFC_Handler
                0x00401176                USART2_Handler
                0x00401176                SDRAMC_Handler
                0x00401176                SPI1_Handler
                0x00401176                MCAN0_Handler
                0x00401176                TC10_Handler
                0x00401176                TWIHS2_Handler
                0x00401176                MLB_Handler
                0x00401176                UART0_Handler
                0x00401176                BusFault_Handler
                0x00401176                RSTC_Handler
                0x00401176                TC0_Handler
                0x00401176                TC5_Handler
                0x00401176                ICM_Handler
                0x00401176                AES_Handler
                0x00401176                TWIHS0_Handler
                0x00401176                SPI0_Handler
 .text.Reset_Handler
                0x00401178       0xc8 src/ASF/sam/utils/cmsis/samv71/source/templates/gcc/startup_samv71.o
                0x00401178                Reset_Handler
 .text.SystemCoreClockUpdate
                0x00401240      0x10c src/ASF/sam/utils/cmsis/samv71/source/templates/system_samv71.o
                0x00401240                SystemCoreClockUpdate
 .text.system_init_flash
                0x0040134c       0x8c src/ASF/sam/utils/cmsis/samv71/source/templates/system_samv71.o
                0x0040134c                system_init_flash
 .text._sbrk    0x004013d8       0x38 src/ASF/sam/utils/syscalls/gcc/syscalls.o
                0x004013d8                _sbrk
 .text._close   0x00401410        0x6 src/ASF/sam/utils/syscalls/gcc/syscalls.o
                0x00401410                _close
 .text._fstat   0x00401416        0xa src/ASF/sam/utils/syscalls/gcc/syscalls.o
                0x00401416                _fstat
 .text._isatty  0x00401420        0x4 src/ASF/sam/utils/syscalls/gcc/syscalls.o
                0x00401420                _isatty
 .text._lseek   0x00401424        0x4 src/ASF/sam/utils/syscalls/gcc/syscalls.o
                0x00401424                _lseek
 .text.usart_serial_getchar
                0x00401428       0xdc src/ili9488_example.o
 .text.usart_serial_putchar
                0x00401504       0xd4 src/ili9488_example.o
 .text.SysTick_Handler
                0x004015d8       0x10 src/ili9488_example.o
                0x004015d8                SysTick_Handler
 .text.wait     0x004015e8       0x1c src/ili9488_example.o
                0x004015e8                wait
 .text.main     0x00401604      0x17c src/ili9488_example.o
                0x00401604                main
 .text.__libc_init_array
                0x00401780       0x50 c:/program files (x86)/atmel/studio/7.0/toolchain/arm/arm-gnu-toolchain/bin/../lib/gcc/arm-none-eabi/6.3.1/../../../../arm-none-eabi/lib/thumb/v7e-m\libc.a(lib_a-init.o)
                0x00401780                __libc_init_array
 .text.memset   0x004017d0       0x9c c:/program files (x86)/atmel/studio/7.0/toolchain/arm/arm-gnu-toolchain/bin/../lib/gcc/arm-none-eabi/6.3.1/../../../../arm-none-eabi/lib/thumb/v7e-m\libc.a(lib_a-memset.o)
                0x004017d0                memset
 .text._puts_r  0x0040186c       0x9c c:/program files (x86)/atmel/studio/7.0/toolchain/arm/arm-gnu-toolchain/bin/../lib/gcc/arm-none-eabi/6.3.1/../../../../arm-none-eabi/lib/thumb/v7e-m\libc.a(lib_a-puts.o)
                0x0040186c                _puts_r
 .text.puts     0x00401908       0x10 c:/program files (x86)/atmel/studio/7.0/toolchain/arm/arm-gnu-toolchain/bin/../lib/gcc/arm-none-eabi/6.3.1/../../../../arm-none-eabi/lib/thumb/v7e-m\libc.a(lib_a-puts.o)
                0x00401908                puts
 .text.setbuf   0x00401918       0x10 c:/program files (x86)/atmel/studio/7.0/toolchain/arm/arm-gnu-toolchain/bin/../lib/gcc/arm-none-eabi/6.3.1/../../../../arm-none-eabi/lib/thumb/v7e-m\libc.a(lib_a-setbuf.o)
                0x00401918                setbuf
 .text.setvbuf  0x00401928      0x190 c:/program files (x86)/atmel/studio/7.0/toolchain/arm/arm-gnu-toolchain/bin/../lib/gcc/arm-none-eabi/6.3.1/../../../../arm-none-eabi/lib/thumb/v7e-m\libc.a(lib_a-setvbuf.o)
                0x00401928                setvbuf
 *fill*         0x00401ab8        0x8 
 .text          0x00401ac0       0xdc c:/program files (x86)/atmel/studio/7.0/toolchain/arm/arm-gnu-toolchain/bin/../lib/gcc/arm-none-eabi/6.3.1/../../../../arm-none-eabi/lib/thumb/v7e-m\libc.a(lib_a-strlen.o)
                0x00401ac0                strlen
 .text.startup.register_fini
                0x00401b9c       0x14 c:/program files (x86)/atmel/studio/7.0/toolchain/arm/arm-gnu-toolchain/bin/../lib/gcc/arm-none-eabi/6.3.1/../../../../arm-none-eabi/lib/thumb/v7e-m\libc.a(lib_a-__call_atexit.o)
 .text.atexit   0x00401bb0        0xc c:/program files (x86)/atmel/studio/7.0/toolchain/arm/arm-gnu-toolchain/bin/../lib/gcc/arm-none-eabi/6.3.1/../../../../arm-none-eabi/lib/thumb/v7e-m\libc.a(lib_a-atexit.o)
                0x00401bb0                atexit
 .text.__sflush_r
                0x00401bbc      0x140 c:/program files (x86)/atmel/studio/7.0/toolchain/arm/arm-gnu-toolchain/bin/../lib/gcc/arm-none-eabi/6.3.1/../../../../arm-none-eabi/lib/thumb/v7e-m\libc.a(lib_a-fflush.o)
                0x00401bbc                __sflush_r
 .text._fflush_r
                0x00401cfc       0x54 c:/program files (x86)/atmel/studio/7.0/toolchain/arm/arm-gnu-toolchain/bin/../lib/gcc/arm-none-eabi/6.3.1/../../../../arm-none-eabi/lib/thumb/v7e-m\libc.a(lib_a-fflush.o)
                0x00401cfc                _fflush_r
 .text._cleanup_r
                0x00401d50        0xc c:/program files (x86)/atmel/studio/7.0/toolchain/arm/arm-gnu-toolchain/bin/../lib/gcc/arm-none-eabi/6.3.1/../../../../arm-none-eabi/lib/thumb/v7e-m\libc.a(lib_a-findfp.o)
                0x00401d50                _cleanup_r
 .text.std.isra.0
                0x00401d5c       0x50 c:/program files (x86)/atmel/studio/7.0/toolchain/arm/arm-gnu-toolchain/bin/../lib/gcc/arm-none-eabi/6.3.1/../../../../arm-none-eabi/lib/thumb/v7e-m\libc.a(lib_a-findfp.o)
 .text.__sinit  0x00401dac       0x58 c:/program files (x86)/atmel/studio/7.0/toolchain/arm/arm-gnu-toolchain/bin/../lib/gcc/arm-none-eabi/6.3.1/../../../../arm-none-eabi/lib/thumb/v7e-m\libc.a(lib_a-findfp.o)
                0x00401dac                __sinit
 .text.__sfp_lock_acquire
                0x00401e04        0xc c:/program files (x86)/atmel/studio/7.0/toolchain/arm/arm-gnu-toolchain/bin/../lib/gcc/arm-none-eabi/6.3.1/../../../../arm-none-eabi/lib/thumb/v7e-m\libc.a(lib_a-findfp.o)
                0x00401e04                __sfp_lock_acquire
 .text.__sfp_lock_release
                0x00401e10        0xc c:/program files (x86)/atmel/studio/7.0/toolchain/arm/arm-gnu-toolchain/bin/../lib/gcc/arm-none-eabi/6.3.1/../../../../arm-none-eabi/lib/thumb/v7e-m\libc.a(lib_a-findfp.o)
                0x00401e10                __sfp_lock_release
 .text.__libc_fini_array
                0x00401e1c       0x34 c:/program files (x86)/atmel/studio/7.0/toolchain/arm/arm-gnu-toolchain/bin/../lib/gcc/arm-none-eabi/6.3.1/../../../../arm-none-eabi/lib/thumb/v7e-m\libc.a(lib_a-fini.o)
                0x00401e1c                __libc_fini_array
 .text._malloc_trim_r
                0x00401e50       0xa0 c:/program files (x86)/atmel/studio/7.0/toolchain/arm/arm-gnu-toolchain/bin/../lib/gcc/arm-none-eabi/6.3.1/../../../../arm-none-eabi/lib/thumb/v7e-m\libc.a(lib_a-freer.o)
                0x00401e50                _malloc_trim_r
 .text._free_r  0x00401ef0      0x1cc c:/program files (x86)/atmel/studio/7.0/toolchain/arm/arm-gnu-toolchain/bin/../lib/gcc/arm-none-eabi/6.3.1/../../../../arm-none-eabi/lib/thumb/v7e-m\libc.a(lib_a-freer.o)
                0x00401ef0                _free_r
 .text.__sfvwrite_r
                0x004020bc      0x2f0 c:/program files (x86)/atmel/studio/7.0/toolchain/arm/arm-gnu-toolchain/bin/../lib/gcc/arm-none-eabi/6.3.1/../../../../arm-none-eabi/lib/thumb/v7e-m\libc.a(lib_a-fvwrite.o)
                0x004020bc                __sfvwrite_r
 .text._fwalk_reent
                0x004023ac       0x54 c:/program files (x86)/atmel/studio/7.0/toolchain/arm/arm-gnu-toolchain/bin/../lib/gcc/arm-none-eabi/6.3.1/../../../../arm-none-eabi/lib/thumb/v7e-m\libc.a(lib_a-fwalk.o)
                0x004023ac                _fwalk_reent
 .text.__retarget_lock_init_recursive
                0x00402400        0x4 c:/program files (x86)/atmel/studio/7.0/toolchain/arm/arm-gnu-toolchain/bin/../lib/gcc/arm-none-eabi/6.3.1/../../../../arm-none-eabi/lib/thumb/v7e-m\libc.a(lib_a-lock.o)
                0x00402400                __retarget_lock_init_recursive
 .text.__retarget_lock_close_recursive
                0x00402404        0x4 c:/program files (x86)/atmel/studio/7.0/toolchain/arm/arm-gnu-toolchain/bin/../lib/gcc/arm-none-eabi/6.3.1/../../../../arm-none-eabi/lib/thumb/v7e-m\libc.a(lib_a-lock.o)
                0x00402404                __retarget_lock_close_recursive
 .text.__retarget_lock_acquire_recursive
                0x00402408        0x4 c:/program files (x86)/atmel/studio/7.0/toolchain/arm/arm-gnu-toolchain/bin/../lib/gcc/arm-none-eabi/6.3.1/../../../../arm-none-eabi/lib/thumb/v7e-m\libc.a(lib_a-lock.o)
                0x00402408                __retarget_lock_acquire_recursive
 .text.__retarget_lock_release_recursive
                0x0040240c        0x4 c:/program files (x86)/atmel/studio/7.0/toolchain/arm/arm-gnu-toolchain/bin/../lib/gcc/arm-none-eabi/6.3.1/../../../../arm-none-eabi/lib/thumb/v7e-m\libc.a(lib_a-lock.o)
                0x0040240c                __retarget_lock_release_recursive
 .text.__swhatbuf_r
                0x00402410       0x5c c:/program files (x86)/atmel/studio/7.0/toolchain/arm/arm-gnu-toolchain/bin/../lib/gcc/arm-none-eabi/6.3.1/../../../../arm-none-eabi/lib/thumb/v7e-m\libc.a(lib_a-makebuf.o)
                0x00402410                __swhatbuf_r
 .text.__smakebuf_r
                0x0040246c       0x94 c:/program files (x86)/atmel/studio/7.0/toolchain/arm/arm-gnu-toolchain/bin/../lib/gcc/arm-none-eabi/6.3.1/../../../../arm-none-eabi/lib/thumb/v7e-m\libc.a(lib_a-makebuf.o)
                0x0040246c                __smakebuf_r
 .text.malloc   0x00402500       0x10 c:/program files (x86)/atmel/studio/7.0/toolchain/arm/arm-gnu-toolchain/bin/../lib/gcc/arm-none-eabi/6.3.1/../../../../arm-none-eabi/lib/thumb/v7e-m\libc.a(lib_a-malloc.o)
                0x00402500                malloc
 .text._malloc_r
                0x00402510      0x560 c:/program files (x86)/atmel/studio/7.0/toolchain/arm/arm-gnu-toolchain/bin/../lib/gcc/arm-none-eabi/6.3.1/../../../../arm-none-eabi/lib/thumb/v7e-m\libc.a(lib_a-mallocr.o)
                0x00402510                _malloc_r
 .text          0x00402a70       0xa0 c:/program files (x86)/atmel/studio/7.0/toolchain/arm/arm-gnu-toolchain/bin/../lib/gcc/arm-none-eabi/6.3.1/../../../../arm-none-eabi/lib/thumb/v7e-m\libc.a(lib_a-memchr.o)
                0x00402a70                memchr
 .text          0x00402b10      0x134 c:/program files (x86)/atmel/studio/7.0/toolchain/arm/arm-gnu-toolchain/bin/../lib/gcc/arm-none-eabi/6.3.1/../../../../arm-none-eabi/lib/thumb/v7e-m\libc.a(lib_a-memcpy.o)
                0x00402b10                memcpy
 .text.memmove  0x00402c44       0xc8 c:/program files (x86)/atmel/studio/7.0/toolchain/arm/arm-gnu-toolchain/bin/../lib/gcc/arm-none-eabi/6.3.1/../../../../arm-none-eabi/lib/thumb/v7e-m\libc.a(lib_a-memmove.o)
                0x00402c44                memmove
 .text.__malloc_lock
                0x00402d0c        0xc c:/program files (x86)/atmel/studio/7.0/toolchain/arm/arm-gnu-toolchain/bin/../lib/gcc/arm-none-eabi/6.3.1/../../../../arm-none-eabi/lib/thumb/v7e-m\libc.a(lib_a-mlock.o)
                0x00402d0c                __malloc_lock
 .text.__malloc_unlock
                0x00402d18        0xc c:/program files (x86)/atmel/studio/7.0/toolchain/arm/arm-gnu-toolchain/bin/../lib/gcc/arm-none-eabi/6.3.1/../../../../arm-none-eabi/lib/thumb/v7e-m\libc.a(lib_a-mlock.o)
                0x00402d18                __malloc_unlock
 .text._realloc_r
                0x00402d24      0x34c c:/program files (x86)/atmel/studio/7.0/toolchain/arm/arm-gnu-toolchain/bin/../lib/gcc/arm-none-eabi/6.3.1/../../../../arm-none-eabi/lib/thumb/v7e-m\libc.a(lib_a-reallocr.o)
                0x00402d24                _realloc_r
 .text._sbrk_r  0x00403070       0x24 c:/program files (x86)/atmel/studio/7.0/toolchain/arm/arm-gnu-toolchain/bin/../lib/gcc/arm-none-eabi/6.3.1/../../../../arm-none-eabi/lib/thumb/v7e-m\libc.a(lib_a-sbrkr.o)
                0x00403070                _sbrk_r
 .text.__sread  0x00403094       0x24 c:/program files (x86)/atmel/studio/7.0/toolchain/arm/arm-gnu-toolchain/bin/../lib/gcc/arm-none-eabi/6.3.1/../../../../arm-none-eabi/lib/thumb/v7e-m\libc.a(lib_a-stdio.o)
                0x00403094                __sread
 .text.__swrite
                0x004030b8       0x3c c:/program files (x86)/atmel/studio/7.0/toolchain/arm/arm-gnu-toolchain/bin/../lib/gcc/arm-none-eabi/6.3.1/../../../../arm-none-eabi/lib/thumb/v7e-m\libc.a(lib_a-stdio.o)
                0x004030b8                __swrite
 .text.__sseek  0x004030f4       0x20 c:/program files (x86)/atmel/studio/7.0/toolchain/arm/arm-gnu-toolchain/bin/../lib/gcc/arm-none-eabi/6.3.1/../../../../arm-none-eabi/lib/thumb/v7e-m\libc.a(lib_a-stdio.o)
                0x004030f4                __sseek
 .text.__sclose
                0x00403114        0x8 c:/program files (x86)/atmel/studio/7.0/toolchain/arm/arm-gnu-toolchain/bin/../lib/gcc/arm-none-eabi/6.3.1/../../../../arm-none-eabi/lib/thumb/v7e-m\libc.a(lib_a-stdio.o)
                0x00403114                __sclose
 .text._write_r
                0x0040311c       0x2c c:/program files (x86)/atmel/studio/7.0/toolchain/arm/arm-gnu-toolchain/bin/../lib/gcc/arm-none-eabi/6.3.1/../../../../arm-none-eabi/lib/thumb/v7e-m\libc.a(lib_a-writer.o)
                0x0040311c                _write_r
 .text.__swsetup_r
                0x00403148       0xc8 c:/program files (x86)/atmel/studio/7.0/toolchain/arm/arm-gnu-toolchain/bin/../lib/gcc/arm-none-eabi/6.3.1/../../../../arm-none-eabi/lib/thumb/v7e-m\libc.a(lib_a-wsetup.o)
                0x00403148                __swsetup_r
 .text.__register_exitproc
                0x00403210       0xc4 c:/program files (x86)/atmel/studio/7.0/toolchain/arm/arm-gnu-toolchain/bin/../lib/gcc/arm-none-eabi/6.3.1/../../../../arm-none-eabi/lib/thumb/v7e-m\libc.a(lib_a-__atexit.o)
                0x00403210                __register_exitproc
 .text._close_r
                0x004032d4       0x24 c:/program files (x86)/atmel/studio/7.0/toolchain/arm/arm-gnu-toolchain/bin/../lib/gcc/arm-none-eabi/6.3.1/../../../../arm-none-eabi/lib/thumb/v7e-m\libc.a(lib_a-closer.o)
                0x004032d4                _close_r
 .text._fclose_r
                0x004032f8       0xc4 c:/program files (x86)/atmel/studio/7.0/toolchain/arm/arm-gnu-toolchain/bin/../lib/gcc/arm-none-eabi/6.3.1/../../../../arm-none-eabi/lib/thumb/v7e-m\libc.a(lib_a-fclose.o)
                0x004032f8                _fclose_r
 .text._fstat_r
                0x004033bc       0x28 c:/program files (x86)/atmel/studio/7.0/toolchain/arm/arm-gnu-toolchain/bin/../lib/gcc/arm-none-eabi/6.3.1/../../../../arm-none-eabi/lib/thumb/v7e-m\libc.a(lib_a-fstatr.o)
                0x004033bc                _fstat_r
 .text._isatty_r
                0x004033e4       0x24 c:/program files (x86)/atmel/studio/7.0/toolchain/arm/arm-gnu-toolchain/bin/../lib/gcc/arm-none-eabi/6.3.1/../../../../arm-none-eabi/lib/thumb/v7e-m\libc.a(lib_a-isattyr.o)
                0x004033e4                _isatty_r
 .text._lseek_r
                0x00403408       0x2c c:/program files (x86)/atmel/studio/7.0/toolchain/arm/arm-gnu-toolchain/bin/../lib/gcc/arm-none-eabi/6.3.1/../../../../arm-none-eabi/lib/thumb/v7e-m\libc.a(lib_a-lseekr.o)
                0x00403408                _lseek_r
 .text._read_r  0x00403434       0x2c c:/program files (x86)/atmel/studio/7.0/toolchain/arm/arm-gnu-toolchain/bin/../lib/gcc/arm-none-eabi/6.3.1/../../../../arm-none-eabi/lib/thumb/v7e-m\libc.a(lib_a-readr.o)
                0x00403434                _read_r
 *(.glue_7t)
 .glue_7t       0x00403460        0x0 linker stubs
 *(.glue_7)
 .glue_7        0x00403460        0x0 linker stubs
 *(.rodata .rodata* .gnu.linkonce.r.*)
 .rodata.p_uc_charset10x14
                0x00403460      0x780 src/ASF/sam/components/display/ili9488/ili9488.o
                0x00403460                p_uc_charset10x14
 .rodata.main.str1.4
                0x00403be0       0x28 src/ili9488_example.o
 .rodata._global_impure_ptr
                0x00403c08        0x4 c:/program files (x86)/atmel/studio/7.0/toolchain/arm/arm-gnu-toolchain/bin/../lib/gcc/arm-none-eabi/6.3.1/../../../../arm-none-eabi/lib/thumb/v7e-m\libc.a(lib_a-impure.o)
                0x00403c08                _global_impure_ptr
 .rodata._puts_r.str1.4
                0x00403c0c        0x4 c:/program files (x86)/atmel/studio/7.0/toolchain/arm/arm-gnu-toolchain/bin/../lib/gcc/arm-none-eabi/6.3.1/../../../../arm-none-eabi/lib/thumb/v7e-m\libc.a(lib_a-puts.o)
                                  0x2 (size before relaxing)
 *(.ARM.extab* .gnu.linkonce.armextab.*)
                0x00403c10                . = ALIGN (0x4)
 *(.init)
 .init          0x00403c10        0x4 c:/program files (x86)/atmel/studio/7.0/toolchain/arm/arm-gnu-toolchain/bin/../lib/gcc/arm-none-eabi/6.3.1/thumb/v7e-m/crti.o
                0x00403c10                _init
 .init          0x00403c14        0x8 c:/program files (x86)/atmel/studio/7.0/toolchain/arm/arm-gnu-toolchain/bin/../lib/gcc/arm-none-eabi/6.3.1/thumb/v7e-m/crtn.o
                0x00403c1c                . = ALIGN (0x4)
                0x00403c1c                __preinit_array_start = .
 *(.preinit_array)
                0x00403c1c                __preinit_array_end = .
                0x00403c1c                . = ALIGN (0x4)
                0x00403c1c                __init_array_start = .
 *(SORT(.init_array.*))
 .init_array.00000
                0x00403c1c        0x4 c:/program files (x86)/atmel/studio/7.0/toolchain/arm/arm-gnu-toolchain/bin/../lib/gcc/arm-none-eabi/6.3.1/../../../../arm-none-eabi/lib/thumb/v7e-m\libc.a(lib_a-__call_atexit.o)
 *(.init_array)
 .init_array    0x00403c20        0x4 c:/program files (x86)/atmel/studio/7.0/toolchain/arm/arm-gnu-toolchain/bin/../lib/gcc/arm-none-eabi/6.3.1/thumb/v7e-m/crtbegin.o
                0x00403c24                __init_array_end = .
                0x00403c24                . = ALIGN (0x4)
 *crtbegin.o(.ctors)
 *(EXCLUDE_FILE(*crtend.o) .ctors)
 *(SORT(.ctors.*))
 *crtend.o(.ctors)
                0x00403c24                . = ALIGN (0x4)
 *(.fini)
 .fini          0x00403c24        0x4 c:/program files (x86)/atmel/studio/7.0/toolchain/arm/arm-gnu-toolchain/bin/../lib/gcc/arm-none-eabi/6.3.1/thumb/v7e-m/crti.o
                0x00403c24                _fini
 .fini          0x00403c28        0x8 c:/program files (x86)/atmel/studio/7.0/toolchain/arm/arm-gnu-toolchain/bin/../lib/gcc/arm-none-eabi/6.3.1/thumb/v7e-m/crtn.o
                0x00403c30                . = ALIGN (0x4)
                0x00403c30                __fini_array_start = .
 *(.fini_array)
 .fini_array    0x00403c30        0x4 c:/program files (x86)/atmel/studio/7.0/toolchain/arm/arm-gnu-toolchain/bin/../lib/gcc/arm-none-eabi/6.3.1/thumb/v7e-m/crtbegin.o
 *(SORT(.fini_array.*))
                0x00403c34                __fini_array_end = .
 *crtbegin.o(.dtors)
 *(EXCLUDE_FILE(*crtend.o) .dtors)
 *(SORT(.dtors.*))
 *crtend.o(.dtors)
                0x00403c34                . = ALIGN (0x4)
                0x00403c34                _efixed = .
                [!provide]                PROVIDE (__exidx_start, .)

.vfp11_veneer   0x00403c34        0x0
 .vfp11_veneer  0x00403c34        0x0 linker stubs

.v4_bx          0x00403c34        0x0
 .v4_bx         0x00403c34        0x0 linker stubs

.iplt           0x00403c34        0x0
 .iplt          0x00403c34        0x0 c:/program files (x86)/atmel/studio/7.0/toolchain/arm/arm-gnu-toolchain/bin/../lib/gcc/arm-none-eabi/6.3.1/thumb/v7e-m/crtbegin.o

.eh_frame       0x00403c34        0x0
 .eh_frame      0x00403c34        0x0 c:/program files (x86)/atmel/studio/7.0/toolchain/arm/arm-gnu-toolchain/bin/../lib/gcc/arm-none-eabi/6.3.1/thumb/v7e-m/crtbegin.o

.rel.dyn        0x00403c34        0x0
 .rel.iplt      0x00403c34        0x0 c:/program files (x86)/atmel/studio/7.0/toolchain/arm/arm-gnu-toolchain/bin/../lib/gcc/arm-none-eabi/6.3.1/thumb/v7e-m/crtbegin.o

.jcr            0x00403c34        0x0
 .jcr           0x00403c34        0x0 c:/program files (x86)/atmel/studio/7.0/toolchain/arm/arm-gnu-toolchain/bin/../lib/gcc/arm-none-eabi/6.3.1/thumb/v7e-m/crtbegin.o

.igot.plt       0x00403c34        0x0
 .igot.plt      0x00403c34        0x0 c:/program files (x86)/atmel/studio/7.0/toolchain/arm/arm-gnu-toolchain/bin/../lib/gcc/arm-none-eabi/6.3.1/thumb/v7e-m/crtbegin.o

.ARM.exidx
 *(.ARM.exidx* .gnu.linkonce.armexidx.*)
                [!provide]                PROVIDE (__exidx_end, .)
                0x00403c34                . = ALIGN (0x4)
                0x00403c34                _etext = .

.relocate       0x20400000      0x84c load address 0x00403c34
                0x20400000                . = ALIGN (0x4)
                0x20400000                _srelocate = .
 *(.ramfunc .ramfunc.*)
 *(.data .data.*)
 .data.g_interrupt_enabled
                0x20400000        0x1 src/ASF/common/utils/interrupt/interrupt_sam_nvic.o
                0x20400000                g_interrupt_enabled
 *fill*         0x20400001        0x3 
 .data.SystemCoreClock
                0x20400004        0x4 src/ASF/sam/utils/cmsis/samv71/source/templates/system_samv71.o
                0x20400004                SystemCoreClock
 .data._impure_ptr
                0x20400008        0x4 c:/program files (x86)/atmel/studio/7.0/toolchain/arm/arm-gnu-toolchain/bin/../lib/gcc/arm-none-eabi/6.3.1/../../../../arm-none-eabi/lib/thumb/v7e-m\libc.a(lib_a-impure.o)
                0x20400008                _impure_ptr
 *fill*         0x2040000c        0x4 
 .data.impure_data
                0x20400010      0x428 c:/program files (x86)/atmel/studio/7.0/toolchain/arm/arm-gnu-toolchain/bin/../lib/gcc/arm-none-eabi/6.3.1/../../../../arm-none-eabi/lib/thumb/v7e-m\libc.a(lib_a-impure.o)
 .data.__atexit_recursive_mutex
                0x20400438        0x4 c:/program files (x86)/atmel/studio/7.0/toolchain/arm/arm-gnu-toolchain/bin/../lib/gcc/arm-none-eabi/6.3.1/../../../../arm-none-eabi/lib/thumb/v7e-m\libc.a(lib_a-__call_atexit.o)
                0x20400438                __atexit_recursive_mutex
 .data.__malloc_av_
                0x2040043c      0x408 c:/program files (x86)/atmel/studio/7.0/toolchain/arm/arm-gnu-toolchain/bin/../lib/gcc/arm-none-eabi/6.3.1/../../../../arm-none-eabi/lib/thumb/v7e-m\libc.a(lib_a-mallocr.o)
                0x2040043c                __malloc_av_
 .data.__malloc_sbrk_base
                0x20400844        0x4 c:/program files (x86)/atmel/studio/7.0/toolchain/arm/arm-gnu-toolchain/bin/../lib/gcc/arm-none-eabi/6.3.1/../../../../arm-none-eabi/lib/thumb/v7e-m\libc.a(lib_a-mallocr.o)
                0x20400844                __malloc_sbrk_base
 .data.__malloc_trim_threshold
                0x20400848        0x4 c:/program files (x86)/atmel/studio/7.0/toolchain/arm/arm-gnu-toolchain/bin/../lib/gcc/arm-none-eabi/6.3.1/../../../../arm-none-eabi/lib/thumb/v7e-m\libc.a(lib_a-mallocr.o)
                0x20400848                __malloc_trim_threshold
                0x2040084c                . = ALIGN (0x4)
                0x2040084c                _erelocate = .

.bss            0x2040084c      0x390 load address 0x00404480
                0x2040084c                . = ALIGN (0x4)
                0x2040084c                _sbss = .
                0x2040084c                _szero = .
 *(.bss .bss.*)
 .bss           0x2040084c       0x1c c:/program files (x86)/atmel/studio/7.0/toolchain/arm/arm-gnu-toolchain/bin/../lib/gcc/arm-none-eabi/6.3.1/thumb/v7e-m/crtbegin.o
 .bss.g_ul_pixel_cache
                0x20400868      0x280 src/ASF/sam/components/display/ili9488/ili9488.o
 .bss.gs_interrupt_sources
                0x20400ae8       0x70 src/ASF/sam/drivers/pio/pio_handler.o
 .bss.ul_reg_val.9348
                0x20400b58        0x4 src/ASF/sam/drivers/usart/usart.o
 .bss.heap.6420
                0x20400b5c        0x4 src/ASF/sam/utils/syscalls/gcc/syscalls.o
 .bss.__malloc_current_mallinfo
                0x20400b60       0x28 c:/program files (x86)/atmel/studio/7.0/toolchain/arm/arm-gnu-toolchain/bin/../lib/gcc/arm-none-eabi/6.3.1/../../../../arm-none-eabi/lib/thumb/v7e-m\libc.a(lib_a-mallocr.o)
                0x20400b60                __malloc_current_mallinfo
 .bss.__malloc_max_sbrked_mem
                0x20400b88        0x4 c:/program files (x86)/atmel/studio/7.0/toolchain/arm/arm-gnu-toolchain/bin/../lib/gcc/arm-none-eabi/6.3.1/../../../../arm-none-eabi/lib/thumb/v7e-m\libc.a(lib_a-mallocr.o)
                0x20400b88                __malloc_max_sbrked_mem
 .bss.__malloc_max_total_mem
                0x20400b8c        0x4 c:/program files (x86)/atmel/studio/7.0/toolchain/arm/arm-gnu-toolchain/bin/../lib/gcc/arm-none-eabi/6.3.1/../../../../arm-none-eabi/lib/thumb/v7e-m\libc.a(lib_a-mallocr.o)
                0x20400b8c                __malloc_max_total_mem
 .bss.__malloc_top_pad
                0x20400b90        0x4 c:/program files (x86)/atmel/studio/7.0/toolchain/arm/arm-gnu-toolchain/bin/../lib/gcc/arm-none-eabi/6.3.1/../../../../arm-none-eabi/lib/thumb/v7e-m\libc.a(lib_a-mallocr.o)
                0x20400b90                __malloc_top_pad
 *(COMMON)
 COMMON         0x20400b94        0x4 src/ASF/common/utils/stdio/read.o
                0x20400b94                ptr_get
 COMMON         0x20400b98        0x8 src/ASF/common/utils/stdio/write.o
                0x20400b98                ptr_put
                0x20400b9c                stdio_base
 COMMON         0x20400ba0       0x14 src/ili9488_example.o
                0x20400ba0                g_ul_tick_count
                0x20400ba4                g_ili9488_display_opt
 COMMON         0x20400bb4       0x21 c:/program files (x86)/atmel/studio/7.0/toolchain/arm/arm-gnu-toolchain/bin/../lib/gcc/arm-none-eabi/6.3.1/../../../../arm-none-eabi/lib/thumb/v7e-m\libc.a(lib_a-lock.o)
                0x20400bb4                __lock___atexit_recursive_mutex
                0x20400bb8                __lock___arc4random_mutex
                0x20400bbc                __lock___env_recursive_mutex
                0x20400bc0                __lock___sinit_recursive_mutex
                0x20400bc4                __lock___malloc_recursive_mutex
                0x20400bc8                __lock___at_quick_exit_mutex
                0x20400bcc                __lock___dd_hash_mutex
                0x20400bd0                __lock___tz_mutex
                0x20400bd4                __lock___sfp_recursive_mutex
 *fill*         0x20400bd5        0x3 
 COMMON         0x20400bd8        0x4 c:/program files (x86)/atmel/studio/7.0/toolchain/arm/arm-gnu-toolchain/bin/../lib/gcc/arm-none-eabi/6.3.1/../../../../arm-none-eabi/lib/thumb/v7e-m\libc.a(lib_a-reent.o)
                0x20400bd8                errno
                0x20400bdc                . = ALIGN (0x4)
                0x20400bdc                _ebss = .
                0x20400bdc                _ezero = .

.stack          0x20400bdc     0x2004 load address 0x00404810
                0x20400be0                . = ALIGN (0x8)
 *fill*         0x20400bdc        0x4 
                0x20400be0                _sstack = .
                0x20402be0                . = (. + STACK_SIZE)
 *fill*         0x20400be0     0x2000 
                0x20402be0                . = ALIGN (0x8)
                0x20402be0                _estack = .

.heap           0x20402be0      0x200 load address 0x00406814
                0x20402be0                . = ALIGN (0x8)
                0x20402be0                _sheap = .
                0x20402de0                . = (. + HEAP_SIZE)
 *fill*         0x20402be0      0x200 
                0x20402de0                . = ALIGN (0x8)
                0x20402de0                _eheap = .
                0x20402de0                . = ALIGN (0x4)
                0x20402de0                _end = .
                0x2045ffff                _ram_end_ = ((ORIGIN (ram) + LENGTH (ram)) - 0x1)
OUTPUT(LCD_Example_Proj.elf elf32-littlearm)

.ARM.attributes
                0x00000000       0x2e
 .ARM.attributes
                0x00000000       0x1e c:/program files (x86)/atmel/studio/7.0/toolchain/arm/arm-gnu-toolchain/bin/../lib/gcc/arm-none-eabi/6.3.1/thumb/v7e-m/crti.o
 .ARM.attributes
                0x0000001e       0x2e c:/program files (x86)/atmel/studio/7.0/toolchain/arm/arm-gnu-toolchain/bin/../lib/gcc/arm-none-eabi/6.3.1/thumb/v7e-m/crtbegin.o
 .ARM.attributes
                0x0000004c       0x37 src/ASF/common/services/clock/samv71/sysclk.o
 .ARM.attributes
                0x00000083       0x37 src/ASF/common/utils/interrupt/interrupt_sam_nvic.o
 .ARM.attributes
                0x000000ba       0x37 src/ASF/common/utils/stdio/read.o
 .ARM.attributes
                0x000000f1       0x37 src/ASF/common/utils/stdio/write.o
 .ARM.attributes
                0x00000128       0x37 src/ASF/sam/boards/samv71_xplained_ultra/init.o
 .ARM.attributes
                0x0000015f       0x37 src/ASF/sam/components/display/ili9488/ili9488.o
 .ARM.attributes
                0x00000196       0x37 src/ASF/sam/drivers/ebi/smc/smc.o
 .ARM.attributes
                0x000001cd       0x37 src/ASF/sam/drivers/mpu/mpu.o
 .ARM.attributes
                0x00000204       0x37 src/ASF/sam/drivers/pio/pio.o
 .ARM.attributes
                0x0000023b       0x37 src/ASF/sam/drivers/pio/pio_handler.o
 .ARM.attributes
                0x00000272       0x37 src/ASF/sam/drivers/pmc/pmc.o
 .ARM.attributes
                0x000002a9       0x37 src/ASF/sam/drivers/uart/uart.o
 .ARM.attributes
                0x000002e0       0x37 src/ASF/sam/drivers/usart/usart.o
 .ARM.attributes
                0x00000317       0x37 src/ASF/sam/utils/cmsis/samv71/source/templates/gcc/startup_samv71.o
 .ARM.attributes
                0x0000034e       0x37 src/ASF/sam/utils/cmsis/samv71/source/templates/system_samv71.o
 .ARM.attributes
                0x00000385       0x37 src/ASF/sam/utils/syscalls/gcc/syscalls.o
 .ARM.attributes
                0x000003bc       0x37 src/ili9488_example.o
 .ARM.attributes
                0x000003f3       0x2e c:/program files (x86)/atmel/studio/7.0/toolchain/arm/arm-gnu-toolchain/bin/../lib/gcc/arm-none-eabi/6.3.1/../../../../arm-none-eabi/lib/thumb/v7e-m\libc.a(lib_a-impure.o)
 .ARM.attributes
                0x00000421       0x2e c:/program files (x86)/atmel/studio/7.0/toolchain/arm/arm-gnu-toolchain/bin/../lib/gcc/arm-none-eabi/6.3.1/../../../../arm-none-eabi/lib/thumb/v7e-m\libc.a(lib_a-init.o)
 .ARM.attributes
                0x0000044f       0x2e c:/program files (x86)/atmel/studio/7.0/toolchain/arm/arm-gnu-toolchain/bin/../lib/gcc/arm-none-eabi/6.3.1/../../../../arm-none-eabi/lib/thumb/v7e-m\libc.a(lib_a-memset.o)
 .ARM.attributes
                0x0000047d       0x2e c:/program files (x86)/atmel/studio/7.0/toolchain/arm/arm-gnu-toolchain/bin/../lib/gcc/arm-none-eabi/6.3.1/../../../../arm-none-eabi/lib/thumb/v7e-m\libc.a(lib_a-puts.o)
 .ARM.attributes
                0x000004ab       0x2e c:/program files (x86)/atmel/studio/7.0/toolchain/arm/arm-gnu-toolchain/bin/../lib/gcc/arm-none-eabi/6.3.1/../../../../arm-none-eabi/lib/thumb/v7e-m\libc.a(lib_a-setbuf.o)
 .ARM.attributes
                0x000004d9       0x2e c:/program files (x86)/atmel/studio/7.0/toolchain/arm/arm-gnu-toolchain/bin/../lib/gcc/arm-none-eabi/6.3.1/../../../../arm-none-eabi/lib/thumb/v7e-m\libc.a(lib_a-setvbuf.o)
 .ARM.attributes
                0x00000507       0x1c c:/program files (x86)/atmel/studio/7.0/toolchain/arm/arm-gnu-toolchain/bin/../lib/gcc/arm-none-eabi/6.3.1/../../../../arm-none-eabi/lib/thumb/v7e-m\libc.a(lib_a-strlen.o)
 .ARM.attributes
                0x00000523       0x2e c:/program files (x86)/atmel/studio/7.0/toolchain/arm/arm-gnu-toolchain/bin/../lib/gcc/arm-none-eabi/6.3.1/../../../../arm-none-eabi/lib/thumb/v7e-m\libc.a(lib_a-__call_atexit.o)
 .ARM.attributes
                0x00000551       0x2e c:/program files (x86)/atmel/studio/7.0/toolchain/arm/arm-gnu-toolchain/bin/../lib/gcc/arm-none-eabi/6.3.1/../../../../arm-none-eabi/lib/thumb/v7e-m\libc.a(lib_a-atexit.o)
 .ARM.attributes
                0x0000057f       0x2e c:/program files (x86)/atmel/studio/7.0/toolchain/arm/arm-gnu-toolchain/bin/../lib/gcc/arm-none-eabi/6.3.1/../../../../arm-none-eabi/lib/thumb/v7e-m\libc.a(lib_a-fflush.o)
 .ARM.attributes
                0x000005ad       0x2e c:/program files (x86)/atmel/studio/7.0/toolchain/arm/arm-gnu-toolchain/bin/../lib/gcc/arm-none-eabi/6.3.1/../../../../arm-none-eabi/lib/thumb/v7e-m\libc.a(lib_a-findfp.o)
 .ARM.attributes
                0x000005db       0x2e c:/program files (x86)/atmel/studio/7.0/toolchain/arm/arm-gnu-toolchain/bin/../lib/gcc/arm-none-eabi/6.3.1/../../../../arm-none-eabi/lib/thumb/v7e-m\libc.a(lib_a-fini.o)
 .ARM.attributes
                0x00000609       0x2e c:/program files (x86)/atmel/studio/7.0/toolchain/arm/arm-gnu-toolchain/bin/../lib/gcc/arm-none-eabi/6.3.1/../../../../arm-none-eabi/lib/thumb/v7e-m\libc.a(lib_a-freer.o)
 .ARM.attributes
                0x00000637       0x2e c:/program files (x86)/atmel/studio/7.0/toolchain/arm/arm-gnu-toolchain/bin/../lib/gcc/arm-none-eabi/6.3.1/../../../../arm-none-eabi/lib/thumb/v7e-m\libc.a(lib_a-fvwrite.o)
 .ARM.attributes
                0x00000665       0x2e c:/program files (x86)/atmel/studio/7.0/toolchain/arm/arm-gnu-toolchain/bin/../lib/gcc/arm-none-eabi/6.3.1/../../../../arm-none-eabi/lib/thumb/v7e-m\libc.a(lib_a-fwalk.o)
 .ARM.attributes
                0x00000693       0x2e c:/program files (x86)/atmel/studio/7.0/toolchain/arm/arm-gnu-toolchain/bin/../lib/gcc/arm-none-eabi/6.3.1/../../../../arm-none-eabi/lib/thumb/v7e-m\libc.a(lib_a-lock.o)
 .ARM.attributes
                0x000006c1       0x2e c:/program files (x86)/atmel/studio/7.0/toolchain/arm/arm-gnu-toolchain/bin/../lib/gcc/arm-none-eabi/6.3.1/../../../../arm-none-eabi/lib/thumb/v7e-m\libc.a(lib_a-makebuf.o)
 .ARM.attributes
                0x000006ef       0x2e c:/program files (x86)/atmel/studio/7.0/toolchain/arm/arm-gnu-toolchain/bin/../lib/gcc/arm-none-eabi/6.3.1/../../../../arm-none-eabi/lib/thumb/v7e-m\libc.a(lib_a-malloc.o)
 .ARM.attributes
                0x0000071d       0x2e c:/program files (x86)/atmel/studio/7.0/toolchain/arm/arm-gnu-toolchain/bin/../lib/gcc/arm-none-eabi/6.3.1/../../../../arm-none-eabi/lib/thumb/v7e-m\libc.a(lib_a-mallocr.o)
 .ARM.attributes
                0x0000074b       0x1c c:/program files (x86)/atmel/studio/7.0/toolchain/arm/arm-gnu-toolchain/bin/../lib/gcc/arm-none-eabi/6.3.1/../../../../arm-none-eabi/lib/thumb/v7e-m\libc.a(lib_a-memchr.o)
 .ARM.attributes
                0x00000767       0x1c c:/program files (x86)/atmel/studio/7.0/toolchain/arm/arm-gnu-toolchain/bin/../lib/gcc/arm-none-eabi/6.3.1/../../../../arm-none-eabi/lib/thumb/v7e-m\libc.a(lib_a-memcpy.o)
 .ARM.attributes
                0x00000783       0x2e c:/program files (x86)/atmel/studio/7.0/toolchain/arm/arm-gnu-toolchain/bin/../lib/gcc/arm-none-eabi/6.3.1/../../../../arm-none-eabi/lib/thumb/v7e-m\libc.a(lib_a-memmove.o)
 .ARM.attributes
                0x000007b1       0x2e c:/program files (x86)/atmel/studio/7.0/toolchain/arm/arm-gnu-toolchain/bin/../lib/gcc/arm-none-eabi/6.3.1/../../../../arm-none-eabi/lib/thumb/v7e-m\libc.a(lib_a-mlock.o)
 .ARM.attributes
                0x000007df       0x2e c:/program files (x86)/atmel/studio/7.0/toolchain/arm/arm-gnu-toolchain/bin/../lib/gcc/arm-none-eabi/6.3.1/../../../../arm-none-eabi/lib/thumb/v7e-m\libc.a(lib_a-reallocr.o)
 .ARM.attributes
                0x0000080d       0x2e c:/program files (x86)/atmel/studio/7.0/toolchain/arm/arm-gnu-toolchain/bin/../lib/gcc/arm-none-eabi/6.3.1/../../../../arm-none-eabi/lib/thumb/v7e-m\libc.a(lib_a-sbrkr.o)
 .ARM.attributes
                0x0000083b       0x2e c:/program files (x86)/atmel/studio/7.0/toolchain/arm/arm-gnu-toolchain/bin/../lib/gcc/arm-none-eabi/6.3.1/../../../../arm-none-eabi/lib/thumb/v7e-m\libc.a(lib_a-stdio.o)
 .ARM.attributes
                0x00000869       0x2e c:/program files (x86)/atmel/studio/7.0/toolchain/arm/arm-gnu-toolchain/bin/../lib/gcc/arm-none-eabi/6.3.1/../../../../arm-none-eabi/lib/thumb/v7e-m\libc.a(lib_a-writer.o)
 .ARM.attributes
                0x00000897       0x2e c:/program files (x86)/atmel/studio/7.0/toolchain/arm/arm-gnu-toolchain/bin/../lib/gcc/arm-none-eabi/6.3.1/../../../../arm-none-eabi/lib/thumb/v7e-m\libc.a(lib_a-wsetup.o)
 .ARM.attributes
                0x000008c5       0x2e c:/program files (x86)/atmel/studio/7.0/toolchain/arm/arm-gnu-toolchain/bin/../lib/gcc/arm-none-eabi/6.3.1/../../../../arm-none-eabi/lib/thumb/v7e-m\libc.a(lib_a-__atexit.o)
 .ARM.attributes
                0x000008f3       0x2e c:/program files (x86)/atmel/studio/7.0/toolchain/arm/arm-gnu-toolchain/bin/../lib/gcc/arm-none-eabi/6.3.1/../../../../arm-none-eabi/lib/thumb/v7e-m\libc.a(lib_a-closer.o)
 .ARM.attributes
                0x00000921       0x2e c:/program files (x86)/atmel/studio/7.0/toolchain/arm/arm-gnu-toolchain/bin/../lib/gcc/arm-none-eabi/6.3.1/../../../../arm-none-eabi/lib/thumb/v7e-m\libc.a(lib_a-fclose.o)
 .ARM.attributes
                0x0000094f       0x2e c:/program files (x86)/atmel/studio/7.0/toolchain/arm/arm-gnu-toolchain/bin/../lib/gcc/arm-none-eabi/6.3.1/../../../../arm-none-eabi/lib/thumb/v7e-m\libc.a(lib_a-fstatr.o)
 .ARM.attributes
                0x0000097d       0x2e c:/program files (x86)/atmel/studio/7.0/toolchain/arm/arm-gnu-toolchain/bin/../lib/gcc/arm-none-eabi/6.3.1/../../../../arm-none-eabi/lib/thumb/v7e-m\libc.a(lib_a-isattyr.o)
 .ARM.attributes
                0x000009ab       0x2e c:/program files (x86)/atmel/studio/7.0/toolchain/arm/arm-gnu-toolchain/bin/../lib/gcc/arm-none-eabi/6.3.1/../../../../arm-none-eabi/lib/thumb/v7e-m\libc.a(lib_a-lseekr.o)
 .ARM.attributes
                0x000009d9       0x2e c:/program files (x86)/atmel/studio/7.0/toolchain/arm/arm-gnu-toolchain/bin/../lib/gcc/arm-none-eabi/6.3.1/../../../../arm-none-eabi/lib/thumb/v7e-m\libc.a(lib_a-readr.o)
 .ARM.attributes
                0x00000a07       0x2e c:/program files (x86)/atmel/studio/7.0/toolchain/arm/arm-gnu-toolchain/bin/../lib/gcc/arm-none-eabi/6.3.1/../../../../arm-none-eabi/lib/thumb/v7e-m\libc.a(lib_a-reent.o)
 .ARM.attributes
                0x00000a35       0x1e c:/program files (x86)/atmel/studio/7.0/toolchain/arm/arm-gnu-toolchain/bin/../lib/gcc/arm-none-eabi/6.3.1/thumb/v7e-m/crtn.o

.comment        0x00000000       0x59
 .comment       0x00000000       0x59 src/ASF/common/services/clock/samv71/sysclk.o
                                 0x5a (size before relaxing)
 .comment       0x00000059       0x5a src/ASF/common/utils/interrupt/interrupt_sam_nvic.o
 .comment       0x00000059       0x5a src/ASF/common/utils/stdio/read.o
 .comment       0x00000059       0x5a src/ASF/common/utils/stdio/write.o
 .comment       0x00000059       0x5a src/ASF/sam/boards/samv71_xplained_ultra/init.o
 .comment       0x00000059       0x5a src/ASF/sam/components/display/ili9488/ili9488.o
 .comment       0x00000059       0x5a src/ASF/sam/drivers/ebi/smc/smc.o
 .comment       0x00000059       0x5a src/ASF/sam/drivers/mpu/mpu.o
 .comment       0x00000059       0x5a src/ASF/sam/drivers/pio/pio.o
 .comment       0x00000059       0x5a src/ASF/sam/drivers/pio/pio_handler.o
 .comment       0x00000059       0x5a src/ASF/sam/drivers/pmc/pmc.o
 .comment       0x00000059       0x5a src/ASF/sam/drivers/uart/uart.o
 .comment       0x00000059       0x5a src/ASF/sam/drivers/usart/usart.o
 .comment       0x00000059       0x5a src/ASF/sam/utils/cmsis/samv71/source/templates/gcc/startup_samv71.o
 .comment       0x00000059       0x5a src/ASF/sam/utils/cmsis/samv71/source/templates/system_samv71.o
 .comment       0x00000059       0x5a src/ASF/sam/utils/syscalls/gcc/syscalls.o
 .comment       0x00000059       0x5a src/ili9488_example.o

.debug_info     0x00000000    0x17226
 .debug_info    0x00000000     0x1267 src/ASF/common/services/clock/samv71/sysclk.o
 .debug_info    0x00001267      0xb01 src/ASF/common/utils/interrupt/interrupt_sam_nvic.o
 .debug_info    0x00001d68      0xac9 src/ASF/common/utils/stdio/read.o
 .debug_info    0x00002831      0xac6 src/ASF/common/utils/stdio/write.o
 .debug_info    0x000032f7     0x22f4 src/ASF/sam/boards/samv71_xplained_ultra/init.o
 .debug_info    0x000055eb     0x2cb6 src/ASF/sam/components/display/ili9488/ili9488.o
 .debug_info    0x000082a1      0xcee src/ASF/sam/drivers/ebi/smc/smc.o
 .debug_info    0x00008f8f      0xe1b src/ASF/sam/drivers/mpu/mpu.o
 .debug_info    0x00009daa     0x2150 src/ASF/sam/drivers/pio/pio.o
 .debug_info    0x0000befa     0x1b28 src/ASF/sam/drivers/pio/pio_handler.o
 .debug_info    0x0000da22     0x1e0e src/ASF/sam/drivers/pmc/pmc.o
 .debug_info    0x0000f830     0x103b src/ASF/sam/drivers/uart/uart.o
 .debug_info    0x0001086b     0x2324 src/ASF/sam/drivers/usart/usart.o
 .debug_info    0x00012b8f     0x156a src/ASF/sam/utils/cmsis/samv71/source/templates/gcc/startup_samv71.o
 .debug_info    0x000140f9      0x55b src/ASF/sam/utils/cmsis/samv71/source/templates/system_samv71.o
 .debug_info    0x00014654      0xdb0 src/ASF/sam/utils/syscalls/gcc/syscalls.o
 .debug_info    0x00015404     0x1e22 src/ili9488_example.o

.debug_abbrev   0x00000000     0x30c3
 .debug_abbrev  0x00000000      0x31f src/ASF/common/services/clock/samv71/sysclk.o
 .debug_abbrev  0x0000031f      0x212 src/ASF/common/utils/interrupt/interrupt_sam_nvic.o
 .debug_abbrev  0x00000531      0x1fe src/ASF/common/utils/stdio/read.o
 .debug_abbrev  0x0000072f      0x1e9 src/ASF/common/utils/stdio/write.o
 .debug_abbrev  0x00000918      0x35d src/ASF/sam/boards/samv71_xplained_ultra/init.o
 .debug_abbrev  0x00000c75      0x409 src/ASF/sam/components/display/ili9488/ili9488.o
 .debug_abbrev  0x0000107e      0x205 src/ASF/sam/drivers/ebi/smc/smc.o
 .debug_abbrev  0x00001283      0x328 src/ASF/sam/drivers/mpu/mpu.o
 .debug_abbrev  0x000015ab      0x410 src/ASF/sam/drivers/pio/pio.o
 .debug_abbrev  0x000019bb      0x32f src/ASF/sam/drivers/pio/pio_handler.o
 .debug_abbrev  0x00001cea      0x369 src/ASF/sam/drivers/pmc/pmc.o
 .debug_abbrev  0x00002053      0x26e src/ASF/sam/drivers/uart/uart.o
 .debug_abbrev  0x000022c1      0x3bd src/ASF/sam/drivers/usart/usart.o
 .debug_abbrev  0x0000267e      0x2e4 src/ASF/sam/utils/cmsis/samv71/source/templates/gcc/startup_samv71.o
 .debug_abbrev  0x00002962      0x102 src/ASF/sam/utils/cmsis/samv71/source/templates/system_samv71.o
 .debug_abbrev  0x00002a64      0x264 src/ASF/sam/utils/syscalls/gcc/syscalls.o
 .debug_abbrev  0x00002cc8      0x3fb src/ili9488_example.o

.debug_loc      0x00000000     0x5d87
 .debug_loc     0x00000000      0x183 src/ASF/common/services/clock/samv71/sysclk.o
 .debug_loc     0x00000183       0xb3 src/ASF/common/utils/stdio/read.o
 .debug_loc     0x00000236      0x12b src/ASF/common/utils/stdio/write.o
 .debug_loc     0x00000361      0x3db src/ASF/sam/boards/samv71_xplained_ultra/init.o
 .debug_loc     0x0000073c     0x1b30 src/ASF/sam/components/display/ili9488/ili9488.o
 .debug_loc     0x0000226c       0xe7 src/ASF/sam/drivers/ebi/smc/smc.o
 .debug_loc     0x00002353      0x181 src/ASF/sam/drivers/mpu/mpu.o
 .debug_loc     0x000024d4      0xea4 src/ASF/sam/drivers/pio/pio.o
 .debug_loc     0x00003378      0x588 src/ASF/sam/drivers/pio/pio_handler.o
 .debug_loc     0x00003900      0xce3 src/ASF/sam/drivers/pmc/pmc.o
 .debug_loc     0x000045e3      0x2a3 src/ASF/sam/drivers/uart/uart.o
 .debug_loc     0x00004886      0xf35 src/ASF/sam/drivers/usart/usart.o
 .debug_loc     0x000057bb       0x77 src/ASF/sam/utils/cmsis/samv71/source/templates/gcc/startup_samv71.o
 .debug_loc     0x00005832       0xfd src/ASF/sam/utils/syscalls/gcc/syscalls.o
 .debug_loc     0x0000592f      0x458 src/ili9488_example.o

.debug_aranges  0x00000000      0xb68
 .debug_aranges
                0x00000000       0x40 src/ASF/common/services/clock/samv71/sysclk.o
 .debug_aranges
                0x00000040       0x28 src/ASF/common/utils/interrupt/interrupt_sam_nvic.o
 .debug_aranges
                0x00000068       0x20 src/ASF/common/utils/stdio/read.o
 .debug_aranges
                0x00000088       0x20 src/ASF/common/utils/stdio/write.o
 .debug_aranges
                0x000000a8       0x20 src/ASF/sam/boards/samv71_xplained_ultra/init.o
 .debug_aranges
                0x000000c8      0x138 src/ASF/sam/components/display/ili9488/ili9488.o
 .debug_aranges
                0x00000200       0x50 src/ASF/sam/drivers/ebi/smc/smc.o
 .debug_aranges
                0x00000250       0x48 src/ASF/sam/drivers/mpu/mpu.o
 .debug_aranges
                0x00000298      0x1a8 src/ASF/sam/drivers/pio/pio.o
 .debug_aranges
                0x00000440       0x60 src/ASF/sam/drivers/pio/pio_handler.o
 .debug_aranges
                0x000004a0      0x250 src/ASF/sam/drivers/pmc/pmc.o
 .debug_aranges
                0x000006f0       0xd8 src/ASF/sam/drivers/uart/uart.o
 .debug_aranges
                0x000007c8      0x2a8 src/ASF/sam/drivers/usart/usart.o
 .debug_aranges
                0x00000a70       0x28 src/ASF/sam/utils/cmsis/samv71/source/templates/gcc/startup_samv71.o
 .debug_aranges
                0x00000a98       0x30 src/ASF/sam/utils/cmsis/samv71/source/templates/system_samv71.o
 .debug_aranges
                0x00000ac8       0x60 src/ASF/sam/utils/syscalls/gcc/syscalls.o
 .debug_aranges
                0x00000b28       0x40 src/ili9488_example.o

.debug_ranges   0x00000000      0xbb0
 .debug_ranges  0x00000000       0x30 src/ASF/common/services/clock/samv71/sysclk.o
 .debug_ranges  0x00000030       0x18 src/ASF/common/utils/interrupt/interrupt_sam_nvic.o
 .debug_ranges  0x00000048       0x10 src/ASF/common/utils/stdio/read.o
 .debug_ranges  0x00000058       0x10 src/ASF/common/utils/stdio/write.o
 .debug_ranges  0x00000068       0x10 src/ASF/sam/boards/samv71_xplained_ultra/init.o
 .debug_ranges  0x00000078      0x160 src/ASF/sam/components/display/ili9488/ili9488.o
 .debug_ranges  0x000001d8       0x40 src/ASF/sam/drivers/ebi/smc/smc.o
 .debug_ranges  0x00000218       0x38 src/ASF/sam/drivers/mpu/mpu.o
 .debug_ranges  0x00000250      0x2a0 src/ASF/sam/drivers/pio/pio.o
 .debug_ranges  0x000004f0       0x68 src/ASF/sam/drivers/pio/pio_handler.o
 .debug_ranges  0x00000558      0x240 src/ASF/sam/drivers/pmc/pmc.o
 .debug_ranges  0x00000798       0xc8 src/ASF/sam/drivers/uart/uart.o
 .debug_ranges  0x00000860      0x298 src/ASF/sam/drivers/usart/usart.o
 .debug_ranges  0x00000af8       0x18 src/ASF/sam/utils/cmsis/samv71/source/templates/gcc/startup_samv71.o
 .debug_ranges  0x00000b10       0x20 src/ASF/sam/utils/cmsis/samv71/source/templates/system_samv71.o
 .debug_ranges  0x00000b30       0x50 src/ASF/sam/utils/syscalls/gcc/syscalls.o
 .debug_ranges  0x00000b80       0x30 src/ili9488_example.o

.debug_macro    0x00000000    0x1ff7a
 .debug_macro   0x00000000      0x6e7 src/ASF/common/services/clock/samv71/sysclk.o
 .debug_macro   0x000006e7      0x8d4 src/ASF/common/services/clock/samv71/sysclk.o
 .debug_macro   0x00000fbb      0x64b src/ASF/common/services/clock/samv71/sysclk.o
 .debug_macro   0x00001606       0x3a src/ASF/common/services/clock/samv71/sysclk.o
 .debug_macro   0x00001640      0x16d src/ASF/common/services/clock/samv71/sysclk.o
 .debug_macro   0x000017ad       0x76 src/ASF/common/services/clock/samv71/sysclk.o
 .debug_macro   0x00001823       0x16 src/ASF/common/services/clock/samv71/sysclk.o
 .debug_macro   0x00001839      0x6e4 src/ASF/common/services/clock/samv71/sysclk.o
 .debug_macro   0x00001f1d       0x22 src/ASF/common/services/clock/samv71/sysclk.o
 .debug_macro   0x00001f3f       0x87 src/ASF/common/services/clock/samv71/sysclk.o
 .debug_macro   0x00001fc6       0x51 src/ASF/common/services/clock/samv71/sysclk.o
 .debug_macro   0x00002017       0xef src/ASF/common/services/clock/samv71/sysclk.o
 .debug_macro   0x00002106       0x6a src/ASF/common/services/clock/samv71/sysclk.o
 .debug_macro   0x00002170      0x1df src/ASF/common/services/clock/samv71/sysclk.o
 .debug_macro   0x0000234f       0x4a src/ASF/common/services/clock/samv71/sysclk.o
 .debug_macro   0x00002399       0x3b src/ASF/common/services/clock/samv71/sysclk.o
 .debug_macro   0x000023d4       0x2d src/ASF/common/services/clock/samv71/sysclk.o
 .debug_macro   0x00002401       0x26 src/ASF/common/services/clock/samv71/sysclk.o
 .debug_macro   0x00002427      0xf9a src/ASF/common/services/clock/samv71/sysclk.o
 .debug_macro   0x000033c1      0x175 src/ASF/common/services/clock/samv71/sysclk.o
 .debug_macro   0x00003536      0x257 src/ASF/common/services/clock/samv71/sysclk.o
 .debug_macro   0x0000378d      0xa0f src/ASF/common/services/clock/samv71/sysclk.o
 .debug_macro   0x0000419c      0x1b9 src/ASF/common/services/clock/samv71/sysclk.o
 .debug_macro   0x00004355      0x336 src/ASF/common/services/clock/samv71/sysclk.o
 .debug_macro   0x0000468b      0x15b src/ASF/common/services/clock/samv71/sysclk.o
 .debug_macro   0x000047e6     0x1851 src/ASF/common/services/clock/samv71/sysclk.o
 .debug_macro   0x00006037       0x1c src/ASF/common/services/clock/samv71/sysclk.o
 .debug_macro   0x00006053      0x68d src/ASF/common/services/clock/samv71/sysclk.o
 .debug_macro   0x000066e0      0x31e src/ASF/common/services/clock/samv71/sysclk.o
 .debug_macro   0x000069fe      0x4d4 src/ASF/common/services/clock/samv71/sysclk.o
 .debug_macro   0x00006ed2      0x27c src/ASF/common/services/clock/samv71/sysclk.o
 .debug_macro   0x0000714e     0x1332 src/ASF/common/services/clock/samv71/sysclk.o
 .debug_macro   0x00008480      0x28e src/ASF/common/services/clock/samv71/sysclk.o
 .debug_macro   0x0000870e     0x278d src/ASF/common/services/clock/samv71/sysclk.o
 .debug_macro   0x0000ae9b     0x102b src/ASF/common/services/clock/samv71/sysclk.o
 .debug_macro   0x0000bec6      0xe01 src/ASF/common/services/clock/samv71/sysclk.o
 .debug_macro   0x0000ccc7      0x3b1 src/ASF/common/services/clock/samv71/sysclk.o
 .debug_macro   0x0000d078       0xa0 src/ASF/common/services/clock/samv71/sysclk.o
 .debug_macro   0x0000d118       0x76 src/ASF/common/services/clock/samv71/sysclk.o
 .debug_macro   0x0000d18e      0x409 src/ASF/common/services/clock/samv71/sysclk.o
 .debug_macro   0x0000d597       0x64 src/ASF/common/services/clock/samv71/sysclk.o
 .debug_macro   0x0000d5fb      0x284 src/ASF/common/services/clock/samv71/sysclk.o
 .debug_macro   0x0000d87f      0x1d0 src/ASF/common/services/clock/samv71/sysclk.o
 .debug_macro   0x0000da4f      0x248 src/ASF/common/services/clock/samv71/sysclk.o
 .debug_macro   0x0000dc97      0x524 src/ASF/common/services/clock/samv71/sysclk.o
 .debug_macro   0x0000e1bb      0x63c src/ASF/common/services/clock/samv71/sysclk.o
 .debug_macro   0x0000e7f7      0x6b8 src/ASF/common/services/clock/samv71/sysclk.o
 .debug_macro   0x0000eeaf       0x4c src/ASF/common/services/clock/samv71/sysclk.o
 .debug_macro   0x0000eefb      0x468 src/ASF/common/services/clock/samv71/sysclk.o
 .debug_macro   0x0000f363      0x207 src/ASF/common/services/clock/samv71/sysclk.o
 .debug_macro   0x0000f56a      0x866 src/ASF/common/services/clock/samv71/sysclk.o
 .debug_macro   0x0000fdd0     0x1547 src/ASF/common/services/clock/samv71/sysclk.o
 .debug_macro   0x00011317       0x40 src/ASF/common/services/clock/samv71/sysclk.o
 .debug_macro   0x00011357       0x76 src/ASF/common/services/clock/samv71/sysclk.o
 .debug_macro   0x000113cd      0xdaf src/ASF/common/services/clock/samv71/sysclk.o
 .debug_macro   0x0001217c       0x82 src/ASF/common/services/clock/samv71/sysclk.o
 .debug_macro   0x000121fe       0x76 src/ASF/common/services/clock/samv71/sysclk.o
 .debug_macro   0x00012274       0x4c src/ASF/common/services/clock/samv71/sysclk.o
 .debug_macro   0x000122c0      0x135 src/ASF/common/services/clock/samv71/sysclk.o
 .debug_macro   0x000123f5      0x135 src/ASF/common/services/clock/samv71/sysclk.o
 .debug_macro   0x0001252a      0x135 src/ASF/common/services/clock/samv71/sysclk.o
 .debug_macro   0x0001265f       0x6a src/ASF/common/services/clock/samv71/sysclk.o
 .debug_macro   0x000126c9       0x6a src/ASF/common/services/clock/samv71/sysclk.o
 .debug_macro   0x00012733      0x313 src/ASF/common/services/clock/samv71/sysclk.o
 .debug_macro   0x00012a46       0xb2 src/ASF/common/services/clock/samv71/sysclk.o
 .debug_macro   0x00012af8       0xb2 src/ASF/common/services/clock/samv71/sysclk.o
 .debug_macro   0x00012baa       0xb2 src/ASF/common/services/clock/samv71/sysclk.o
 .debug_macro   0x00012c5c      0x11d src/ASF/common/services/clock/samv71/sysclk.o
 .debug_macro   0x00012d79      0x11d src/ASF/common/services/clock/samv71/sysclk.o
 .debug_macro   0x00012e96      0x2cd src/ASF/common/services/clock/samv71/sysclk.o
 .debug_macro   0x00013163       0xb8 src/ASF/common/services/clock/samv71/sysclk.o
 .debug_macro   0x0001321b       0x5e src/ASF/common/services/clock/samv71/sysclk.o
 .debug_macro   0x00013279       0x40 src/ASF/common/services/clock/samv71/sysclk.o
 .debug_macro   0x000132b9       0x4c src/ASF/common/services/clock/samv71/sysclk.o
 .debug_macro   0x00013305       0xa0 src/ASF/common/services/clock/samv71/sysclk.o
 .debug_macro   0x000133a5      0x494 src/ASF/common/services/clock/samv71/sysclk.o
 .debug_macro   0x00013839      0x135 src/ASF/common/services/clock/samv71/sysclk.o
 .debug_macro   0x0001396e       0x4c src/ASF/common/services/clock/samv71/sysclk.o
 .debug_macro   0x000139ba      0x313 src/ASF/common/services/clock/samv71/sysclk.o
 .debug_macro   0x00013ccd       0x6a src/ASF/common/services/clock/samv71/sysclk.o
 .debug_macro   0x00013d37       0xb8 src/ASF/common/services/clock/samv71/sysclk.o
 .debug_macro   0x00013def       0x76 src/ASF/common/services/clock/samv71/sysclk.o
 .debug_macro   0x00013e65       0x6a src/ASF/common/services/clock/samv71/sysclk.o
 .debug_macro   0x00013ecf       0x2e src/ASF/common/services/clock/samv71/sysclk.o
 .debug_macro   0x00013efd      0x9b1 src/ASF/common/services/clock/samv71/sysclk.o
 .debug_macro   0x000148ae       0x6a src/ASF/common/services/clock/samv71/sysclk.o
 .debug_macro   0x00014918       0x88 src/ASF/common/services/clock/samv71/sysclk.o
 .debug_macro   0x000149a0       0x58 src/ASF/common/services/clock/samv71/sysclk.o
 .debug_macro   0x000149f8       0xa6 src/ASF/common/services/clock/samv71/sysclk.o
 .debug_macro   0x00014a9e       0x16 src/ASF/common/services/clock/samv71/sysclk.o
 .debug_macro   0x00014ab4       0xe2 src/ASF/common/services/clock/samv71/sysclk.o
 .debug_macro   0x00014b96       0x4c src/ASF/common/services/clock/samv71/sysclk.o
 .debug_macro   0x00014be2       0x16 src/ASF/common/services/clock/samv71/sysclk.o
 .debug_macro   0x00014bf8       0x4c src/ASF/common/services/clock/samv71/sysclk.o
 .debug_macro   0x00014c44       0x2e src/ASF/common/services/clock/samv71/sysclk.o
 .debug_macro   0x00014c72      0x1b5 src/ASF/common/services/clock/samv71/sysclk.o
 .debug_macro   0x00014e27      0x1b5 src/ASF/common/services/clock/samv71/sysclk.o
 .debug_macro   0x00014fdc      0x1b5 src/ASF/common/services/clock/samv71/sysclk.o
 .debug_macro   0x00015191      0x1b5 src/ASF/common/services/clock/samv71/sysclk.o
 .debug_macro   0x00015346      0x1b5 src/ASF/common/services/clock/samv71/sysclk.o
 .debug_macro   0x000154fb       0x1c src/ASF/common/services/clock/samv71/sysclk.o
 .debug_macro   0x00015517       0x2e src/ASF/common/services/clock/samv71/sysclk.o
 .debug_macro   0x00015545       0x22 src/ASF/common/services/clock/samv71/sysclk.o
 .debug_macro   0x00015567       0x1c src/ASF/common/services/clock/samv71/sysclk.o
 .debug_macro   0x00015583       0x52 src/ASF/common/services/clock/samv71/sysclk.o
 .debug_macro   0x000155d5       0x10 src/ASF/common/services/clock/samv71/sysclk.o
 .debug_macro   0x000155e5       0x1c src/ASF/common/services/clock/samv71/sysclk.o
 .debug_macro   0x00015601       0x4c src/ASF/common/services/clock/samv71/sysclk.o
 .debug_macro   0x0001564d       0x4c src/ASF/common/services/clock/samv71/sysclk.o
 .debug_macro   0x00015699       0x4c src/ASF/common/services/clock/samv71/sysclk.o
 .debug_macro   0x000156e5      0x329 src/ASF/common/services/clock/samv71/sysclk.o
 .debug_macro   0x00015a0e     0x1037 src/ASF/common/services/clock/samv71/sysclk.o
 .debug_macro   0x00016a45      0x10e src/ASF/common/services/clock/samv71/sysclk.o
 .debug_macro   0x00016b53       0x58 src/ASF/common/services/clock/samv71/sysclk.o
 .debug_macro   0x00016bab       0x35 src/ASF/common/services/clock/samv71/sysclk.o
 .debug_macro   0x00016be0       0x9c src/ASF/common/services/clock/samv71/sysclk.o
 .debug_macro   0x00016c7c       0x16 src/ASF/common/services/clock/samv71/sysclk.o
 .debug_macro   0x00016c92       0x35 src/ASF/common/services/clock/samv71/sysclk.o
 .debug_macro   0x00016cc7      0x353 src/ASF/common/services/clock/samv71/sysclk.o
 .debug_macro   0x0001701a       0x10 src/ASF/common/services/clock/samv71/sysclk.o
 .debug_macro   0x0001702a       0x58 src/ASF/common/services/clock/samv71/sysclk.o
 .debug_macro   0x00017082       0x1f src/ASF/common/services/clock/samv71/sysclk.o
 .debug_macro   0x000170a1       0x43 src/ASF/common/services/clock/samv71/sysclk.o
 .debug_macro   0x000170e4       0x20 src/ASF/common/services/clock/samv71/sysclk.o
 .debug_macro   0x00017104      0x187 src/ASF/common/services/clock/samv71/sysclk.o
 .debug_macro   0x0001728b       0x10 src/ASF/common/services/clock/samv71/sysclk.o
 .debug_macro   0x0001729b       0x1c src/ASF/common/services/clock/samv71/sysclk.o
 .debug_macro   0x000172b7       0x52 src/ASF/common/services/clock/samv71/sysclk.o
 .debug_macro   0x00017309       0x40 src/ASF/common/services/clock/samv71/sysclk.o
 .debug_macro   0x00017349       0x10 src/ASF/common/services/clock/samv71/sysclk.o
 .debug_macro   0x00017359       0x40 src/ASF/common/services/clock/samv71/sysclk.o
 .debug_macro   0x00017399       0xd7 src/ASF/common/services/clock/samv71/sysclk.o
 .debug_macro   0x00017470       0x16 src/ASF/common/services/clock/samv71/sysclk.o
 .debug_macro   0x00017486      0x18b src/ASF/common/services/clock/samv71/sysclk.o
 .debug_macro   0x00017611       0x22 src/ASF/common/services/clock/samv71/sysclk.o
 .debug_macro   0x00017633       0x16 src/ASF/common/services/clock/samv71/sysclk.o
 .debug_macro   0x00017649       0x16 src/ASF/common/services/clock/samv71/sysclk.o
 .debug_macro   0x0001765f       0x29 src/ASF/common/services/clock/samv71/sysclk.o
 .debug_macro   0x00017688       0x75 src/ASF/common/services/clock/samv71/sysclk.o
 .debug_macro   0x000176fd       0x3f src/ASF/common/services/clock/samv71/sysclk.o
 .debug_macro   0x0001773c      0x3ca src/ASF/common/services/clock/samv71/sysclk.o
 .debug_macro   0x00017b06      0x2c0 src/ASF/common/services/clock/samv71/sysclk.o
 .debug_macro   0x00017dc6      0xc8e src/ASF/common/services/clock/samv71/sysclk.o
 .debug_macro   0x00018a54       0x70 src/ASF/common/services/clock/samv71/sysclk.o
 .debug_macro   0x00018ac4       0x64 src/ASF/common/services/clock/samv71/sysclk.o
 .debug_macro   0x00018b28       0x5f src/ASF/common/services/clock/samv71/sysclk.o
 .debug_macro   0x00018b87       0xac src/ASF/common/services/clock/samv71/sysclk.o
 .debug_macro   0x00018c33      0x66b src/ASF/common/utils/interrupt/interrupt_sam_nvic.o
 .debug_macro   0x0001929e      0x66b src/ASF/common/utils/stdio/read.o
 .debug_macro   0x00019909      0x66b src/ASF/common/utils/stdio/write.o
 .debug_macro   0x00019f74      0x72d src/ASF/sam/boards/samv71_xplained_ultra/init.o
 .debug_macro   0x0001a6a1       0x1c src/ASF/sam/boards/samv71_xplained_ultra/init.o
 .debug_macro   0x0001a6bd       0x82 src/ASF/sam/boards/samv71_xplained_ultra/init.o
 .debug_macro   0x0001a73f       0x94 src/ASF/sam/boards/samv71_xplained_ultra/init.o
 .debug_macro   0x0001a7d3      0x1ce src/ASF/sam/boards/samv71_xplained_ultra/init.o
 .debug_macro   0x0001a9a1      0x6ee src/ASF/sam/components/display/ili9488/ili9488.o
 .debug_macro   0x0001b08f       0x10 src/ASF/sam/components/display/ili9488/ili9488.o
 .debug_macro   0x0001b09f      0x428 src/ASF/sam/components/display/ili9488/ili9488.o
 .debug_macro   0x0001b4c7       0x16 src/ASF/sam/components/display/ili9488/ili9488.o
 .debug_macro   0x0001b4dd       0x16 src/ASF/sam/components/display/ili9488/ili9488.o
 .debug_macro   0x0001b4f3      0x691 src/ASF/sam/drivers/ebi/smc/smc.o
 .debug_macro   0x0001bb84      0x67b src/ASF/sam/drivers/mpu/mpu.o
 .debug_macro   0x0001c1ff      0x1c8 src/ASF/sam/drivers/mpu/mpu.o
 .debug_macro   0x0001c3c7      0x681 src/ASF/sam/drivers/pio/pio.o
 .debug_macro   0x0001ca48       0x8e src/ASF/sam/drivers/pio/pio.o
 .debug_macro   0x0001cad6      0x68c src/ASF/sam/drivers/pio/pio_handler.o
 .debug_macro   0x0001d162      0x681 src/ASF/sam/drivers/pmc/pmc.o
 .debug_macro   0x0001d7e3       0x6a src/ASF/sam/drivers/pmc/pmc.o
 .debug_macro   0x0001d84d      0x67b src/ASF/sam/drivers/uart/uart.o
 .debug_macro   0x0001dec8       0x16 src/ASF/sam/drivers/uart/uart.o
 .debug_macro   0x0001dede      0x6b1 src/ASF/sam/drivers/usart/usart.o
 .debug_macro   0x0001e58f       0x34 src/ASF/sam/drivers/usart/usart.o
 .debug_macro   0x0001e5c3      0x67a src/ASF/sam/utils/cmsis/samv71/source/templates/gcc/startup_samv71.o
 .debug_macro   0x0001ec3d       0x10 src/ASF/sam/utils/cmsis/samv71/source/templates/gcc/startup_samv71.o
 .debug_macro   0x0001ec4d      0x469 src/ASF/sam/utils/cmsis/samv71/source/templates/system_samv71.o
 .debug_macro   0x0001f0b6      0x1d6 src/ASF/sam/utils/syscalls/gcc/syscalls.o
 .debug_macro   0x0001f28c       0x52 src/ASF/sam/utils/syscalls/gcc/syscalls.o
 .debug_macro   0x0001f2de       0x8d src/ASF/sam/utils/syscalls/gcc/syscalls.o
 .debug_macro   0x0001f36b       0x57 src/ASF/sam/utils/syscalls/gcc/syscalls.o
 .debug_macro   0x0001f3c2       0x97 src/ASF/sam/utils/syscalls/gcc/syscalls.o
 .debug_macro   0x0001f459       0xf6 src/ASF/sam/utils/syscalls/gcc/syscalls.o
 .debug_macro   0x0001f54f       0x4c src/ASF/sam/utils/syscalls/gcc/syscalls.o
 .debug_macro   0x0001f59b       0x16 src/ASF/sam/utils/syscalls/gcc/syscalls.o
 .debug_macro   0x0001f5b1       0x10 src/ASF/sam/utils/syscalls/gcc/syscalls.o
 .debug_macro   0x0001f5c1       0x10 src/ASF/sam/utils/syscalls/gcc/syscalls.o
 .debug_macro   0x0001f5d1       0x35 src/ASF/sam/utils/syscalls/gcc/syscalls.o
 .debug_macro   0x0001f606      0x122 src/ASF/sam/utils/syscalls/gcc/syscalls.o
 .debug_macro   0x0001f728      0x7e0 src/ili9488_example.o
 .debug_macro   0x0001ff08       0x40 src/ili9488_example.o
 .debug_macro   0x0001ff48       0x16 src/ili9488_example.o
 .debug_macro   0x0001ff5e       0x1c src/ili9488_example.o

.debug_line     0x00000000     0xc69a
 .debug_line    0x00000000      0xb6d src/ASF/common/services/clock/samv71/sysclk.o
 .debug_line    0x00000b6d      0xa13 src/ASF/common/utils/interrupt/interrupt_sam_nvic.o
 .debug_line    0x00001580      0x9f9 src/ASF/common/utils/stdio/read.o
 .debug_line    0x00001f79      0x9f1 src/ASF/common/utils/stdio/write.o
 .debug_line    0x0000296a      0xc74 src/ASF/sam/boards/samv71_xplained_ultra/init.o
 .debug_line    0x000035de      0xf49 src/ASF/sam/components/display/ili9488/ili9488.o
 .debug_line    0x00004527      0xabb src/ASF/sam/drivers/ebi/smc/smc.o
 .debug_line    0x00004fe2      0xaa2 src/ASF/sam/drivers/mpu/mpu.o
 .debug_line    0x00005a84      0xef5 src/ASF/sam/drivers/pio/pio.o
 .debug_line    0x00006979      0xad1 src/ASF/sam/drivers/pio/pio_handler.o
 .debug_line    0x0000744a     0x107d src/ASF/sam/drivers/pmc/pmc.o
 .debug_line    0x000084c7      0xb8b src/ASF/sam/drivers/uart/uart.o
 .debug_line    0x00009052     0x1088 src/ASF/sam/drivers/usart/usart.o
 .debug_line    0x0000a0da      0xa85 src/ASF/sam/utils/cmsis/samv71/source/templates/gcc/startup_samv71.o
 .debug_line    0x0000ab5f      0x7fb src/ASF/sam/utils/cmsis/samv71/source/templates/system_samv71.o
 .debug_line    0x0000b35a      0x40b src/ASF/sam/utils/syscalls/gcc/syscalls.o
 .debug_line    0x0000b765      0xf35 src/ili9488_example.o

.debug_str      0x00000000    0x8d4fc
 .debug_str     0x00000000    0x863a1 src/ASF/common/services/clock/samv71/sysclk.o
                              0x86a62 (size before relaxing)
 .debug_str     0x000863a1       0x94 src/ASF/common/utils/interrupt/interrupt_sam_nvic.o
                              0x81c31 (size before relaxing)
 .debug_str     0x00086435       0x3f src/ASF/common/utils/stdio/read.o
                              0x81bda (size before relaxing)
 .debug_str     0x00086474       0x2e src/ASF/common/utils/stdio/write.o
                              0x81bdb (size before relaxing)
 .debug_str     0x000864a2     0x1bc0 src/ASF/sam/boards/samv71_xplained_ultra/init.o
                              0x882a2 (size before relaxing)
 .debug_str     0x00088062     0x1dc5 src/ASF/sam/components/display/ili9488/ili9488.o
                              0x881b2 (size before relaxing)
 .debug_str     0x00089e27       0xcf src/ASF/sam/drivers/ebi/smc/smc.o
                              0x85c97 (size before relaxing)
 .debug_str     0x00089ef6      0x137 src/ASF/sam/drivers/mpu/mpu.o
                              0x82977 (size before relaxing)
 .debug_str     0x0008a02d      0x561 src/ASF/sam/drivers/pio/pio.o
                              0x82787 (size before relaxing)
 .debug_str     0x0008a58e      0x462 src/ASF/sam/drivers/pio/pio_handler.o
                              0x828b2 (size before relaxing)
 .debug_str     0x0008a9f0      0x6b5 src/ASF/sam/drivers/pmc/pmc.o
                              0x828eb (size before relaxing)
 .debug_str     0x0008b0a5      0x2f6 src/ASF/sam/drivers/uart/uart.o
                              0x81ee1 (size before relaxing)
 .debug_str     0x0008b39b      0xb63 src/ASF/sam/drivers/usart/usart.o
                              0x82779 (size before relaxing)
 .debug_str     0x0008befe      0x664 src/ASF/sam/utils/cmsis/samv71/source/templates/gcc/startup_samv71.o
                              0x82400 (size before relaxing)
 .debug_str     0x0008c562      0x137 src/ASF/sam/utils/cmsis/samv71/source/templates/system_samv71.o
                              0x7250a (size before relaxing)
 .debug_str     0x0008c699      0x768 src/ASF/sam/utils/syscalls/gcc/syscalls.o
                               0x749e (size before relaxing)
 .debug_str     0x0008ce01      0x6fb src/ili9488_example.o
                              0x89ef8 (size before relaxing)

.debug_frame    0x00000000     0x22a0
 .debug_frame   0x00000000       0x88 src/ASF/common/services/clock/samv71/sysclk.o
 .debug_frame   0x00000088       0x30 src/ASF/common/utils/interrupt/interrupt_sam_nvic.o
 .debug_frame   0x000000b8       0x30 src/ASF/common/utils/stdio/read.o
 .debug_frame   0x000000e8       0x48 src/ASF/common/utils/stdio/write.o
 .debug_frame   0x00000130       0x30 src/ASF/sam/boards/samv71_xplained_ultra/init.o
 .debug_frame   0x00000160      0x44c src/ASF/sam/components/display/ili9488/ili9488.o
 .debug_frame   0x000005ac       0x80 src/ASF/sam/drivers/ebi/smc/smc.o
 .debug_frame   0x0000062c       0x84 src/ASF/sam/drivers/mpu/mpu.o
 .debug_frame   0x000006b0      0x390 src/ASF/sam/drivers/pio/pio.o
 .debug_frame   0x00000a40      0x110 src/ASF/sam/drivers/pio/pio_handler.o
 .debug_frame   0x00000b50      0x494 src/ASF/sam/drivers/pmc/pmc.o
 .debug_frame   0x00000fe4      0x19c src/ASF/sam/drivers/uart/uart.o
 .debug_frame   0x00001180      0x5c0 src/ASF/sam/drivers/usart/usart.o
 .debug_frame   0x00001740       0x38 src/ASF/sam/utils/cmsis/samv71/source/templates/gcc/startup_samv71.o
 .debug_frame   0x00001778       0x40 src/ASF/sam/utils/cmsis/samv71/source/templates/system_samv71.o
 .debug_frame   0x000017b8       0xa0 src/ASF/sam/utils/syscalls/gcc/syscalls.o
 .debug_frame   0x00001858       0x98 src/ili9488_example.o
 .debug_frame   0x000018f0       0x2c c:/program files (x86)/atmel/studio/7.0/toolchain/arm/arm-gnu-toolchain/bin/../lib/gcc/arm-none-eabi/6.3.1/../../../../arm-none-eabi/lib/thumb/v7e-m\libc.a(lib_a-init.o)
 .debug_frame   0x0000191c       0x34 c:/program files (x86)/atmel/studio/7.0/toolchain/arm/arm-gnu-toolchain/bin/../lib/gcc/arm-none-eabi/6.3.1/../../../../arm-none-eabi/lib/thumb/v7e-m\libc.a(lib_a-memset.o)
 .debug_frame   0x00001950       0x4c c:/program files (x86)/atmel/studio/7.0/toolchain/arm/arm-gnu-toolchain/bin/../lib/gcc/arm-none-eabi/6.3.1/../../../../arm-none-eabi/lib/thumb/v7e-m\libc.a(lib_a-puts.o)
 .debug_frame   0x0000199c       0x20 c:/program files (x86)/atmel/studio/7.0/toolchain/arm/arm-gnu-toolchain/bin/../lib/gcc/arm-none-eabi/6.3.1/../../../../arm-none-eabi/lib/thumb/v7e-m\libc.a(lib_a-setbuf.o)
 .debug_frame   0x000019bc       0x48 c:/program files (x86)/atmel/studio/7.0/toolchain/arm/arm-gnu-toolchain/bin/../lib/gcc/arm-none-eabi/6.3.1/../../../../arm-none-eabi/lib/thumb/v7e-m\libc.a(lib_a-setvbuf.o)
 .debug_frame   0x00001a04       0x5c c:/program files (x86)/atmel/studio/7.0/toolchain/arm/arm-gnu-toolchain/bin/../lib/gcc/arm-none-eabi/6.3.1/../../../../arm-none-eabi/lib/thumb/v7e-m\libc.a(lib_a-__call_atexit.o)
 .debug_frame   0x00001a60       0x20 c:/program files (x86)/atmel/studio/7.0/toolchain/arm/arm-gnu-toolchain/bin/../lib/gcc/arm-none-eabi/6.3.1/../../../../arm-none-eabi/lib/thumb/v7e-m\libc.a(lib_a-atexit.o)
 .debug_frame   0x00001a80       0x5c c:/program files (x86)/atmel/studio/7.0/toolchain/arm/arm-gnu-toolchain/bin/../lib/gcc/arm-none-eabi/6.3.1/../../../../arm-none-eabi/lib/thumb/v7e-m\libc.a(lib_a-fflush.o)
 .debug_frame   0x00001adc      0x148 c:/program files (x86)/atmel/studio/7.0/toolchain/arm/arm-gnu-toolchain/bin/../lib/gcc/arm-none-eabi/6.3.1/../../../../arm-none-eabi/lib/thumb/v7e-m\libc.a(lib_a-findfp.o)
 .debug_frame   0x00001c24       0x34 c:/program files (x86)/atmel/studio/7.0/toolchain/arm/arm-gnu-toolchain/bin/../lib/gcc/arm-none-eabi/6.3.1/../../../../arm-none-eabi/lib/thumb/v7e-m\libc.a(lib_a-fini.o)
 .debug_frame   0x00001c58       0x74 c:/program files (x86)/atmel/studio/7.0/toolchain/arm/arm-gnu-toolchain/bin/../lib/gcc/arm-none-eabi/6.3.1/../../../../arm-none-eabi/lib/thumb/v7e-m\libc.a(lib_a-freer.o)
 .debug_frame   0x00001ccc       0x68 c:/program files (x86)/atmel/studio/7.0/toolchain/arm/arm-gnu-toolchain/bin/../lib/gcc/arm-none-eabi/6.3.1/../../../../arm-none-eabi/lib/thumb/v7e-m\libc.a(lib_a-fvwrite.o)
 .debug_frame   0x00001d34       0x54 c:/program files (x86)/atmel/studio/7.0/toolchain/arm/arm-gnu-toolchain/bin/../lib/gcc/arm-none-eabi/6.3.1/../../../../arm-none-eabi/lib/thumb/v7e-m\libc.a(lib_a-fwalk.o)
 .debug_frame   0x00001d88       0xb0 c:/program files (x86)/atmel/studio/7.0/toolchain/arm/arm-gnu-toolchain/bin/../lib/gcc/arm-none-eabi/6.3.1/../../../../arm-none-eabi/lib/thumb/v7e-m\libc.a(lib_a-lock.o)
 .debug_frame   0x00001e38       0x68 c:/program files (x86)/atmel/studio/7.0/toolchain/arm/arm-gnu-toolchain/bin/../lib/gcc/arm-none-eabi/6.3.1/../../../../arm-none-eabi/lib/thumb/v7e-m\libc.a(lib_a-makebuf.o)
 .debug_frame   0x00001ea0       0x30 c:/program files (x86)/atmel/studio/7.0/toolchain/arm/arm-gnu-toolchain/bin/../lib/gcc/arm-none-eabi/6.3.1/../../../../arm-none-eabi/lib/thumb/v7e-m\libc.a(lib_a-malloc.o)
 .debug_frame   0x00001ed0       0x58 c:/program files (x86)/atmel/studio/7.0/toolchain/arm/arm-gnu-toolchain/bin/../lib/gcc/arm-none-eabi/6.3.1/../../../../arm-none-eabi/lib/thumb/v7e-m\libc.a(lib_a-mallocr.o)
 .debug_frame   0x00001f28       0x30 c:/program files (x86)/atmel/studio/7.0/toolchain/arm/arm-gnu-toolchain/bin/../lib/gcc/arm-none-eabi/6.3.1/../../../../arm-none-eabi/lib/thumb/v7e-m\libc.a(lib_a-memmove.o)
 .debug_frame   0x00001f58       0x30 c:/program files (x86)/atmel/studio/7.0/toolchain/arm/arm-gnu-toolchain/bin/../lib/gcc/arm-none-eabi/6.3.1/../../../../arm-none-eabi/lib/thumb/v7e-m\libc.a(lib_a-mlock.o)
 .debug_frame   0x00001f88       0x68 c:/program files (x86)/atmel/studio/7.0/toolchain/arm/arm-gnu-toolchain/bin/../lib/gcc/arm-none-eabi/6.3.1/../../../../arm-none-eabi/lib/thumb/v7e-m\libc.a(lib_a-reallocr.o)
 .debug_frame   0x00001ff0       0x2c c:/program files (x86)/atmel/studio/7.0/toolchain/arm/arm-gnu-toolchain/bin/../lib/gcc/arm-none-eabi/6.3.1/../../../../arm-none-eabi/lib/thumb/v7e-m\libc.a(lib_a-sbrkr.o)
 .debug_frame   0x0000201c       0x88 c:/program files (x86)/atmel/studio/7.0/toolchain/arm/arm-gnu-toolchain/bin/../lib/gcc/arm-none-eabi/6.3.1/../../../../arm-none-eabi/lib/thumb/v7e-m\libc.a(lib_a-stdio.o)
 .debug_frame   0x000020a4       0x2c c:/program files (x86)/atmel/studio/7.0/toolchain/arm/arm-gnu-toolchain/bin/../lib/gcc/arm-none-eabi/6.3.1/../../../../arm-none-eabi/lib/thumb/v7e-m\libc.a(lib_a-writer.o)
 .debug_frame   0x000020d0       0x2c c:/program files (x86)/atmel/studio/7.0/toolchain/arm/arm-gnu-toolchain/bin/../lib/gcc/arm-none-eabi/6.3.1/../../../../arm-none-eabi/lib/thumb/v7e-m\libc.a(lib_a-wsetup.o)
 .debug_frame   0x000020fc       0x34 c:/program files (x86)/atmel/studio/7.0/toolchain/arm/arm-gnu-toolchain/bin/../lib/gcc/arm-none-eabi/6.3.1/../../../../arm-none-eabi/lib/thumb/v7e-m\libc.a(lib_a-__atexit.o)
 .debug_frame   0x00002130       0x2c c:/program files (x86)/atmel/studio/7.0/toolchain/arm/arm-gnu-toolchain/bin/../lib/gcc/arm-none-eabi/6.3.1/../../../../arm-none-eabi/lib/thumb/v7e-m\libc.a(lib_a-closer.o)
 .debug_frame   0x0000215c       0x3c c:/program files (x86)/atmel/studio/7.0/toolchain/arm/arm-gnu-toolchain/bin/../lib/gcc/arm-none-eabi/6.3.1/../../../../arm-none-eabi/lib/thumb/v7e-m\libc.a(lib_a-fclose.o)
 .debug_frame   0x00002198       0x2c c:/program files (x86)/atmel/studio/7.0/toolchain/arm/arm-gnu-toolchain/bin/../lib/gcc/arm-none-eabi/6.3.1/../../../../arm-none-eabi/lib/thumb/v7e-m\libc.a(lib_a-fstatr.o)
 .debug_frame   0x000021c4       0x2c c:/program files (x86)/atmel/studio/7.0/toolchain/arm/arm-gnu-toolchain/bin/../lib/gcc/arm-none-eabi/6.3.1/../../../../arm-none-eabi/lib/thumb/v7e-m\libc.a(lib_a-isattyr.o)
 .debug_frame   0x000021f0       0x2c c:/program files (x86)/atmel/studio/7.0/toolchain/arm/arm-gnu-toolchain/bin/../lib/gcc/arm-none-eabi/6.3.1/../../../../arm-none-eabi/lib/thumb/v7e-m\libc.a(lib_a-lseekr.o)
 .debug_frame   0x0000221c       0x2c c:/program files (x86)/atmel/studio/7.0/toolchain/arm/arm-gnu-toolchain/bin/../lib/gcc/arm-none-eabi/6.3.1/../../../../arm-none-eabi/lib/thumb/v7e-m\libc.a(lib_a-readr.o)
 .debug_frame   0x00002248       0x58 c:/program files (x86)/atmel/studio/7.0/toolchain/arm/arm-gnu-toolchain/bin/../lib/gcc/arm-none-eabi/6.3.1/../../../../arm-none-eabi/lib/thumb/v7e-m\libc.a(lib_a-reent.o)

Cross Reference Table

Symbol                                            File
ACC_Handler                                       src/ASF/sam/utils/cmsis/samv71/source/templates/gcc/startup_samv71.o
AES_Handler                                       src/ASF/sam/utils/cmsis/samv71/source/templates/gcc/startup_samv71.o
AFEC0_Handler                                     src/ASF/sam/utils/cmsis/samv71/source/templates/gcc/startup_samv71.o
AFEC1_Handler                                     src/ASF/sam/utils/cmsis/samv71/source/templates/gcc/startup_samv71.o
BusFault_Handler                                  src/ASF/sam/utils/cmsis/samv71/source/templates/gcc/startup_samv71.o
DACC_Handler                                      src/ASF/sam/utils/cmsis/samv71/source/templates/gcc/startup_samv71.o
DebugMon_Handler                                  src/ASF/sam/utils/cmsis/samv71/source/templates/gcc/startup_samv71.o
Dummy_Handler                                     src/ASF/sam/utils/cmsis/samv71/source/templates/gcc/startup_samv71.o
EFC_Handler                                       src/ASF/sam/utils/cmsis/samv71/source/templates/gcc/startup_samv71.o
GMAC_Handler                                      src/ASF/sam/utils/cmsis/samv71/source/templates/gcc/startup_samv71.o
HSMCI_Handler                                     src/ASF/sam/utils/cmsis/samv71/source/templates/gcc/startup_samv71.o
HardFault_Handler                                 src/ASF/sam/utils/cmsis/samv71/source/templates/gcc/startup_samv71.o
ICM_Handler                                       src/ASF/sam/utils/cmsis/samv71/source/templates/gcc/startup_samv71.o
ISI_Handler                                       src/ASF/sam/utils/cmsis/samv71/source/templates/gcc/startup_samv71.o
MCAN0_Handler                                     src/ASF/sam/utils/cmsis/samv71/source/templates/gcc/startup_samv71.o
MCAN1_Handler                                     src/ASF/sam/utils/cmsis/samv71/source/templates/gcc/startup_samv71.o
MLB_Handler                                       src/ASF/sam/utils/cmsis/samv71/source/templates/gcc/startup_samv71.o
MemManage_Handler                                 src/ASF/sam/utils/cmsis/samv71/source/templates/gcc/startup_samv71.o
NMI_Handler                                       src/ASF/sam/utils/cmsis/samv71/source/templates/gcc/startup_samv71.o
PIOA_Handler                                      src/ASF/sam/drivers/pio/pio_handler.o
PIOB_Handler                                      src/ASF/sam/drivers/pio/pio_handler.o
PIOC_Handler                                      src/ASF/sam/drivers/pio/pio_handler.o
PIOD_Handler                                      src/ASF/sam/drivers/pio/pio_handler.o
PIOE_Handler                                      src/ASF/sam/drivers/pio/pio_handler.o
PMC_Handler                                       src/ASF/sam/utils/cmsis/samv71/source/templates/gcc/startup_samv71.o
PWM0_Handler                                      src/ASF/sam/utils/cmsis/samv71/source/templates/gcc/startup_samv71.o
PWM1_Handler                                      src/ASF/sam/utils/cmsis/samv71/source/templates/gcc/startup_samv71.o
PendSV_Handler                                    src/ASF/sam/utils/cmsis/samv71/source/templates/gcc/startup_samv71.o
QSPI_Handler                                      src/ASF/sam/utils/cmsis/samv71/source/templates/gcc/startup_samv71.o
RSTC_Handler                                      src/ASF/sam/utils/cmsis/samv71/source/templates/gcc/startup_samv71.o
RSWDT_Handler                                     src/ASF/sam/utils/cmsis/samv71/source/templates/gcc/startup_samv71.o
RTC_Handler                                       src/ASF/sam/utils/cmsis/samv71/source/templates/gcc/startup_samv71.o